[0.133s] DEBUG:colcon:Command line arguments: ['/usr/bin/colcon', 'build']
[0.133s] DEBUG:colcon:Parsed command line arguments: Namespace(log_base=None, log_level=None, verb_name='build', build_base='build', install_base='install', merge_install=False, symlink_install=False, test_result_base=None, continue_on_error=False, executor='parallel', parallel_workers=16, event_handlers=None, ignore_user_meta=False, metas=['./colcon.meta'], base_paths=['.'], packages_ignore=None, packages_ignore_regex=None, paths=None, packages_up_to=None, packages_up_to_regex=None, packages_above=None, packages_above_and_dependencies=None, packages_above_depth=None, packages_select_by_dep=None, packages_skip_by_dep=None, packages_skip_up_to=None, packages_select_build_failed=False, packages_skip_build_finished=False, packages_select_test_failures=False, packages_skip_test_passed=False, packages_select=None, packages_skip=None, packages_select_regex=None, packages_skip_regex=None, packages_start=None, packages_end=None, allow_overriding=[], cmake_args=None, cmake_target=None, cmake_target_skip_unavailable=False, cmake_clean_cache=False, cmake_clean_first=False, cmake_force_configure=False, ament_cmake_args=None, catkin_cmake_args=None, catkin_skip_building_tests=False, verb_parser=<colcon_defaults.argument_parser.defaults.DefaultArgumentsDecorator object at 0x7deaacc8f7a0>, verb_extension=<colcon_core.verb.build.BuildVerb object at 0x7deaacdd6ba0>, main=<bound method BuildVerb.main of <colcon_core.verb.build.BuildVerb object at 0x7deaacdd6ba0>>)
[0.185s] Level 1:colcon.colcon_core.package_discovery:discover_packages(colcon_meta) check parameters
[0.185s] Level 1:colcon.colcon_core.package_discovery:discover_packages(recursive) check parameters
[0.185s] Level 1:colcon.colcon_core.package_discovery:discover_packages(ignore) check parameters
[0.185s] Level 1:colcon.colcon_core.package_discovery:discover_packages(path) check parameters
[0.185s] Level 1:colcon.colcon_core.package_discovery:discover_packages(colcon_meta) discover
[0.185s] Level 1:colcon.colcon_core.package_discovery:discover_packages(recursive) discover
[0.185s] INFO:colcon.colcon_core.package_discovery:Crawling recursively for packages in '/home/thundersen48/projects/waffle'
[0.185s] Level 1:colcon.colcon_core.package_identification:_identify(.) by extensions ['ignore', 'ignore_ament_install']
[0.185s] Level 1:colcon.colcon_core.package_identification:_identify(.) by extension 'ignore'
[0.185s] Level 1:colcon.colcon_core.package_identification:_identify(.) by extension 'ignore_ament_install'
[0.185s] Level 1:colcon.colcon_core.package_identification:_identify(.) by extensions ['colcon_pkg']
[0.185s] Level 1:colcon.colcon_core.package_identification:_identify(.) by extension 'colcon_pkg'
[0.185s] Level 1:colcon.colcon_core.package_identification:_identify(.) by extensions ['colcon_meta']
[0.185s] Level 1:colcon.colcon_core.package_identification:_identify(.) by extension 'colcon_meta'
[0.185s] Level 1:colcon.colcon_core.package_identification:_identify(.) by extensions ['ros']
[0.185s] Level 1:colcon.colcon_core.package_identification:_identify(.) by extension 'ros'
[0.208s] Level 1:colcon.colcon_core.package_identification:_identify(.) by extensions ['cmake', 'python']
[0.208s] Level 1:colcon.colcon_core.package_identification:_identify(.) by extension 'cmake'
[0.208s] Level 1:colcon.colcon_core.package_identification:_identify(.) by extension 'python'
[0.208s] Level 1:colcon.colcon_core.package_identification:_identify(.) by extensions ['python_setup_py']
[0.208s] Level 1:colcon.colcon_core.package_identification:_identify(.) by extension 'python_setup_py'
[0.208s] Level 1:colcon.colcon_core.package_identification:_identify(build) by extensions ['ignore', 'ignore_ament_install']
[0.208s] Level 1:colcon.colcon_core.package_identification:_identify(build) by extension 'ignore'
[0.208s] Level 1:colcon.colcon_core.package_identification:_identify(build) ignored
[0.208s] Level 1:colcon.colcon_core.package_identification:_identify(install) by extensions ['ignore', 'ignore_ament_install']
[0.208s] Level 1:colcon.colcon_core.package_identification:_identify(install) by extension 'ignore'
[0.208s] Level 1:colcon.colcon_core.package_identification:_identify(install) ignored
[0.208s] Level 1:colcon.colcon_core.package_identification:_identify(log) by extensions ['ignore', 'ignore_ament_install']
[0.208s] Level 1:colcon.colcon_core.package_identification:_identify(log) by extension 'ignore'
[0.208s] Level 1:colcon.colcon_core.package_identification:_identify(log) ignored
[0.208s] Level 1:colcon.colcon_core.package_identification:_identify(overcross) by extensions ['ignore', 'ignore_ament_install']
[0.209s] Level 1:colcon.colcon_core.package_identification:_identify(overcross) by extension 'ignore'
[0.209s] Level 1:colcon.colcon_core.package_identification:_identify(overcross) by extension 'ignore_ament_install'
[0.209s] Level 1:colcon.colcon_core.package_identification:_identify(overcross) by extensions ['colcon_pkg']
[0.209s] Level 1:colcon.colcon_core.package_identification:_identify(overcross) by extension 'colcon_pkg'
[0.209s] Level 1:colcon.colcon_core.package_identification:_identify(overcross) by extensions ['colcon_meta']
[0.209s] Level 1:colcon.colcon_core.package_identification:_identify(overcross) by extension 'colcon_meta'
[0.209s] Level 1:colcon.colcon_core.package_identification:_identify(overcross) by extensions ['ros']
[0.209s] Level 1:colcon.colcon_core.package_identification:_identify(overcross) by extension 'ros'
[0.209s] Level 1:colcon.colcon_core.package_identification:_identify(overcross) by extensions ['cmake', 'python']
[0.209s] Level 1:colcon.colcon_core.package_identification:_identify(overcross) by extension 'cmake'
[0.209s] Level 1:colcon.colcon_core.package_identification:_identify(overcross) by extension 'python'
[0.209s] Level 1:colcon.colcon_core.package_identification:_identify(overcross) by extensions ['python_setup_py']
[0.209s] Level 1:colcon.colcon_core.package_identification:_identify(overcross) by extension 'python_setup_py'
[0.209s] Level 1:colcon.colcon_core.package_identification:_identify(waffle) by extensions ['ignore', 'ignore_ament_install']
[0.209s] Level 1:colcon.colcon_core.package_identification:_identify(waffle) by extension 'ignore'
[0.209s] Level 1:colcon.colcon_core.package_identification:_identify(waffle) by extension 'ignore_ament_install'
[0.209s] Level 1:colcon.colcon_core.package_identification:_identify(waffle) by extensions ['colcon_pkg']
[0.209s] Level 1:colcon.colcon_core.package_identification:_identify(waffle) by extension 'colcon_pkg'
[0.209s] Level 1:colcon.colcon_core.package_identification:_identify(waffle) by extensions ['colcon_meta']
[0.209s] Level 1:colcon.colcon_core.package_identification:_identify(waffle) by extension 'colcon_meta'
[0.209s] Level 1:colcon.colcon_core.package_identification:_identify(waffle) by extensions ['ros']
[0.209s] Level 1:colcon.colcon_core.package_identification:_identify(waffle) by extension 'ros'
[0.212s] DEBUG:colcon.colcon_core.package_identification:Package 'waffle' with type 'ros.ament_cmake' and name 'waffle'
[0.212s] Level 1:colcon.colcon_core.package_discovery:discover_packages(recursive) using defaults
[0.212s] Level 1:colcon.colcon_core.package_discovery:discover_packages(ignore) discover
[0.212s] Level 1:colcon.colcon_core.package_discovery:discover_packages(ignore) using defaults
[0.212s] Level 1:colcon.colcon_core.package_discovery:discover_packages(path) discover
[0.212s] Level 1:colcon.colcon_core.package_discovery:discover_packages(path) using defaults
[0.231s] Level 1:colcon.colcon_core.package_discovery:discover_packages(prefix_path) check parameters
[0.231s] Level 1:colcon.colcon_core.package_discovery:discover_packages(prefix_path) discover
[0.235s] DEBUG:colcon.colcon_installed_package_information.package_discovery:Found 540 installed packages in /opt/ros/jazzy
[0.236s] Level 1:colcon.colcon_core.package_discovery:discover_packages(prefix_path) using defaults
[0.295s] Level 5:colcon.colcon_core.verb:set package 'waffle' build argument 'cmake_args' from command line to 'None'
[0.296s] Level 5:colcon.colcon_core.verb:set package 'waffle' build argument 'cmake_target' from command line to 'None'
[0.296s] Level 5:colcon.colcon_core.verb:set package 'waffle' build argument 'cmake_target_skip_unavailable' from command line to 'False'
[0.296s] Level 5:colcon.colcon_core.verb:set package 'waffle' build argument 'cmake_clean_cache' from command line to 'False'
[0.296s] Level 5:colcon.colcon_core.verb:set package 'waffle' build argument 'cmake_clean_first' from command line to 'False'
[0.296s] Level 5:colcon.colcon_core.verb:set package 'waffle' build argument 'cmake_force_configure' from command line to 'False'
[0.296s] Level 5:colcon.colcon_core.verb:set package 'waffle' build argument 'ament_cmake_args' from command line to 'None'
[0.296s] Level 5:colcon.colcon_core.verb:set package 'waffle' build argument 'catkin_cmake_args' from command line to 'None'
[0.296s] Level 5:colcon.colcon_core.verb:set package 'waffle' build argument 'catkin_skip_building_tests' from command line to 'False'
[0.296s] DEBUG:colcon.colcon_core.verb:Building package 'waffle' with the following arguments: {'ament_cmake_args': None, 'build_base': '/home/thundersen48/projects/waffle/build/waffle', 'catkin_cmake_args': None, 'catkin_skip_building_tests': False, 'cmake_args': None, 'cmake_clean_cache': False, 'cmake_clean_first': False, 'cmake_force_configure': False, 'cmake_target': None, 'cmake_target_skip_unavailable': False, 'install_base': '/home/thundersen48/projects/waffle/install/waffle', 'merge_install': False, 'path': '/home/thundersen48/projects/waffle/waffle', 'symlink_install': False, 'test_result_base': None}
[0.296s] INFO:colcon.colcon_core.executor:Executing jobs using 'parallel' executor
[0.296s] DEBUG:colcon.colcon_parallel_executor.executor.parallel:run_until_complete
[0.296s] INFO:colcon.colcon_ros.task.ament_cmake.build:Building ROS package in '/home/thundersen48/projects/waffle/waffle' with build type 'ament_cmake'
[0.297s] INFO:colcon.colcon_cmake.task.cmake.build:Building CMake package in '/home/thundersen48/projects/waffle/waffle'
[0.301s] INFO:colcon.colcon_core.plugin_system:Skipping extension 'colcon_core.shell.bat': Not used on non-Windows systems
[0.301s] INFO:colcon.colcon_core.shell:Skip shell extension 'powershell' for command environment: Not usable outside of PowerShell
[0.301s] DEBUG:colcon.colcon_core.shell:Skip shell extension 'dsv' for command environment
[0.308s] DEBUG:colcon.colcon_core.event_handler.log_command:Invoking command in '/home/thundersen48/projects/waffle/build/waffle': CMAKE_PREFIX_PATH=${CMAKE_PREFIX_PATH}:/opt/ros/jazzy DEBUGINFOD_URLS=https://debuginfod.ubuntu.com /usr/bin/cmake --build /home/thundersen48/projects/waffle/build/waffle -- -j16 -l16
[0.368s] DEBUG:colcon.colcon_core.event_handler.log_command:Invoked command in '/home/thundersen48/projects/waffle/build/waffle' returned '2': CMAKE_PREFIX_PATH=${CMAKE_PREFIX_PATH}:/opt/ros/jazzy DEBUGINFOD_URLS=https://debuginfod.ubuntu.com /usr/bin/cmake --build /home/thundersen48/projects/waffle/build/waffle -- -j16 -l16
[0.368s] Level 1:colcon.colcon_core.environment:create_environment_scripts_only(waffle)
[0.374s] Level 1:colcon.colcon_core.environment:checking '/home/thundersen48/projects/waffle/install/waffle' for CMake module files
[0.375s] Level 1:colcon.colcon_core.environment:checking '/home/thundersen48/projects/waffle/install/waffle' for CMake config files
[0.375s] Level 1:colcon.colcon_core.shell:create_environment_hook('waffle', 'cmake_prefix_path')
[0.375s] INFO:colcon.colcon_core.shell:Creating environment hook '/home/thundersen48/projects/waffle/install/waffle/share/waffle/hook/cmake_prefix_path.ps1'
[0.376s] INFO:colcon.colcon_core.shell:Creating environment descriptor '/home/thundersen48/projects/waffle/install/waffle/share/waffle/hook/cmake_prefix_path.dsv'
[0.377s] INFO:colcon.colcon_core.shell:Creating environment hook '/home/thundersen48/projects/waffle/install/waffle/share/waffle/hook/cmake_prefix_path.sh'
[0.377s] Level 1:colcon.colcon_core.environment:checking '/home/thundersen48/projects/waffle/install/waffle/bin'
[0.377s] Level 1:colcon.colcon_core.environment:checking '/home/thundersen48/projects/waffle/install/waffle/lib/pkgconfig/waffle.pc'
[0.378s] Level 1:colcon.colcon_core.environment:checking '/home/thundersen48/projects/waffle/install/waffle/lib/python3.12/site-packages'
[0.378s] Level 1:colcon.colcon_core.environment:checking '/home/thundersen48/projects/waffle/install/waffle/bin'
[0.378s] INFO:colcon.colcon_core.shell:Creating package script '/home/thundersen48/projects/waffle/install/waffle/share/waffle/package.ps1'
[0.379s] INFO:colcon.colcon_core.shell:Creating package descriptor '/home/thundersen48/projects/waffle/install/waffle/share/waffle/package.dsv'
[0.380s] INFO:colcon.colcon_core.shell:Creating package script '/home/thundersen48/projects/waffle/install/waffle/share/waffle/package.sh'
[0.380s] INFO:colcon.colcon_core.shell:Creating package script '/home/thundersen48/projects/waffle/install/waffle/share/waffle/package.bash'
[0.381s] INFO:colcon.colcon_core.shell:Creating package script '/home/thundersen48/projects/waffle/install/waffle/share/waffle/package.zsh'
[0.382s] Level 1:colcon.colcon_core.environment:create_file_with_runtime_dependencies(/home/thundersen48/projects/waffle/install/waffle/share/colcon-core/packages/waffle)
[0.393s] DEBUG:colcon.colcon_parallel_executor.executor.parallel:closing loop
[0.393s] DEBUG:colcon.colcon_parallel_executor.executor.parallel:loop closed
[0.393s] DEBUG:colcon.colcon_parallel_executor.executor.parallel:run_until_complete finished with '2'
[0.393s] DEBUG:colcon.colcon_core.event_reactor:joining thread
[0.398s] INFO:colcon.colcon_core.plugin_system:Skipping extension 'colcon_notification.desktop_notification.terminal_notifier': Not used on non-Darwin systems
[0.398s] INFO:colcon.colcon_core.plugin_system:Skipping extension 'colcon_notification.desktop_notification.win32': Not used on non-Windows systems
[0.398s] INFO:colcon.colcon_notification.desktop_notification:Sending desktop notification using 'notify2'
[0.409s] DEBUG:colcon.colcon_core.event_reactor:joined thread
[0.409s] INFO:colcon.colcon_core.shell:Creating prefix script '/home/thundersen48/projects/waffle/install/local_setup.ps1'
[0.410s] INFO:colcon.colcon_core.shell:Creating prefix util module '/home/thundersen48/projects/waffle/install/_local_setup_util_ps1.py'
[0.411s] INFO:colcon.colcon_core.shell:Creating prefix chain script '/home/thundersen48/projects/waffle/install/setup.ps1'
[0.412s] INFO:colcon.colcon_core.shell:Creating prefix script '/home/thundersen48/projects/waffle/install/local_setup.sh'
[0.413s] INFO:colcon.colcon_core.shell:Creating prefix util module '/home/thundersen48/projects/waffle/install/_local_setup_util_sh.py'
[0.413s] INFO:colcon.colcon_core.shell:Creating prefix chain script '/home/thundersen48/projects/waffle/install/setup.sh'
[0.414s] INFO:colcon.colcon_core.shell:Creating prefix script '/home/thundersen48/projects/waffle/install/local_setup.bash'
[0.415s] INFO:colcon.colcon_core.shell:Creating prefix chain script '/home/thundersen48/projects/waffle/install/setup.bash'
[0.416s] INFO:colcon.colcon_core.shell:Creating prefix script '/home/thundersen48/projects/waffle/install/local_setup.zsh'
[0.416s] INFO:colcon.colcon_core.shell:Creating prefix chain script '/home/thundersen48/projects/waffle/install/setup.zsh'
