-- Found ament_cmake: 2.5.5 (/opt/ros/jazzy/share/ament_cmake/cmake)
-- Found rosidl_default_generators: 1.6.0 (/opt/ros/jazzy/share/rosidl_default_generators/cmake)
-- Using all available rosidl_typesupport_c: rosidl_typesupport_fastrtps_c;rosidl_typesupport_introspection_c
-- Using all available rosidl_typesupport_cpp: rosidl_typesupport_fastrtps_cpp;rosidl_typesupport_introspection_cpp
-- Found rosidl_adapter: 4.6.7 (/opt/ros/jazzy/share/rosidl_adapter/cmake)
-- Found ament_cmake_ros: 0.12.0 (/opt/ros/jazzy/share/ament_cmake_ros/cmake)
-- Using all available rosidl_typesupport_c: rosidl_typesupport_fastrtps_c;rosidl_typesupport_introspection_c
-- Using all available rosidl_typesupport_cpp: rosidl_typesupport_fastrtps_cpp;rosidl_typesupport_introspection_cpp
-- Found python_cmake_module: 0.11.1 (/opt/ros/jazzy/share/python_cmake_module/cmake)
-- Found PythonExtra: /usr/bin/python3  
-- Found Python3: /usr/bin/python3 (found version "3.12.3") found components: Interpreter Development NumPy Development.Module Development.Embed 
-- Found ament_lint_auto: 0.17.4 (/opt/ros/jazzy/share/ament_lint_auto/cmake)
-- Added test 'lint_cmake' to check CMake code style
-- Added test 'xmllint' to check XML markup files
-- Configuring done (5.9s)
-- Generating done (0.1s)
-- Build files have been written to: /home/thundersen48/ros2_ws6/build/my_service_interfaces
[  2%] [34m[1mGenerating type hashes for ROS interfaces[0m
[  2%] Built target ament_cmake_python_copy_my_service_interfaces
[  2%] Built target my_service_interfaces__rosidl_generator_type_description
[  5%] [34m[1mGenerating C code for ROS interfaces[0m
[  8%] [34m[1mGenerating C++ code for ROS interfaces[0m
running egg_info
creating my_service_interfaces.egg-info
writing my_service_interfaces.egg-info/PKG-INFO
writing dependency_links to my_service_interfaces.egg-info/dependency_links.txt
writing top-level names to my_service_interfaces.egg-info/top_level.txt
writing manifest file 'my_service_interfaces.egg-info/SOURCES.txt'
reading manifest file 'my_service_interfaces.egg-info/SOURCES.txt'
writing manifest file 'my_service_interfaces.egg-info/SOURCES.txt'
[  8%] Built target ament_cmake_python_build_my_service_interfaces_egg
[  8%] Built target my_service_interfaces__cpp
[ 14%] [32mBuilding C object CMakeFiles/my_service_interfaces__rosidl_generator_c.dir/rosidl_generator_c/my_service_interfaces/srv/detail/set_velocity__functions.c.o[0m
[ 14%] [32mBuilding C object CMakeFiles/my_service_interfaces__rosidl_generator_c.dir/rosidl_generator_c/my_service_interfaces/srv/detail/set_velocity__description.c.o[0m
[ 17%] [32mBuilding C object CMakeFiles/my_service_interfaces__rosidl_generator_c.dir/rosidl_generator_c/my_service_interfaces/srv/detail/set_velocity__type_support.c.o[0m
[ 20%] [32m[1mLinking C shared library libmy_service_interfaces__rosidl_generator_c.so[0m
[ 20%] Built target my_service_interfaces__rosidl_generator_c
[ 29%] [34m[1mGenerating C++ type support for eProsima Fast-RTPS[0m
[ 29%] [34m[1mGenerating C++ introspection for ROS interfaces[0m
[ 32%] [34m[1mGenerating C type support for eProsima Fast-RTPS[0m
[ 29%] [34m[1mGenerating C++ type support dispatch for ROS interfaces[0m
[ 35%] [32mBuilding CXX object CMakeFiles/my_service_interfaces__rosidl_typesupport_cpp.dir/rosidl_typesupport_cpp/my_service_interfaces/srv/set_velocity__type_support.cpp.o[0m
[ 38%] [32mBuilding CXX object CMakeFiles/my_service_interfaces__rosidl_typesupport_introspection_cpp.dir/rosidl_typesupport_introspection_cpp/my_service_interfaces/srv/detail/set_velocity__type_support.cpp.o[0m
[ 41%] [32mBuilding CXX object CMakeFiles/my_service_interfaces__rosidl_typesupport_fastrtps_cpp.dir/rosidl_typesupport_fastrtps_cpp/my_service_interfaces/srv/detail/dds_fastrtps/set_velocity__type_support.cpp.o[0m
[ 44%] [32mBuilding CXX object CMakeFiles/my_service_interfaces__rosidl_typesupport_fastrtps_c.dir/rosidl_typesupport_fastrtps_c/my_service_interfaces/srv/detail/set_velocity__type_support_c.cpp.o[0m
[ 47%] [32m[1mLinking CXX shared library libmy_service_interfaces__rosidl_typesupport_cpp.so[0m
[ 50%] [32m[1mLinking CXX shared library libmy_service_interfaces__rosidl_typesupport_introspection_cpp.so[0m
[ 50%] Built target my_service_interfaces__rosidl_typesupport_cpp
[ 52%] [34m[1mGenerating C introspection for ROS interfaces[0m
[ 52%] Built target my_service_interfaces__rosidl_typesupport_introspection_cpp
[ 55%] [34m[1mGenerating C type support dispatch for ROS interfaces[0m
[ 58%] [32m[1mLinking CXX shared library libmy_service_interfaces__rosidl_typesupport_fastrtps_c.so[0m
[ 58%] Built target my_service_interfaces__rosidl_typesupport_fastrtps_c
[ 61%] [32m[1mLinking CXX shared library libmy_service_interfaces__rosidl_typesupport_fastrtps_cpp.so[0m
[ 61%] Built target my_service_interfaces__rosidl_typesupport_fastrtps_cpp
[ 64%] [32mBuilding CXX object CMakeFiles/my_service_interfaces__rosidl_typesupport_c.dir/rosidl_typesupport_c/my_service_interfaces/srv/set_velocity__type_support.cpp.o[0m
[ 67%] [32mBuilding C object CMakeFiles/my_service_interfaces__rosidl_typesupport_introspection_c.dir/rosidl_typesupport_introspection_c/my_service_interfaces/srv/detail/set_velocity__type_support.c.o[0m
[ 70%] [32m[1mLinking CXX shared library libmy_service_interfaces__rosidl_typesupport_c.so[0m
[ 73%] [32m[1mLinking C shared library libmy_service_interfaces__rosidl_typesupport_introspection_c.so[0m
[ 73%] Built target my_service_interfaces__rosidl_typesupport_c
[ 73%] Built target my_service_interfaces__rosidl_typesupport_introspection_c
[ 73%] Built target my_service_interfaces
[ 76%] [34m[1mGenerating Python code for ROS interfaces[0m
[ 76%] Built target my_service_interfaces__py
[ 79%] [32mBuilding C object CMakeFiles/my_service_interfaces__rosidl_generator_py.dir/rosidl_generator_py/my_service_interfaces/srv/_set_velocity_s.c.o[0m
[ 82%] [32m[1mLinking C shared library libmy_service_interfaces__rosidl_generator_py.so[0m
[ 82%] Built target my_service_interfaces__rosidl_generator_py
[ 91%] [32mBuilding C object CMakeFiles/my_service_interfaces_s__rosidl_typesupport_introspection_c.dir/rosidl_generator_py/my_service_interfaces/_my_service_interfaces_s.ep.rosidl_typesupport_introspection_c.c.o[0m
[ 91%] [32mBuilding C object CMakeFiles/my_service_interfaces_s__rosidl_typesupport_fastrtps_c.dir/rosidl_generator_py/my_service_interfaces/_my_service_interfaces_s.ep.rosidl_typesupport_fastrtps_c.c.o[0m
[ 91%] [32mBuilding C object CMakeFiles/my_service_interfaces_s__rosidl_typesupport_c.dir/rosidl_generator_py/my_service_interfaces/_my_service_interfaces_s.ep.rosidl_typesupport_c.c.o[0m
[ 94%] [32m[1mLinking C shared module rosidl_generator_py/my_service_interfaces/my_service_interfaces_s__rosidl_typesupport_c.so[0m
[ 97%] [32m[1mLinking C shared module rosidl_generator_py/my_service_interfaces/my_service_interfaces_s__rosidl_typesupport_fastrtps_c.so[0m
[100%] [32m[1mLinking C shared module rosidl_generator_py/my_service_interfaces/my_service_interfaces_s__rosidl_typesupport_introspection_c.so[0m
[100%] Built target my_service_interfaces_s__rosidl_typesupport_c
[100%] Built target my_service_interfaces_s__rosidl_typesupport_fastrtps_c
[100%] Built target my_service_interfaces_s__rosidl_typesupport_introspection_c
-- Install configuration: ""
-- Installing: /home/thundersen48/ros2_ws6/install/my_service_interfaces/share/ament_index/resource_index/rosidl_interfaces/my_service_interfaces
-- Installing: /home/thundersen48/ros2_ws6/install/my_service_interfaces/share/my_service_interfaces/srv/SetVelocity.json
-- Installing: /home/thundersen48/ros2_ws6/install/my_service_interfaces/include/my_service_interfaces/my_service_interfaces
-- Installing: /home/thundersen48/ros2_ws6/install/my_service_interfaces/include/my_service_interfaces/my_service_interfaces/msg
-- Installing: /home/thundersen48/ros2_ws6/install/my_service_interfaces/include/my_service_interfaces/my_service_interfaces/msg/rosidl_generator_c__visibility_control.h
-- Installing: /home/thundersen48/ros2_ws6/install/my_service_interfaces/include/my_service_interfaces/my_service_interfaces/srv
-- Installing: /home/thundersen48/ros2_ws6/install/my_service_interfaces/include/my_service_interfaces/my_service_interfaces/srv/detail
-- Installing: /home/thundersen48/ros2_ws6/install/my_service_interfaces/include/my_service_interfaces/my_service_interfaces/srv/detail/set_velocity__type_support.h
-- Installing: /home/thundersen48/ros2_ws6/install/my_service_interfaces/include/my_service_interfaces/my_service_interfaces/srv/detail/set_velocity__struct.h
-- Installing: /home/thundersen48/ros2_ws6/install/my_service_interfaces/include/my_service_interfaces/my_service_interfaces/srv/detail/set_velocity__functions.c
-- Installing: /home/thundersen48/ros2_ws6/install/my_service_interfaces/include/my_service_interfaces/my_service_interfaces/srv/detail/set_velocity__type_support.c
-- Installing: /home/thundersen48/ros2_ws6/install/my_service_interfaces/include/my_service_interfaces/my_service_interfaces/srv/detail/set_velocity__functions.h
-- Installing: /home/thundersen48/ros2_ws6/install/my_service_interfaces/include/my_service_interfaces/my_service_interfaces/srv/detail/set_velocity__description.c
-- Installing: /home/thundersen48/ros2_ws6/install/my_service_interfaces/include/my_service_interfaces/my_service_interfaces/srv/set_velocity.h
-- Installing: /home/thundersen48/ros2_ws6/install/my_service_interfaces/share/my_service_interfaces/environment/library_path.sh
-- Installing: /home/thundersen48/ros2_ws6/install/my_service_interfaces/share/my_service_interfaces/environment/library_path.dsv
-- Installing: /home/thundersen48/ros2_ws6/install/my_service_interfaces/lib/libmy_service_interfaces__rosidl_generator_c.so
-- Set non-toolchain portion of runtime path of "/home/thundersen48/ros2_ws6/install/my_service_interfaces/lib/libmy_service_interfaces__rosidl_generator_c.so" to ""
-- Up-to-date: /home/thundersen48/ros2_ws6/install/my_service_interfaces/include/my_service_interfaces/my_service_interfaces
-- Up-to-date: /home/thundersen48/ros2_ws6/install/my_service_interfaces/include/my_service_interfaces/my_service_interfaces/msg
-- Installing: /home/thundersen48/ros2_ws6/install/my_service_interfaces/include/my_service_interfaces/my_service_interfaces/msg/rosidl_typesupport_fastrtps_c__visibility_control.h
-- Up-to-date: /home/thundersen48/ros2_ws6/install/my_service_interfaces/include/my_service_interfaces/my_service_interfaces/srv
-- Up-to-date: /home/thundersen48/ros2_ws6/install/my_service_interfaces/include/my_service_interfaces/my_service_interfaces/srv/detail
-- Installing: /home/thundersen48/ros2_ws6/install/my_service_interfaces/include/my_service_interfaces/my_service_interfaces/srv/detail/set_velocity__rosidl_typesupport_fastrtps_c.h
-- Installing: /home/thundersen48/ros2_ws6/install/my_service_interfaces/lib/libmy_service_interfaces__rosidl_typesupport_fastrtps_c.so
-- Set non-toolchain portion of runtime path of "/home/thundersen48/ros2_ws6/install/my_service_interfaces/lib/libmy_service_interfaces__rosidl_typesupport_fastrtps_c.so" to ""
-- Up-to-date: /home/thundersen48/ros2_ws6/install/my_service_interfaces/include/my_service_interfaces/my_service_interfaces
-- Up-to-date: /home/thundersen48/ros2_ws6/install/my_service_interfaces/include/my_service_interfaces/my_service_interfaces/msg
-- Installing: /home/thundersen48/ros2_ws6/install/my_service_interfaces/include/my_service_interfaces/my_service_interfaces/msg/rosidl_typesupport_introspection_c__visibility_control.h
-- Up-to-date: /home/thundersen48/ros2_ws6/install/my_service_interfaces/include/my_service_interfaces/my_service_interfaces/srv
-- Up-to-date: /home/thundersen48/ros2_ws6/install/my_service_interfaces/include/my_service_interfaces/my_service_interfaces/srv/detail
-- Installing: /home/thundersen48/ros2_ws6/install/my_service_interfaces/include/my_service_interfaces/my_service_interfaces/srv/detail/set_velocity__type_support.c
-- Installing: /home/thundersen48/ros2_ws6/install/my_service_interfaces/include/my_service_interfaces/my_service_interfaces/srv/detail/set_velocity__rosidl_typesupport_introspection_c.h
-- Installing: /home/thundersen48/ros2_ws6/install/my_service_interfaces/lib/libmy_service_interfaces__rosidl_typesupport_introspection_c.so
-- Set non-toolchain portion of runtime path of "/home/thundersen48/ros2_ws6/install/my_service_interfaces/lib/libmy_service_interfaces__rosidl_typesupport_introspection_c.so" to ""
-- Installing: /home/thundersen48/ros2_ws6/install/my_service_interfaces/lib/libmy_service_interfaces__rosidl_typesupport_c.so
-- Set non-toolchain portion of runtime path of "/home/thundersen48/ros2_ws6/install/my_service_interfaces/lib/libmy_service_interfaces__rosidl_typesupport_c.so" to ""
-- Up-to-date: /home/thundersen48/ros2_ws6/install/my_service_interfaces/include/my_service_interfaces/my_service_interfaces
-- Up-to-date: /home/thundersen48/ros2_ws6/install/my_service_interfaces/include/my_service_interfaces/my_service_interfaces/msg
-- Installing: /home/thundersen48/ros2_ws6/install/my_service_interfaces/include/my_service_interfaces/my_service_interfaces/msg/rosidl_generator_cpp__visibility_control.hpp
-- Up-to-date: /home/thundersen48/ros2_ws6/install/my_service_interfaces/include/my_service_interfaces/my_service_interfaces/srv
-- Installing: /home/thundersen48/ros2_ws6/install/my_service_interfaces/include/my_service_interfaces/my_service_interfaces/srv/set_velocity.hpp
-- Up-to-date: /home/thundersen48/ros2_ws6/install/my_service_interfaces/include/my_service_interfaces/my_service_interfaces/srv/detail
-- Installing: /home/thundersen48/ros2_ws6/install/my_service_interfaces/include/my_service_interfaces/my_service_interfaces/srv/detail/set_velocity__builder.hpp
-- Installing: /home/thundersen48/ros2_ws6/install/my_service_interfaces/include/my_service_interfaces/my_service_interfaces/srv/detail/set_velocity__type_support.hpp
-- Installing: /home/thundersen48/ros2_ws6/install/my_service_interfaces/include/my_service_interfaces/my_service_interfaces/srv/detail/set_velocity__traits.hpp
-- Installing: /home/thundersen48/ros2_ws6/install/my_service_interfaces/include/my_service_interfaces/my_service_interfaces/srv/detail/set_velocity__struct.hpp
-- Up-to-date: /home/thundersen48/ros2_ws6/install/my_service_interfaces/include/my_service_interfaces/my_service_interfaces
-- Up-to-date: /home/thundersen48/ros2_ws6/install/my_service_interfaces/include/my_service_interfaces/my_service_interfaces/msg
-- Installing: /home/thundersen48/ros2_ws6/install/my_service_interfaces/include/my_service_interfaces/my_service_interfaces/msg/rosidl_typesupport_fastrtps_cpp__visibility_control.h
-- Up-to-date: /home/thundersen48/ros2_ws6/install/my_service_interfaces/include/my_service_interfaces/my_service_interfaces/srv
-- Up-to-date: /home/thundersen48/ros2_ws6/install/my_service_interfaces/include/my_service_interfaces/my_service_interfaces/srv/detail
-- Installing: /home/thundersen48/ros2_ws6/install/my_service_interfaces/include/my_service_interfaces/my_service_interfaces/srv/detail/set_velocity__rosidl_typesupport_fastrtps_cpp.hpp
-- Installing: /home/thundersen48/ros2_ws6/install/my_service_interfaces/include/my_service_interfaces/my_service_interfaces/srv/detail/dds_fastrtps
-- Installing: /home/thundersen48/ros2_ws6/install/my_service_interfaces/lib/libmy_service_interfaces__rosidl_typesupport_fastrtps_cpp.so
-- Set non-toolchain portion of runtime path of "/home/thundersen48/ros2_ws6/install/my_service_interfaces/lib/libmy_service_interfaces__rosidl_typesupport_fastrtps_cpp.so" to ""
-- Up-to-date: /home/thundersen48/ros2_ws6/install/my_service_interfaces/include/my_service_interfaces/my_service_interfaces
-- Up-to-date: /home/thundersen48/ros2_ws6/install/my_service_interfaces/include/my_service_interfaces/my_service_interfaces/srv
-- Up-to-date: /home/thundersen48/ros2_ws6/install/my_service_interfaces/include/my_service_interfaces/my_service_interfaces/srv/detail
-- Installing: /home/thundersen48/ros2_ws6/install/my_service_interfaces/include/my_service_interfaces/my_service_interfaces/srv/detail/set_velocity__rosidl_typesupport_introspection_cpp.hpp
-- Installing: /home/thundersen48/ros2_ws6/install/my_service_interfaces/include/my_service_interfaces/my_service_interfaces/srv/detail/set_velocity__type_support.cpp
-- Installing: /home/thundersen48/ros2_ws6/install/my_service_interfaces/lib/libmy_service_interfaces__rosidl_typesupport_introspection_cpp.so
-- Set non-toolchain portion of runtime path of "/home/thundersen48/ros2_ws6/install/my_service_interfaces/lib/libmy_service_interfaces__rosidl_typesupport_introspection_cpp.so" to ""
-- Installing: /home/thundersen48/ros2_ws6/install/my_service_interfaces/lib/libmy_service_interfaces__rosidl_typesupport_cpp.so
-- Set non-toolchain portion of runtime path of "/home/thundersen48/ros2_ws6/install/my_service_interfaces/lib/libmy_service_interfaces__rosidl_typesupport_cpp.so" to ""
-- Installing: /home/thundersen48/ros2_ws6/install/my_service_interfaces/share/my_service_interfaces/environment/pythonpath.sh
-- Installing: /home/thundersen48/ros2_ws6/install/my_service_interfaces/share/my_service_interfaces/environment/pythonpath.dsv
-- Installing: /home/thundersen48/ros2_ws6/install/my_service_interfaces/lib/python3.12/site-packages/my_service_interfaces-0.0.0-py3.12.egg-info
-- Installing: /home/thundersen48/ros2_ws6/install/my_service_interfaces/lib/python3.12/site-packages/my_service_interfaces-0.0.0-py3.12.egg-info/SOURCES.txt
-- Installing: /home/thundersen48/ros2_ws6/install/my_service_interfaces/lib/python3.12/site-packages/my_service_interfaces-0.0.0-py3.12.egg-info/top_level.txt
-- Installing: /home/thundersen48/ros2_ws6/install/my_service_interfaces/lib/python3.12/site-packages/my_service_interfaces-0.0.0-py3.12.egg-info/PKG-INFO
-- Installing: /home/thundersen48/ros2_ws6/install/my_service_interfaces/lib/python3.12/site-packages/my_service_interfaces-0.0.0-py3.12.egg-info/dependency_links.txt
-- Installing: /home/thundersen48/ros2_ws6/install/my_service_interfaces/lib/python3.12/site-packages/my_service_interfaces
-- Installing: /home/thundersen48/ros2_ws6/install/my_service_interfaces/lib/python3.12/site-packages/my_service_interfaces/__init__.py
-- Installing: /home/thundersen48/ros2_ws6/install/my_service_interfaces/lib/python3.12/site-packages/my_service_interfaces/_my_service_interfaces_s.ep.rosidl_typesupport_fastrtps_c.c
-- Installing: /home/thundersen48/ros2_ws6/install/my_service_interfaces/lib/python3.12/site-packages/my_service_interfaces/my_service_interfaces_s__rosidl_typesupport_fastrtps_c.so
-- Installing: /home/thundersen48/ros2_ws6/install/my_service_interfaces/lib/python3.12/site-packages/my_service_interfaces/_my_service_interfaces_s.ep.rosidl_typesupport_introspection_c.c
-- Installing: /home/thundersen48/ros2_ws6/install/my_service_interfaces/lib/python3.12/site-packages/my_service_interfaces/my_service_interfaces_s__rosidl_typesupport_introspection_c.so
-- Installing: /home/thundersen48/ros2_ws6/install/my_service_interfaces/lib/python3.12/site-packages/my_service_interfaces/_my_service_interfaces_s.ep.rosidl_typesupport_c.c
-- Installing: /home/thundersen48/ros2_ws6/install/my_service_interfaces/lib/python3.12/site-packages/my_service_interfaces/srv
-- Installing: /home/thundersen48/ros2_ws6/install/my_service_interfaces/lib/python3.12/site-packages/my_service_interfaces/srv/__init__.py
-- Installing: /home/thundersen48/ros2_ws6/install/my_service_interfaces/lib/python3.12/site-packages/my_service_interfaces/srv/_set_velocity.py
-- Installing: /home/thundersen48/ros2_ws6/install/my_service_interfaces/lib/python3.12/site-packages/my_service_interfaces/srv/_set_velocity_s.c
-- Installing: /home/thundersen48/ros2_ws6/install/my_service_interfaces/lib/python3.12/site-packages/my_service_interfaces/my_service_interfaces_s__rosidl_typesupport_c.so
Listing '/home/thundersen48/ros2_ws6/install/my_service_interfaces/lib/python3.12/site-packages/my_service_interfaces'...
Compiling '/home/thundersen48/ros2_ws6/install/my_service_interfaces/lib/python3.12/site-packages/my_service_interfaces/__init__.py'...
Listing '/home/thundersen48/ros2_ws6/install/my_service_interfaces/lib/python3.12/site-packages/my_service_interfaces/srv'...
Compiling '/home/thundersen48/ros2_ws6/install/my_service_interfaces/lib/python3.12/site-packages/my_service_interfaces/srv/__init__.py'...
Compiling '/home/thundersen48/ros2_ws6/install/my_service_interfaces/lib/python3.12/site-packages/my_service_interfaces/srv/_set_velocity.py'...
-- Installing: /home/thundersen48/ros2_ws6/install/my_service_interfaces/lib/python3.12/site-packages/my_service_interfaces/my_service_interfaces_s__rosidl_typesupport_fastrtps_c.so
-- Set non-toolchain portion of runtime path of "/home/thundersen48/ros2_ws6/install/my_service_interfaces/lib/python3.12/site-packages/my_service_interfaces/my_service_interfaces_s__rosidl_typesupport_fastrtps_c.so" to ""
-- Installing: /home/thundersen48/ros2_ws6/install/my_service_interfaces/lib/python3.12/site-packages/my_service_interfaces/my_service_interfaces_s__rosidl_typesupport_introspection_c.so
-- Set non-toolchain portion of runtime path of "/home/thundersen48/ros2_ws6/install/my_service_interfaces/lib/python3.12/site-packages/my_service_interfaces/my_service_interfaces_s__rosidl_typesupport_introspection_c.so" to ""
-- Installing: /home/thundersen48/ros2_ws6/install/my_service_interfaces/lib/python3.12/site-packages/my_service_interfaces/my_service_interfaces_s__rosidl_typesupport_c.so
-- Set non-toolchain portion of runtime path of "/home/thundersen48/ros2_ws6/install/my_service_interfaces/lib/python3.12/site-packages/my_service_interfaces/my_service_interfaces_s__rosidl_typesupport_c.so" to ""
-- Installing: /home/thundersen48/ros2_ws6/install/my_service_interfaces/lib/libmy_service_interfaces__rosidl_generator_py.so
-- Set non-toolchain portion of runtime path of "/home/thundersen48/ros2_ws6/install/my_service_interfaces/lib/libmy_service_interfaces__rosidl_generator_py.so" to ""
-- Installing: /home/thundersen48/ros2_ws6/install/my_service_interfaces/share/my_service_interfaces/srv/SetVelocity.idl
-- Installing: /home/thundersen48/ros2_ws6/install/my_service_interfaces/share/my_service_interfaces/srv/SetVelocity.srv
-- Installing: /home/thundersen48/ros2_ws6/install/my_service_interfaces/share/ament_index/resource_index/package_run_dependencies/my_service_interfaces
-- Installing: /home/thundersen48/ros2_ws6/install/my_service_interfaces/share/ament_index/resource_index/parent_prefix_path/my_service_interfaces
-- Installing: /home/thundersen48/ros2_ws6/install/my_service_interfaces/share/my_service_interfaces/environment/ament_prefix_path.sh
-- Installing: /home/thundersen48/ros2_ws6/install/my_service_interfaces/share/my_service_interfaces/environment/ament_prefix_path.dsv
-- Installing: /home/thundersen48/ros2_ws6/install/my_service_interfaces/share/my_service_interfaces/environment/path.sh
-- Installing: /home/thundersen48/ros2_ws6/install/my_service_interfaces/share/my_service_interfaces/environment/path.dsv
-- Installing: /home/thundersen48/ros2_ws6/install/my_service_interfaces/share/my_service_interfaces/local_setup.bash
-- Installing: /home/thundersen48/ros2_ws6/install/my_service_interfaces/share/my_service_interfaces/local_setup.sh
-- Installing: /home/thundersen48/ros2_ws6/install/my_service_interfaces/share/my_service_interfaces/local_setup.zsh
-- Installing: /home/thundersen48/ros2_ws6/install/my_service_interfaces/share/my_service_interfaces/local_setup.dsv
-- Installing: /home/thundersen48/ros2_ws6/install/my_service_interfaces/share/my_service_interfaces/package.dsv
-- Installing: /home/thundersen48/ros2_ws6/install/my_service_interfaces/share/ament_index/resource_index/packages/my_service_interfaces
-- Installing: /home/thundersen48/ros2_ws6/install/my_service_interfaces/share/my_service_interfaces/cmake/export_my_service_interfaces__rosidl_generator_cExport.cmake
-- Installing: /home/thundersen48/ros2_ws6/install/my_service_interfaces/share/my_service_interfaces/cmake/export_my_service_interfaces__rosidl_generator_cExport-noconfig.cmake
-- Installing: /home/thundersen48/ros2_ws6/install/my_service_interfaces/share/my_service_interfaces/cmake/export_my_service_interfaces__rosidl_typesupport_fastrtps_cExport.cmake
-- Installing: /home/thundersen48/ros2_ws6/install/my_service_interfaces/share/my_service_interfaces/cmake/export_my_service_interfaces__rosidl_typesupport_fastrtps_cExport-noconfig.cmake
-- Installing: /home/thundersen48/ros2_ws6/install/my_service_interfaces/share/my_service_interfaces/cmake/my_service_interfaces__rosidl_typesupport_introspection_cExport.cmake
-- Installing: /home/thundersen48/ros2_ws6/install/my_service_interfaces/share/my_service_interfaces/cmake/my_service_interfaces__rosidl_typesupport_introspection_cExport-noconfig.cmake
-- Installing: /home/thundersen48/ros2_ws6/install/my_service_interfaces/share/my_service_interfaces/cmake/my_service_interfaces__rosidl_typesupport_cExport.cmake
-- Installing: /home/thundersen48/ros2_ws6/install/my_service_interfaces/share/my_service_interfaces/cmake/my_service_interfaces__rosidl_typesupport_cExport-noconfig.cmake
-- Installing: /home/thundersen48/ros2_ws6/install/my_service_interfaces/share/my_service_interfaces/cmake/export_my_service_interfaces__rosidl_generator_cppExport.cmake
-- Installing: /home/thundersen48/ros2_ws6/install/my_service_interfaces/share/my_service_interfaces/cmake/export_my_service_interfaces__rosidl_typesupport_fastrtps_cppExport.cmake
-- Installing: /home/thundersen48/ros2_ws6/install/my_service_interfaces/share/my_service_interfaces/cmake/export_my_service_interfaces__rosidl_typesupport_fastrtps_cppExport-noconfig.cmake
-- Installing: /home/thundersen48/ros2_ws6/install/my_service_interfaces/share/my_service_interfaces/cmake/my_service_interfaces__rosidl_typesupport_introspection_cppExport.cmake
-- Installing: /home/thundersen48/ros2_ws6/install/my_service_interfaces/share/my_service_interfaces/cmake/my_service_interfaces__rosidl_typesupport_introspection_cppExport-noconfig.cmake
-- Installing: /home/thundersen48/ros2_ws6/install/my_service_interfaces/share/my_service_interfaces/cmake/my_service_interfaces__rosidl_typesupport_cppExport.cmake
-- Installing: /home/thundersen48/ros2_ws6/install/my_service_interfaces/share/my_service_interfaces/cmake/my_service_interfaces__rosidl_typesupport_cppExport-noconfig.cmake
-- Installing: /home/thundersen48/ros2_ws6/install/my_service_interfaces/share/my_service_interfaces/cmake/export_my_service_interfaces__rosidl_generator_pyExport.cmake
-- Installing: /home/thundersen48/ros2_ws6/install/my_service_interfaces/share/my_service_interfaces/cmake/export_my_service_interfaces__rosidl_generator_pyExport-noconfig.cmake
-- Installing: /home/thundersen48/ros2_ws6/install/my_service_interfaces/share/my_service_interfaces/cmake/rosidl_cmake-extras.cmake
-- Installing: /home/thundersen48/ros2_ws6/install/my_service_interfaces/share/my_service_interfaces/cmake/ament_cmake_export_dependencies-extras.cmake
-- Installing: /home/thundersen48/ros2_ws6/install/my_service_interfaces/share/my_service_interfaces/cmake/ament_cmake_export_include_directories-extras.cmake
-- Installing: /home/thundersen48/ros2_ws6/install/my_service_interfaces/share/my_service_interfaces/cmake/ament_cmake_export_libraries-extras.cmake
-- Installing: /home/thundersen48/ros2_ws6/install/my_service_interfaces/share/my_service_interfaces/cmake/ament_cmake_export_targets-extras.cmake
-- Installing: /home/thundersen48/ros2_ws6/install/my_service_interfaces/share/my_service_interfaces/cmake/rosidl_cmake_export_typesupport_targets-extras.cmake
-- Installing: /home/thundersen48/ros2_ws6/install/my_service_interfaces/share/my_service_interfaces/cmake/rosidl_cmake_export_typesupport_libraries-extras.cmake
-- Installing: /home/thundersen48/ros2_ws6/install/my_service_interfaces/share/my_service_interfaces/cmake/my_service_interfacesConfig.cmake
-- Installing: /home/thundersen48/ros2_ws6/install/my_service_interfaces/share/my_service_interfaces/cmake/my_service_interfacesConfig-version.cmake
-- Installing: /home/thundersen48/ros2_ws6/install/my_service_interfaces/share/my_service_interfaces/package.xml
