[0.024s] Invoking command in '/home/thundersen48/ros2_ws6/build/my_service_interfaces': CMAKE_PREFIX_PATH=${CMAKE_PREFIX_PATH}:/opt/ros/jazzy DEBUGINFOD_URLS=https://debuginfod.ubuntu.com /usr/bin/cmake /home/thundersen48/ros2_ws6/src/my_service_interfaces -DCMAKE_INSTALL_PREFIX=/home/thundersen48/ros2_ws6/install/my_service_interfaces
[0.047s] -- Found ament_cmake: 2.5.5 (/opt/ros/jazzy/share/ament_cmake/cmake)
[0.454s] -- Found rosidl_default_generators: 1.6.0 (/opt/ros/jazzy/share/rosidl_default_generators/cmake)
[0.458s] -- Using all available rosidl_typesupport_c: rosidl_typesupport_fastrtps_c;rosidl_typesupport_introspection_c
[0.569s] -- Using all available rosidl_typesupport_cpp: rosidl_typesupport_fastrtps_cpp;rosidl_typesupport_introspection_cpp
[0.635s] -- Found rosidl_adapter: 4.6.7 (/opt/ros/jazzy/share/rosidl_adapter/cmake)
[2.135s] -- Found ament_cmake_ros: 0.12.0 (/opt/ros/jazzy/share/ament_cmake_ros/cmake)
[3.211s] -- Using all available rosidl_typesupport_c: rosidl_typesupport_fastrtps_c;rosidl_typesupport_introspection_c
[4.305s] -- Using all available rosidl_typesupport_cpp: rosidl_typesupport_fastrtps_cpp;rosidl_typesupport_introspection_cpp
[4.323s] -- Found python_cmake_module: 0.11.1 (/opt/ros/jazzy/share/python_cmake_module/cmake)
[4.586s] -- Found PythonExtra: /usr/bin/python3  
[5.745s] -- Found Python3: /usr/bin/python3 (found version "3.12.3") found components: Interpreter Development NumPy Development.Module Development.Embed 
[5.841s] -- Found ament_lint_auto: 0.17.4 (/opt/ros/jazzy/share/ament_lint_auto/cmake)
[5.927s] -- Added test 'lint_cmake' to check CMake code style
[5.931s] -- Added test 'xmllint' to check XML markup files
[5.939s] -- Configuring done (5.9s)
[6.006s] -- Generating done (0.1s)
[6.029s] -- Build files have been written to: /home/thundersen48/ros2_ws6/build/my_service_interfaces
[6.041s] Invoked command in '/home/thundersen48/ros2_ws6/build/my_service_interfaces' returned '0': CMAKE_PREFIX_PATH=${CMAKE_PREFIX_PATH}:/opt/ros/jazzy DEBUGINFOD_URLS=https://debuginfod.ubuntu.com /usr/bin/cmake /home/thundersen48/ros2_ws6/src/my_service_interfaces -DCMAKE_INSTALL_PREFIX=/home/thundersen48/ros2_ws6/install/my_service_interfaces
[6.043s] Invoking command in '/home/thundersen48/ros2_ws6/build/my_service_interfaces': CMAKE_PREFIX_PATH=${CMAKE_PREFIX_PATH}:/opt/ros/jazzy DEBUGINFOD_URLS=https://debuginfod.ubuntu.com /usr/bin/cmake --build /home/thundersen48/ros2_ws6/build/my_service_interfaces -- -j4 -l4
[6.123s] [  2%] [34m[1mGenerating type hashes for ROS interfaces[0m
[6.146s] [  2%] Built target ament_cmake_python_copy_my_service_interfaces
[6.570s] [  2%] Built target my_service_interfaces__rosidl_generator_type_description
[6.586s] [  5%] [34m[1mGenerating C code for ROS interfaces[0m
[6.601s] [  8%] [34m[1mGenerating C++ code for ROS interfaces[0m
[6.622s] running egg_info
[6.624s] creating my_service_interfaces.egg-info
[6.676s] writing my_service_interfaces.egg-info/PKG-INFO
[6.676s] writing dependency_links to my_service_interfaces.egg-info/dependency_links.txt
[6.678s] writing top-level names to my_service_interfaces.egg-info/top_level.txt
[6.678s] writing manifest file 'my_service_interfaces.egg-info/SOURCES.txt'
[6.830s] reading manifest file 'my_service_interfaces.egg-info/SOURCES.txt'
[6.832s] writing manifest file 'my_service_interfaces.egg-info/SOURCES.txt'
[6.900s] [  8%] Built target ament_cmake_python_build_my_service_interfaces_egg
[7.250s] [  8%] Built target my_service_interfaces__cpp
[7.318s] [ 14%] [32mBuilding C object CMakeFiles/my_service_interfaces__rosidl_generator_c.dir/rosidl_generator_c/my_service_interfaces/srv/detail/set_velocity__functions.c.o[0m
[7.318s] [ 14%] [32mBuilding C object CMakeFiles/my_service_interfaces__rosidl_generator_c.dir/rosidl_generator_c/my_service_interfaces/srv/detail/set_velocity__description.c.o[0m
[7.318s] [ 17%] [32mBuilding C object CMakeFiles/my_service_interfaces__rosidl_generator_c.dir/rosidl_generator_c/my_service_interfaces/srv/detail/set_velocity__type_support.c.o[0m
[7.475s] [ 20%] [32m[1mLinking C shared library libmy_service_interfaces__rosidl_generator_c.so[0m
[7.547s] [ 20%] Built target my_service_interfaces__rosidl_generator_c
[7.563s] [ 29%] [34m[1mGenerating C++ type support for eProsima Fast-RTPS[0m
[7.563s] [ 29%] [34m[1mGenerating C++ introspection for ROS interfaces[0m
[7.563s] [ 32%] [34m[1mGenerating C type support for eProsima Fast-RTPS[0m
[7.563s] [ 29%] [34m[1mGenerating C++ type support dispatch for ROS interfaces[0m
[8.121s] [ 35%] [32mBuilding CXX object CMakeFiles/my_service_interfaces__rosidl_typesupport_cpp.dir/rosidl_typesupport_cpp/my_service_interfaces/srv/set_velocity__type_support.cpp.o[0m
[8.188s] [ 38%] [32mBuilding CXX object CMakeFiles/my_service_interfaces__rosidl_typesupport_introspection_cpp.dir/rosidl_typesupport_introspection_cpp/my_service_interfaces/srv/detail/set_velocity__type_support.cpp.o[0m
[8.287s] [ 41%] [32mBuilding CXX object CMakeFiles/my_service_interfaces__rosidl_typesupport_fastrtps_cpp.dir/rosidl_typesupport_fastrtps_cpp/my_service_interfaces/srv/detail/dds_fastrtps/set_velocity__type_support.cpp.o[0m
[8.345s] [ 44%] [32mBuilding CXX object CMakeFiles/my_service_interfaces__rosidl_typesupport_fastrtps_c.dir/rosidl_typesupport_fastrtps_c/my_service_interfaces/srv/detail/set_velocity__type_support_c.cpp.o[0m
[8.891s] [ 47%] [32m[1mLinking CXX shared library libmy_service_interfaces__rosidl_typesupport_cpp.so[0m
[8.938s] [ 50%] [32m[1mLinking CXX shared library libmy_service_interfaces__rosidl_typesupport_introspection_cpp.so[0m
[9.111s] [ 50%] Built target my_service_interfaces__rosidl_typesupport_cpp
[9.127s] [ 52%] [34m[1mGenerating C introspection for ROS interfaces[0m
[9.142s] [ 52%] Built target my_service_interfaces__rosidl_typesupport_introspection_cpp
[9.155s] [ 55%] [34m[1mGenerating C type support dispatch for ROS interfaces[0m
[9.221s] [ 58%] [32m[1mLinking CXX shared library libmy_service_interfaces__rosidl_typesupport_fastrtps_c.so[0m
[9.428s] [ 58%] Built target my_service_interfaces__rosidl_typesupport_fastrtps_c
[9.428s] [ 61%] [32m[1mLinking CXX shared library libmy_service_interfaces__rosidl_typesupport_fastrtps_cpp.so[0m
[9.622s] [ 61%] Built target my_service_interfaces__rosidl_typesupport_fastrtps_cpp
[9.699s] [ 64%] [32mBuilding CXX object CMakeFiles/my_service_interfaces__rosidl_typesupport_c.dir/rosidl_typesupport_c/my_service_interfaces/srv/set_velocity__type_support.cpp.o[0m
[9.763s] [ 67%] [32mBuilding C object CMakeFiles/my_service_interfaces__rosidl_typesupport_introspection_c.dir/rosidl_typesupport_introspection_c/my_service_interfaces/srv/detail/set_velocity__type_support.c.o[0m
[9.778s] [ 70%] [32m[1mLinking CXX shared library libmy_service_interfaces__rosidl_typesupport_c.so[0m
[9.843s] [ 73%] [32m[1mLinking C shared library libmy_service_interfaces__rosidl_typesupport_introspection_c.so[0m
[9.848s] [ 73%] Built target my_service_interfaces__rosidl_typesupport_c
[9.902s] [ 73%] Built target my_service_interfaces__rosidl_typesupport_introspection_c
[9.943s] [ 73%] Built target my_service_interfaces
[9.992s] [ 76%] [34m[1mGenerating Python code for ROS interfaces[0m
[10.899s] [ 76%] Built target my_service_interfaces__py
[10.927s] [ 79%] [32mBuilding C object CMakeFiles/my_service_interfaces__rosidl_generator_py.dir/rosidl_generator_py/my_service_interfaces/srv/_set_velocity_s.c.o[0m
[11.196s] [ 82%] [32m[1mLinking C shared library libmy_service_interfaces__rosidl_generator_py.so[0m
[11.261s] [ 82%] Built target my_service_interfaces__rosidl_generator_py
[11.302s] [ 91%] [32mBuilding C object CMakeFiles/my_service_interfaces_s__rosidl_typesupport_introspection_c.dir/rosidl_generator_py/my_service_interfaces/_my_service_interfaces_s.ep.rosidl_typesupport_introspection_c.c.o[0m
[11.302s] [ 91%] [32mBuilding C object CMakeFiles/my_service_interfaces_s__rosidl_typesupport_fastrtps_c.dir/rosidl_generator_py/my_service_interfaces/_my_service_interfaces_s.ep.rosidl_typesupport_fastrtps_c.c.o[0m
[11.302s] [ 91%] [32mBuilding C object CMakeFiles/my_service_interfaces_s__rosidl_typesupport_c.dir/rosidl_generator_py/my_service_interfaces/_my_service_interfaces_s.ep.rosidl_typesupport_c.c.o[0m
[11.432s] [ 94%] [32m[1mLinking C shared module rosidl_generator_py/my_service_interfaces/my_service_interfaces_s__rosidl_typesupport_c.so[0m
[11.434s] [ 97%] [32m[1mLinking C shared module rosidl_generator_py/my_service_interfaces/my_service_interfaces_s__rosidl_typesupport_fastrtps_c.so[0m
[11.439s] [100%] [32m[1mLinking C shared module rosidl_generator_py/my_service_interfaces/my_service_interfaces_s__rosidl_typesupport_introspection_c.so[0m
[11.469s] [100%] Built target my_service_interfaces_s__rosidl_typesupport_c
[11.472s] [100%] Built target my_service_interfaces_s__rosidl_typesupport_fastrtps_c
[11.480s] [100%] Built target my_service_interfaces_s__rosidl_typesupport_introspection_c
[11.493s] Invoked command in '/home/thundersen48/ros2_ws6/build/my_service_interfaces' returned '0': CMAKE_PREFIX_PATH=${CMAKE_PREFIX_PATH}:/opt/ros/jazzy DEBUGINFOD_URLS=https://debuginfod.ubuntu.com /usr/bin/cmake --build /home/thundersen48/ros2_ws6/build/my_service_interfaces -- -j4 -l4
[11.506s] Invoking command in '/home/thundersen48/ros2_ws6/build/my_service_interfaces': CMAKE_PREFIX_PATH=${CMAKE_PREFIX_PATH}:/opt/ros/jazzy DEBUGINFOD_URLS=https://debuginfod.ubuntu.com /usr/bin/cmake --install /home/thundersen48/ros2_ws6/build/my_service_interfaces
[11.537s] -- Install configuration: ""
[11.537s] -- Installing: /home/thundersen48/ros2_ws6/install/my_service_interfaces/share/ament_index/resource_index/rosidl_interfaces/my_service_interfaces
[11.537s] -- Installing: /home/thundersen48/ros2_ws6/install/my_service_interfaces/share/my_service_interfaces/srv/SetVelocity.json
[11.537s] -- Installing: /home/thundersen48/ros2_ws6/install/my_service_interfaces/include/my_service_interfaces/my_service_interfaces
[11.537s] -- Installing: /home/thundersen48/ros2_ws6/install/my_service_interfaces/include/my_service_interfaces/my_service_interfaces/msg
[11.537s] -- Installing: /home/thundersen48/ros2_ws6/install/my_service_interfaces/include/my_service_interfaces/my_service_interfaces/msg/rosidl_generator_c__visibility_control.h
[11.537s] -- Installing: /home/thundersen48/ros2_ws6/install/my_service_interfaces/include/my_service_interfaces/my_service_interfaces/srv
[11.537s] -- Installing: /home/thundersen48/ros2_ws6/install/my_service_interfaces/include/my_service_interfaces/my_service_interfaces/srv/detail
[11.538s] -- Installing: /home/thundersen48/ros2_ws6/install/my_service_interfaces/include/my_service_interfaces/my_service_interfaces/srv/detail/set_velocity__type_support.h
[11.538s] -- Installing: /home/thundersen48/ros2_ws6/install/my_service_interfaces/include/my_service_interfaces/my_service_interfaces/srv/detail/set_velocity__struct.h
[11.538s] -- Installing: /home/thundersen48/ros2_ws6/install/my_service_interfaces/include/my_service_interfaces/my_service_interfaces/srv/detail/set_velocity__functions.c
[11.538s] -- Installing: /home/thundersen48/ros2_ws6/install/my_service_interfaces/include/my_service_interfaces/my_service_interfaces/srv/detail/set_velocity__type_support.c
[11.538s] -- Installing: /home/thundersen48/ros2_ws6/install/my_service_interfaces/include/my_service_interfaces/my_service_interfaces/srv/detail/set_velocity__functions.h
[11.538s] -- Installing: /home/thundersen48/ros2_ws6/install/my_service_interfaces/include/my_service_interfaces/my_service_interfaces/srv/detail/set_velocity__description.c
[11.538s] -- Installing: /home/thundersen48/ros2_ws6/install/my_service_interfaces/include/my_service_interfaces/my_service_interfaces/srv/set_velocity.h
[11.538s] -- Installing: /home/thundersen48/ros2_ws6/install/my_service_interfaces/share/my_service_interfaces/environment/library_path.sh
[11.538s] -- Installing: /home/thundersen48/ros2_ws6/install/my_service_interfaces/share/my_service_interfaces/environment/library_path.dsv
[11.538s] -- Installing: /home/thundersen48/ros2_ws6/install/my_service_interfaces/lib/libmy_service_interfaces__rosidl_generator_c.so
[11.538s] -- Set non-toolchain portion of runtime path of "/home/thundersen48/ros2_ws6/install/my_service_interfaces/lib/libmy_service_interfaces__rosidl_generator_c.so" to ""
[11.539s] -- Up-to-date: /home/thundersen48/ros2_ws6/install/my_service_interfaces/include/my_service_interfaces/my_service_interfaces
[11.539s] -- Up-to-date: /home/thundersen48/ros2_ws6/install/my_service_interfaces/include/my_service_interfaces/my_service_interfaces/msg
[11.539s] -- Installing: /home/thundersen48/ros2_ws6/install/my_service_interfaces/include/my_service_interfaces/my_service_interfaces/msg/rosidl_typesupport_fastrtps_c__visibility_control.h
[11.539s] -- Up-to-date: /home/thundersen48/ros2_ws6/install/my_service_interfaces/include/my_service_interfaces/my_service_interfaces/srv
[11.539s] -- Up-to-date: /home/thundersen48/ros2_ws6/install/my_service_interfaces/include/my_service_interfaces/my_service_interfaces/srv/detail
[11.539s] -- Installing: /home/thundersen48/ros2_ws6/install/my_service_interfaces/include/my_service_interfaces/my_service_interfaces/srv/detail/set_velocity__rosidl_typesupport_fastrtps_c.h
[11.539s] -- Installing: /home/thundersen48/ros2_ws6/install/my_service_interfaces/lib/libmy_service_interfaces__rosidl_typesupport_fastrtps_c.so
[11.539s] -- Set non-toolchain portion of runtime path of "/home/thundersen48/ros2_ws6/install/my_service_interfaces/lib/libmy_service_interfaces__rosidl_typesupport_fastrtps_c.so" to ""
[11.539s] -- Up-to-date: /home/thundersen48/ros2_ws6/install/my_service_interfaces/include/my_service_interfaces/my_service_interfaces
[11.539s] -- Up-to-date: /home/thundersen48/ros2_ws6/install/my_service_interfaces/include/my_service_interfaces/my_service_interfaces/msg
[11.539s] -- Installing: /home/thundersen48/ros2_ws6/install/my_service_interfaces/include/my_service_interfaces/my_service_interfaces/msg/rosidl_typesupport_introspection_c__visibility_control.h
[11.540s] -- Up-to-date: /home/thundersen48/ros2_ws6/install/my_service_interfaces/include/my_service_interfaces/my_service_interfaces/srv
[11.540s] -- Up-to-date: /home/thundersen48/ros2_ws6/install/my_service_interfaces/include/my_service_interfaces/my_service_interfaces/srv/detail
[11.540s] -- Installing: /home/thundersen48/ros2_ws6/install/my_service_interfaces/include/my_service_interfaces/my_service_interfaces/srv/detail/set_velocity__type_support.c
[11.540s] -- Installing: /home/thundersen48/ros2_ws6/install/my_service_interfaces/include/my_service_interfaces/my_service_interfaces/srv/detail/set_velocity__rosidl_typesupport_introspection_c.h
[11.540s] -- Installing: /home/thundersen48/ros2_ws6/install/my_service_interfaces/lib/libmy_service_interfaces__rosidl_typesupport_introspection_c.so
[11.540s] -- Set non-toolchain portion of runtime path of "/home/thundersen48/ros2_ws6/install/my_service_interfaces/lib/libmy_service_interfaces__rosidl_typesupport_introspection_c.so" to ""
[11.540s] -- Installing: /home/thundersen48/ros2_ws6/install/my_service_interfaces/lib/libmy_service_interfaces__rosidl_typesupport_c.so
[11.540s] -- Set non-toolchain portion of runtime path of "/home/thundersen48/ros2_ws6/install/my_service_interfaces/lib/libmy_service_interfaces__rosidl_typesupport_c.so" to ""
[11.540s] -- Up-to-date: /home/thundersen48/ros2_ws6/install/my_service_interfaces/include/my_service_interfaces/my_service_interfaces
[11.540s] -- Up-to-date: /home/thundersen48/ros2_ws6/install/my_service_interfaces/include/my_service_interfaces/my_service_interfaces/msg
[11.540s] -- Installing: /home/thundersen48/ros2_ws6/install/my_service_interfaces/include/my_service_interfaces/my_service_interfaces/msg/rosidl_generator_cpp__visibility_control.hpp
[11.540s] -- Up-to-date: /home/thundersen48/ros2_ws6/install/my_service_interfaces/include/my_service_interfaces/my_service_interfaces/srv
[11.541s] -- Installing: /home/thundersen48/ros2_ws6/install/my_service_interfaces/include/my_service_interfaces/my_service_interfaces/srv/set_velocity.hpp
[11.541s] -- Up-to-date: /home/thundersen48/ros2_ws6/install/my_service_interfaces/include/my_service_interfaces/my_service_interfaces/srv/detail
[11.541s] -- Installing: /home/thundersen48/ros2_ws6/install/my_service_interfaces/include/my_service_interfaces/my_service_interfaces/srv/detail/set_velocity__builder.hpp
[11.541s] -- Installing: /home/thundersen48/ros2_ws6/install/my_service_interfaces/include/my_service_interfaces/my_service_interfaces/srv/detail/set_velocity__type_support.hpp
[11.541s] -- Installing: /home/thundersen48/ros2_ws6/install/my_service_interfaces/include/my_service_interfaces/my_service_interfaces/srv/detail/set_velocity__traits.hpp
[11.541s] -- Installing: /home/thundersen48/ros2_ws6/install/my_service_interfaces/include/my_service_interfaces/my_service_interfaces/srv/detail/set_velocity__struct.hpp
[11.541s] -- Up-to-date: /home/thundersen48/ros2_ws6/install/my_service_interfaces/include/my_service_interfaces/my_service_interfaces
[11.541s] -- Up-to-date: /home/thundersen48/ros2_ws6/install/my_service_interfaces/include/my_service_interfaces/my_service_interfaces/msg
[11.541s] -- Installing: /home/thundersen48/ros2_ws6/install/my_service_interfaces/include/my_service_interfaces/my_service_interfaces/msg/rosidl_typesupport_fastrtps_cpp__visibility_control.h
[11.541s] -- Up-to-date: /home/thundersen48/ros2_ws6/install/my_service_interfaces/include/my_service_interfaces/my_service_interfaces/srv
[11.541s] -- Up-to-date: /home/thundersen48/ros2_ws6/install/my_service_interfaces/include/my_service_interfaces/my_service_interfaces/srv/detail
[11.542s] -- Installing: /home/thundersen48/ros2_ws6/install/my_service_interfaces/include/my_service_interfaces/my_service_interfaces/srv/detail/set_velocity__rosidl_typesupport_fastrtps_cpp.hpp
[11.542s] -- Installing: /home/thundersen48/ros2_ws6/install/my_service_interfaces/include/my_service_interfaces/my_service_interfaces/srv/detail/dds_fastrtps
[11.542s] -- Installing: /home/thundersen48/ros2_ws6/install/my_service_interfaces/lib/libmy_service_interfaces__rosidl_typesupport_fastrtps_cpp.so
[11.542s] -- Set non-toolchain portion of runtime path of "/home/thundersen48/ros2_ws6/install/my_service_interfaces/lib/libmy_service_interfaces__rosidl_typesupport_fastrtps_cpp.so" to ""
[11.542s] -- Up-to-date: /home/thundersen48/ros2_ws6/install/my_service_interfaces/include/my_service_interfaces/my_service_interfaces
[11.542s] -- Up-to-date: /home/thundersen48/ros2_ws6/install/my_service_interfaces/include/my_service_interfaces/my_service_interfaces/srv
[11.542s] -- Up-to-date: /home/thundersen48/ros2_ws6/install/my_service_interfaces/include/my_service_interfaces/my_service_interfaces/srv/detail
[11.542s] -- Installing: /home/thundersen48/ros2_ws6/install/my_service_interfaces/include/my_service_interfaces/my_service_interfaces/srv/detail/set_velocity__rosidl_typesupport_introspection_cpp.hpp
[11.542s] -- Installing: /home/thundersen48/ros2_ws6/install/my_service_interfaces/include/my_service_interfaces/my_service_interfaces/srv/detail/set_velocity__type_support.cpp
[11.542s] -- Installing: /home/thundersen48/ros2_ws6/install/my_service_interfaces/lib/libmy_service_interfaces__rosidl_typesupport_introspection_cpp.so
[11.542s] -- Set non-toolchain portion of runtime path of "/home/thundersen48/ros2_ws6/install/my_service_interfaces/lib/libmy_service_interfaces__rosidl_typesupport_introspection_cpp.so" to ""
[11.542s] -- Installing: /home/thundersen48/ros2_ws6/install/my_service_interfaces/lib/libmy_service_interfaces__rosidl_typesupport_cpp.so
[11.543s] -- Set non-toolchain portion of runtime path of "/home/thundersen48/ros2_ws6/install/my_service_interfaces/lib/libmy_service_interfaces__rosidl_typesupport_cpp.so" to ""
[11.543s] -- Installing: /home/thundersen48/ros2_ws6/install/my_service_interfaces/share/my_service_interfaces/environment/pythonpath.sh
[11.543s] -- Installing: /home/thundersen48/ros2_ws6/install/my_service_interfaces/share/my_service_interfaces/environment/pythonpath.dsv
[11.543s] -- Installing: /home/thundersen48/ros2_ws6/install/my_service_interfaces/lib/python3.12/site-packages/my_service_interfaces-0.0.0-py3.12.egg-info
[11.543s] -- Installing: /home/thundersen48/ros2_ws6/install/my_service_interfaces/lib/python3.12/site-packages/my_service_interfaces-0.0.0-py3.12.egg-info/SOURCES.txt
[11.543s] -- Installing: /home/thundersen48/ros2_ws6/install/my_service_interfaces/lib/python3.12/site-packages/my_service_interfaces-0.0.0-py3.12.egg-info/top_level.txt
[11.543s] -- Installing: /home/thundersen48/ros2_ws6/install/my_service_interfaces/lib/python3.12/site-packages/my_service_interfaces-0.0.0-py3.12.egg-info/PKG-INFO
[11.543s] -- Installing: /home/thundersen48/ros2_ws6/install/my_service_interfaces/lib/python3.12/site-packages/my_service_interfaces-0.0.0-py3.12.egg-info/dependency_links.txt
[11.543s] -- Installing: /home/thundersen48/ros2_ws6/install/my_service_interfaces/lib/python3.12/site-packages/my_service_interfaces
[11.543s] -- Installing: /home/thundersen48/ros2_ws6/install/my_service_interfaces/lib/python3.12/site-packages/my_service_interfaces/__init__.py
[11.543s] -- Installing: /home/thundersen48/ros2_ws6/install/my_service_interfaces/lib/python3.12/site-packages/my_service_interfaces/_my_service_interfaces_s.ep.rosidl_typesupport_fastrtps_c.c
[11.544s] -- Installing: /home/thundersen48/ros2_ws6/install/my_service_interfaces/lib/python3.12/site-packages/my_service_interfaces/my_service_interfaces_s__rosidl_typesupport_fastrtps_c.so
[11.544s] -- Installing: /home/thundersen48/ros2_ws6/install/my_service_interfaces/lib/python3.12/site-packages/my_service_interfaces/_my_service_interfaces_s.ep.rosidl_typesupport_introspection_c.c
[11.544s] -- Installing: /home/thundersen48/ros2_ws6/install/my_service_interfaces/lib/python3.12/site-packages/my_service_interfaces/my_service_interfaces_s__rosidl_typesupport_introspection_c.so
[11.544s] -- Installing: /home/thundersen48/ros2_ws6/install/my_service_interfaces/lib/python3.12/site-packages/my_service_interfaces/_my_service_interfaces_s.ep.rosidl_typesupport_c.c
[11.544s] -- Installing: /home/thundersen48/ros2_ws6/install/my_service_interfaces/lib/python3.12/site-packages/my_service_interfaces/srv
[11.544s] -- Installing: /home/thundersen48/ros2_ws6/install/my_service_interfaces/lib/python3.12/site-packages/my_service_interfaces/srv/__init__.py
[11.544s] -- Installing: /home/thundersen48/ros2_ws6/install/my_service_interfaces/lib/python3.12/site-packages/my_service_interfaces/srv/_set_velocity.py
[11.544s] -- Installing: /home/thundersen48/ros2_ws6/install/my_service_interfaces/lib/python3.12/site-packages/my_service_interfaces/srv/_set_velocity_s.c
[11.544s] -- Installing: /home/thundersen48/ros2_ws6/install/my_service_interfaces/lib/python3.12/site-packages/my_service_interfaces/my_service_interfaces_s__rosidl_typesupport_c.so
[11.579s] Listing '/home/thundersen48/ros2_ws6/install/my_service_interfaces/lib/python3.12/site-packages/my_service_interfaces'...
[11.579s] Compiling '/home/thundersen48/ros2_ws6/install/my_service_interfaces/lib/python3.12/site-packages/my_service_interfaces/__init__.py'...
[11.579s] Listing '/home/thundersen48/ros2_ws6/install/my_service_interfaces/lib/python3.12/site-packages/my_service_interfaces/srv'...
[11.579s] Compiling '/home/thundersen48/ros2_ws6/install/my_service_interfaces/lib/python3.12/site-packages/my_service_interfaces/srv/__init__.py'...
[11.580s] Compiling '/home/thundersen48/ros2_ws6/install/my_service_interfaces/lib/python3.12/site-packages/my_service_interfaces/srv/_set_velocity.py'...
[11.589s] -- Installing: /home/thundersen48/ros2_ws6/install/my_service_interfaces/lib/python3.12/site-packages/my_service_interfaces/my_service_interfaces_s__rosidl_typesupport_fastrtps_c.so
[11.590s] -- Set non-toolchain portion of runtime path of "/home/thundersen48/ros2_ws6/install/my_service_interfaces/lib/python3.12/site-packages/my_service_interfaces/my_service_interfaces_s__rosidl_typesupport_fastrtps_c.so" to ""
[11.590s] -- Installing: /home/thundersen48/ros2_ws6/install/my_service_interfaces/lib/python3.12/site-packages/my_service_interfaces/my_service_interfaces_s__rosidl_typesupport_introspection_c.so
[11.591s] -- Set non-toolchain portion of runtime path of "/home/thundersen48/ros2_ws6/install/my_service_interfaces/lib/python3.12/site-packages/my_service_interfaces/my_service_interfaces_s__rosidl_typesupport_introspection_c.so" to ""
[11.591s] -- Installing: /home/thundersen48/ros2_ws6/install/my_service_interfaces/lib/python3.12/site-packages/my_service_interfaces/my_service_interfaces_s__rosidl_typesupport_c.so
[11.592s] -- Set non-toolchain portion of runtime path of "/home/thundersen48/ros2_ws6/install/my_service_interfaces/lib/python3.12/site-packages/my_service_interfaces/my_service_interfaces_s__rosidl_typesupport_c.so" to ""
[11.592s] -- Installing: /home/thundersen48/ros2_ws6/install/my_service_interfaces/lib/libmy_service_interfaces__rosidl_generator_py.so
[11.592s] -- Set non-toolchain portion of runtime path of "/home/thundersen48/ros2_ws6/install/my_service_interfaces/lib/libmy_service_interfaces__rosidl_generator_py.so" to ""
[11.592s] -- Installing: /home/thundersen48/ros2_ws6/install/my_service_interfaces/share/my_service_interfaces/srv/SetVelocity.idl
[11.592s] -- Installing: /home/thundersen48/ros2_ws6/install/my_service_interfaces/share/my_service_interfaces/srv/SetVelocity.srv
[11.592s] -- Installing: /home/thundersen48/ros2_ws6/install/my_service_interfaces/share/ament_index/resource_index/package_run_dependencies/my_service_interfaces
[11.593s] -- Installing: /home/thundersen48/ros2_ws6/install/my_service_interfaces/share/ament_index/resource_index/parent_prefix_path/my_service_interfaces
[11.593s] -- Installing: /home/thundersen48/ros2_ws6/install/my_service_interfaces/share/my_service_interfaces/environment/ament_prefix_path.sh
[11.593s] -- Installing: /home/thundersen48/ros2_ws6/install/my_service_interfaces/share/my_service_interfaces/environment/ament_prefix_path.dsv
[11.593s] -- Installing: /home/thundersen48/ros2_ws6/install/my_service_interfaces/share/my_service_interfaces/environment/path.sh
[11.593s] -- Installing: /home/thundersen48/ros2_ws6/install/my_service_interfaces/share/my_service_interfaces/environment/path.dsv
[11.593s] -- Installing: /home/thundersen48/ros2_ws6/install/my_service_interfaces/share/my_service_interfaces/local_setup.bash
[11.593s] -- Installing: /home/thundersen48/ros2_ws6/install/my_service_interfaces/share/my_service_interfaces/local_setup.sh
[11.593s] -- Installing: /home/thundersen48/ros2_ws6/install/my_service_interfaces/share/my_service_interfaces/local_setup.zsh
[11.594s] -- Installing: /home/thundersen48/ros2_ws6/install/my_service_interfaces/share/my_service_interfaces/local_setup.dsv
[11.594s] -- Installing: /home/thundersen48/ros2_ws6/install/my_service_interfaces/share/my_service_interfaces/package.dsv
[11.594s] -- Installing: /home/thundersen48/ros2_ws6/install/my_service_interfaces/share/ament_index/resource_index/packages/my_service_interfaces
[11.594s] -- Installing: /home/thundersen48/ros2_ws6/install/my_service_interfaces/share/my_service_interfaces/cmake/export_my_service_interfaces__rosidl_generator_cExport.cmake
[11.594s] -- Installing: /home/thundersen48/ros2_ws6/install/my_service_interfaces/share/my_service_interfaces/cmake/export_my_service_interfaces__rosidl_generator_cExport-noconfig.cmake
[11.594s] -- Installing: /home/thundersen48/ros2_ws6/install/my_service_interfaces/share/my_service_interfaces/cmake/export_my_service_interfaces__rosidl_typesupport_fastrtps_cExport.cmake
[11.594s] -- Installing: /home/thundersen48/ros2_ws6/install/my_service_interfaces/share/my_service_interfaces/cmake/export_my_service_interfaces__rosidl_typesupport_fastrtps_cExport-noconfig.cmake
[11.594s] -- Installing: /home/thundersen48/ros2_ws6/install/my_service_interfaces/share/my_service_interfaces/cmake/my_service_interfaces__rosidl_typesupport_introspection_cExport.cmake
[11.595s] -- Installing: /home/thundersen48/ros2_ws6/install/my_service_interfaces/share/my_service_interfaces/cmake/my_service_interfaces__rosidl_typesupport_introspection_cExport-noconfig.cmake
[11.595s] -- Installing: /home/thundersen48/ros2_ws6/install/my_service_interfaces/share/my_service_interfaces/cmake/my_service_interfaces__rosidl_typesupport_cExport.cmake
[11.595s] -- Installing: /home/thundersen48/ros2_ws6/install/my_service_interfaces/share/my_service_interfaces/cmake/my_service_interfaces__rosidl_typesupport_cExport-noconfig.cmake
[11.595s] -- Installing: /home/thundersen48/ros2_ws6/install/my_service_interfaces/share/my_service_interfaces/cmake/export_my_service_interfaces__rosidl_generator_cppExport.cmake
[11.595s] -- Installing: /home/thundersen48/ros2_ws6/install/my_service_interfaces/share/my_service_interfaces/cmake/export_my_service_interfaces__rosidl_typesupport_fastrtps_cppExport.cmake
[11.595s] -- Installing: /home/thundersen48/ros2_ws6/install/my_service_interfaces/share/my_service_interfaces/cmake/export_my_service_interfaces__rosidl_typesupport_fastrtps_cppExport-noconfig.cmake
[11.595s] -- Installing: /home/thundersen48/ros2_ws6/install/my_service_interfaces/share/my_service_interfaces/cmake/my_service_interfaces__rosidl_typesupport_introspection_cppExport.cmake
[11.595s] -- Installing: /home/thundersen48/ros2_ws6/install/my_service_interfaces/share/my_service_interfaces/cmake/my_service_interfaces__rosidl_typesupport_introspection_cppExport-noconfig.cmake
[11.596s] -- Installing: /home/thundersen48/ros2_ws6/install/my_service_interfaces/share/my_service_interfaces/cmake/my_service_interfaces__rosidl_typesupport_cppExport.cmake
[11.596s] -- Installing: /home/thundersen48/ros2_ws6/install/my_service_interfaces/share/my_service_interfaces/cmake/my_service_interfaces__rosidl_typesupport_cppExport-noconfig.cmake
[11.596s] -- Installing: /home/thundersen48/ros2_ws6/install/my_service_interfaces/share/my_service_interfaces/cmake/export_my_service_interfaces__rosidl_generator_pyExport.cmake
[11.596s] -- Installing: /home/thundersen48/ros2_ws6/install/my_service_interfaces/share/my_service_interfaces/cmake/export_my_service_interfaces__rosidl_generator_pyExport-noconfig.cmake
[11.596s] -- Installing: /home/thundersen48/ros2_ws6/install/my_service_interfaces/share/my_service_interfaces/cmake/rosidl_cmake-extras.cmake
[11.596s] -- Installing: /home/thundersen48/ros2_ws6/install/my_service_interfaces/share/my_service_interfaces/cmake/ament_cmake_export_dependencies-extras.cmake
[11.596s] -- Installing: /home/thundersen48/ros2_ws6/install/my_service_interfaces/share/my_service_interfaces/cmake/ament_cmake_export_include_directories-extras.cmake
[11.596s] -- Installing: /home/thundersen48/ros2_ws6/install/my_service_interfaces/share/my_service_interfaces/cmake/ament_cmake_export_libraries-extras.cmake
[11.597s] -- Installing: /home/thundersen48/ros2_ws6/install/my_service_interfaces/share/my_service_interfaces/cmake/ament_cmake_export_targets-extras.cmake
[11.597s] -- Installing: /home/thundersen48/ros2_ws6/install/my_service_interfaces/share/my_service_interfaces/cmake/rosidl_cmake_export_typesupport_targets-extras.cmake
[11.597s] -- Installing: /home/thundersen48/ros2_ws6/install/my_service_interfaces/share/my_service_interfaces/cmake/rosidl_cmake_export_typesupport_libraries-extras.cmake
[11.597s] -- Installing: /home/thundersen48/ros2_ws6/install/my_service_interfaces/share/my_service_interfaces/cmake/my_service_interfacesConfig.cmake
[11.597s] -- Installing: /home/thundersen48/ros2_ws6/install/my_service_interfaces/share/my_service_interfaces/cmake/my_service_interfacesConfig-version.cmake
[11.597s] -- Installing: /home/thundersen48/ros2_ws6/install/my_service_interfaces/share/my_service_interfaces/package.xml
[11.600s] Invoked command in '/home/thundersen48/ros2_ws6/build/my_service_interfaces' returned '0': CMAKE_PREFIX_PATH=${CMAKE_PREFIX_PATH}:/opt/ros/jazzy DEBUGINFOD_URLS=https://debuginfod.ubuntu.com /usr/bin/cmake --install /home/thundersen48/ros2_ws6/build/my_service_interfaces
