[1.452s] Invoking command in '/home/thundersen48/ros2_ws6/src/my_service_client': AMENT_PREFIX_PATH=/home/thundersen48/ros2_ws6/install/my_service_interfaces:${AMENT_PREFIX_PATH} CMAKE_PREFIX_PATH=/home/thundersen48/ros2_ws6/install/my_service_interfaces:${CMAKE_PREFIX_PATH} DEBUGINFOD_URLS=https://debuginfod.ubuntu.com LD_LIBRARY_PATH=/home/thundersen48/ros2_ws6/install/my_service_interfaces/lib:${LD_LIBRARY_PATH} PYTHONPATH=/home/thundersen48/ros2_ws6/build/my_service_client/prefix_override:/usr/lib/python3/dist-packages/colcon_core/task/python/colcon_distutils_commands:/home/thundersen48/ros2_ws6/install/my_service_client/lib/python3.12/site-packages:/home/thundersen48/ros2_ws6/install/my_service_interfaces/lib/python3.12/site-packages:${PYTHONPATH} /usr/bin/python3 -W ignore:setup.py install is deprecated -W ignore:easy_install command is deprecated setup.py egg_info --egg-base ../../build/my_service_client build --build-base /home/thundersen48/ros2_ws6/build/my_service_client/build install --record /home/thundersen48/ros2_ws6/build/my_service_client/install.log --single-version-externally-managed install_data
[1.830s] running egg_info
[1.861s] writing ../../build/my_service_client/my_service_client.egg-info/PKG-INFO
[1.862s] writing dependency_links to ../../build/my_service_client/my_service_client.egg-info/dependency_links.txt
[1.863s] writing entry points to ../../build/my_service_client/my_service_client.egg-info/entry_points.txt
[1.863s] writing requirements to ../../build/my_service_client/my_service_client.egg-info/requires.txt
[1.863s] writing top-level names to ../../build/my_service_client/my_service_client.egg-info/top_level.txt
[1.923s] reading manifest file '../../build/my_service_client/my_service_client.egg-info/SOURCES.txt'
[1.924s] writing manifest file '../../build/my_service_client/my_service_client.egg-info/SOURCES.txt'
[1.924s] running build
[1.925s] running build_py
[1.925s] running install
[1.936s] running install_lib
[1.967s] running install_data
[1.967s] running install_egg_info
[2.000s] removing '/home/thundersen48/ros2_ws6/install/my_service_client/lib/python3.12/site-packages/my_service_client-0.0.0-py3.12.egg-info' (and everything under it)
[2.000s] Copying ../../build/my_service_client/my_service_client.egg-info to /home/thundersen48/ros2_ws6/install/my_service_client/lib/python3.12/site-packages/my_service_client-0.0.0-py3.12.egg-info
[2.002s] running install_scripts
[2.186s] Installing velocity_client script to /home/thundersen48/ros2_ws6/install/my_service_client/lib/my_service_client
[2.188s] writing list of installed files to '/home/thundersen48/ros2_ws6/build/my_service_client/install.log'
[2.248s] Invoked command in '/home/thundersen48/ros2_ws6/src/my_service_client' returned '0': AMENT_PREFIX_PATH=/home/thundersen48/ros2_ws6/install/my_service_interfaces:${AMENT_PREFIX_PATH} CMAKE_PREFIX_PATH=/home/thundersen48/ros2_ws6/install/my_service_interfaces:${CMAKE_PREFIX_PATH} DEBUGINFOD_URLS=https://debuginfod.ubuntu.com LD_LIBRARY_PATH=/home/thundersen48/ros2_ws6/install/my_service_interfaces/lib:${LD_LIBRARY_PATH} PYTHONPATH=/home/thundersen48/ros2_ws6/build/my_service_client/prefix_override:/usr/lib/python3/dist-packages/colcon_core/task/python/colcon_distutils_commands:/home/thundersen48/ros2_ws6/install/my_service_client/lib/python3.12/site-packages:/home/thundersen48/ros2_ws6/install/my_service_interfaces/lib/python3.12/site-packages:${PYTHONPATH} /usr/bin/python3 -W ignore:setup.py install is deprecated -W ignore:easy_install command is deprecated setup.py egg_info --egg-base ../../build/my_service_client build --build-base /home/thundersen48/ros2_ws6/build/my_service_client/build install --record /home/thundersen48/ros2_ws6/build/my_service_client/install.log --single-version-externally-managed install_data
