[2.609s] Invoking command in '/home/thundersen48/ros2_ws4/src/listener': DEBUGINFOD_URLS=https://debuginfod.ubuntu.com PYTHONPATH=/home/thundersen48/ros2_ws4/build/listener/prefix_override:/usr/lib/python3/dist-packages/colcon_core/task/python/colcon_distutils_commands:/home/thundersen48/ros2_ws4/install/listener/lib/python3.12/site-packages:${PYTHONPATH} /usr/bin/python3 -W ignore:setup.py install is deprecated -W ignore:easy_install command is deprecated setup.py egg_info --egg-base ../../build/listener build --build-base /home/thundersen48/ros2_ws4/build/listener/build install --record /home/thundersen48/ros2_ws4/build/listener/install.log --single-version-externally-managed install_data
[3.273s] running egg_info
[3.329s] writing ../../build/listener/listener.egg-info/PKG-INFO
[3.330s] writing dependency_links to ../../build/listener/listener.egg-info/dependency_links.txt
[3.330s] writing entry points to ../../build/listener/listener.egg-info/entry_points.txt
[3.331s] writing requirements to ../../build/listener/listener.egg-info/requires.txt
[3.331s] writing top-level names to ../../build/listener/listener.egg-info/top_level.txt
[3.444s] reading manifest file '../../build/listener/listener.egg-info/SOURCES.txt'
[3.448s] writing manifest file '../../build/listener/listener.egg-info/SOURCES.txt'
[3.448s] running build
[3.448s] running build_py
[3.448s] running install
[3.467s] running install_lib
[3.523s] running install_data
[3.524s] running install_egg_info
[3.582s] removing '/home/thundersen48/ros2_ws4/install/listener/lib/python3.12/site-packages/listener-0.0.0-py3.12.egg-info' (and everything under it)
[3.582s] Copying ../../build/listener/listener.egg-info to /home/thundersen48/ros2_ws4/install/listener/lib/python3.12/site-packages/listener-0.0.0-py3.12.egg-info
[3.584s] running install_scripts
[3.910s] Installing listener script to /home/thundersen48/ros2_ws4/install/listener/lib/listener
[3.910s] writing list of installed files to '/home/thundersen48/ros2_ws4/build/listener/install.log'
[4.003s] Invoked command in '/home/thundersen48/ros2_ws4/src/listener' returned '0': DEBUGINFOD_URLS=https://debuginfod.ubuntu.com PYTHONPATH=/home/thundersen48/ros2_ws4/build/listener/prefix_override:/usr/lib/python3/dist-packages/colcon_core/task/python/colcon_distutils_commands:/home/thundersen48/ros2_ws4/install/listener/lib/python3.12/site-packages:${PYTHONPATH} /usr/bin/python3 -W ignore:setup.py install is deprecated -W ignore:easy_install command is deprecated setup.py egg_info --egg-base ../../build/listener build --build-base /home/thundersen48/ros2_ws4/build/listener/build install --record /home/thundersen48/ros2_ws4/build/listener/install.log --single-version-externally-managed install_data
