running egg_info
creating ../../build/my_service_server/my_service_server.egg-info
writing ../../build/my_service_server/my_service_server.egg-info/PKG-INFO
writing dependency_links to ../../build/my_service_server/my_service_server.egg-info/dependency_links.txt
writing entry points to ../../build/my_service_server/my_service_server.egg-info/entry_points.txt
writing requirements to ../../build/my_service_server/my_service_server.egg-info/requires.txt
writing top-level names to ../../build/my_service_server/my_service_server.egg-info/top_level.txt
writing manifest file '../../build/my_service_server/my_service_server.egg-info/SOURCES.txt'
reading manifest file '../../build/my_service_server/my_service_server.egg-info/SOURCES.txt'
writing manifest file '../../build/my_service_server/my_service_server.egg-info/SOURCES.txt'
running build
running build_py
creating /home/thundersen48/ros2_ws6/build/my_service_server/build
creating /home/thundersen48/ros2_ws6/build/my_service_server/build/lib
creating /home/thundersen48/ros2_ws6/build/my_service_server/build/lib/my_service_server
copying my_service_server/server_node.py -> /home/thundersen48/ros2_ws6/build/my_service_server/build/lib/my_service_server
copying my_service_server/__init__.py -> /home/thundersen48/ros2_ws6/build/my_service_server/build/lib/my_service_server
running install
running install_lib
creating /home/thundersen48/ros2_ws6/install/my_service_server/lib/python3.12/site-packages/my_service_server
copying /home/thundersen48/ros2_ws6/build/my_service_server/build/lib/my_service_server/server_node.py -> /home/thundersen48/ros2_ws6/install/my_service_server/lib/python3.12/site-packages/my_service_server
copying /home/thundersen48/ros2_ws6/build/my_service_server/build/lib/my_service_server/__init__.py -> /home/thundersen48/ros2_ws6/install/my_service_server/lib/python3.12/site-packages/my_service_server
byte-compiling /home/thundersen48/ros2_ws6/install/my_service_server/lib/python3.12/site-packages/my_service_server/server_node.py to server_node.cpython-312.pyc
byte-compiling /home/thundersen48/ros2_ws6/install/my_service_server/lib/python3.12/site-packages/my_service_server/__init__.py to __init__.cpython-312.pyc
running install_data
creating /home/thundersen48/ros2_ws6/install/my_service_server/share/ament_index
creating /home/thundersen48/ros2_ws6/install/my_service_server/share/ament_index/resource_index
creating /home/thundersen48/ros2_ws6/install/my_service_server/share/ament_index/resource_index/packages
copying resource/my_service_server -> /home/thundersen48/ros2_ws6/install/my_service_server/share/ament_index/resource_index/packages
copying package.xml -> /home/thundersen48/ros2_ws6/install/my_service_server/share/my_service_server
running install_egg_info
Copying ../../build/my_service_server/my_service_server.egg-info to /home/thundersen48/ros2_ws6/install/my_service_server/lib/python3.12/site-packages/my_service_server-0.0.0-py3.12.egg-info
running install_scripts
Installing velocity_server script to /home/thundersen48/ros2_ws6/install/my_service_server/lib/my_service_server
writing list of installed files to '/home/thundersen48/ros2_ws6/build/my_service_server/install.log'
