[1.475s] Invoking command in '/home/thundersen48/ros2_ws6/src/my_service_server': AMENT_PREFIX_PATH=/home/thundersen48/ros2_ws6/install/my_service_interfaces:${AMENT_PREFIX_PATH} CMAKE_PREFIX_PATH=/home/thundersen48/ros2_ws6/install/my_service_interfaces:${CMAKE_PREFIX_PATH} DEBUGINFOD_URLS=https://debuginfod.ubuntu.com LD_LIBRARY_PATH=/home/thundersen48/ros2_ws6/install/my_service_interfaces/lib:${LD_LIBRARY_PATH} PYTHONPATH=/home/thundersen48/ros2_ws6/build/my_service_server/prefix_override:/usr/lib/python3/dist-packages/colcon_core/task/python/colcon_distutils_commands:/home/thundersen48/ros2_ws6/install/my_service_server/lib/python3.12/site-packages:/home/thundersen48/ros2_ws6/install/my_service_interfaces/lib/python3.12/site-packages:${PYTHONPATH} /usr/bin/python3 -W ignore:setup.py install is deprecated -W ignore:easy_install command is deprecated setup.py egg_info --egg-base ../../build/my_service_server build --build-base /home/thundersen48/ros2_ws6/build/my_service_server/build install --record /home/thundersen48/ros2_ws6/build/my_service_server/install.log --single-version-externally-managed install_data
[1.863s] running egg_info
[1.863s] creating ../../build/my_service_server/my_service_server.egg-info
[1.893s] writing ../../build/my_service_server/my_service_server.egg-info/PKG-INFO
[1.894s] writing dependency_links to ../../build/my_service_server/my_service_server.egg-info/dependency_links.txt
[1.894s] writing entry points to ../../build/my_service_server/my_service_server.egg-info/entry_points.txt
[1.894s] writing requirements to ../../build/my_service_server/my_service_server.egg-info/requires.txt
[1.895s] writing top-level names to ../../build/my_service_server/my_service_server.egg-info/top_level.txt
[1.895s] writing manifest file '../../build/my_service_server/my_service_server.egg-info/SOURCES.txt'
[1.959s] reading manifest file '../../build/my_service_server/my_service_server.egg-info/SOURCES.txt'
[1.960s] writing manifest file '../../build/my_service_server/my_service_server.egg-info/SOURCES.txt'
[1.960s] running build
[1.960s] running build_py
[1.961s] creating /home/thundersen48/ros2_ws6/build/my_service_server/build
[1.961s] creating /home/thundersen48/ros2_ws6/build/my_service_server/build/lib
[1.961s] creating /home/thundersen48/ros2_ws6/build/my_service_server/build/lib/my_service_server
[1.961s] copying my_service_server/server_node.py -> /home/thundersen48/ros2_ws6/build/my_service_server/build/lib/my_service_server
[1.967s] copying my_service_server/__init__.py -> /home/thundersen48/ros2_ws6/build/my_service_server/build/lib/my_service_server
[1.968s] running install
[1.979s] running install_lib
[2.008s] creating /home/thundersen48/ros2_ws6/install/my_service_server/lib/python3.12/site-packages/my_service_server
[2.009s] copying /home/thundersen48/ros2_ws6/build/my_service_server/build/lib/my_service_server/server_node.py -> /home/thundersen48/ros2_ws6/install/my_service_server/lib/python3.12/site-packages/my_service_server
[2.009s] copying /home/thundersen48/ros2_ws6/build/my_service_server/build/lib/my_service_server/__init__.py -> /home/thundersen48/ros2_ws6/install/my_service_server/lib/python3.12/site-packages/my_service_server
[2.009s] byte-compiling /home/thundersen48/ros2_ws6/install/my_service_server/lib/python3.12/site-packages/my_service_server/server_node.py to server_node.cpython-312.pyc
[2.010s] byte-compiling /home/thundersen48/ros2_ws6/install/my_service_server/lib/python3.12/site-packages/my_service_server/__init__.py to __init__.cpython-312.pyc
[2.010s] Sorry: IndentationError: unindent does not match any outer indentation level (server_node.py, line 42)
[2.011s] running install_data
[2.012s] creating /home/thundersen48/ros2_ws6/install/my_service_server/share/ament_index
[2.012s] creating /home/thundersen48/ros2_ws6/install/my_service_server/share/ament_index/resource_index
[2.012s] creating /home/thundersen48/ros2_ws6/install/my_service_server/share/ament_index/resource_index/packages
[2.012s] copying resource/my_service_server -> /home/thundersen48/ros2_ws6/install/my_service_server/share/ament_index/resource_index/packages
[2.012s] copying package.xml -> /home/thundersen48/ros2_ws6/install/my_service_server/share/my_service_server
[2.012s] running install_egg_info
[2.043s] Copying ../../build/my_service_server/my_service_server.egg-info to /home/thundersen48/ros2_ws6/install/my_service_server/lib/python3.12/site-packages/my_service_server-0.0.0-py3.12.egg-info
[2.044s] running install_scripts
[2.227s] Installing velocity_server script to /home/thundersen48/ros2_ws6/install/my_service_server/lib/my_service_server
[2.229s] writing list of installed files to '/home/thundersen48/ros2_ws6/build/my_service_server/install.log'
[2.298s] Invoked command in '/home/thundersen48/ros2_ws6/src/my_service_server' returned '0': AMENT_PREFIX_PATH=/home/thundersen48/ros2_ws6/install/my_service_interfaces:${AMENT_PREFIX_PATH} CMAKE_PREFIX_PATH=/home/thundersen48/ros2_ws6/install/my_service_interfaces:${CMAKE_PREFIX_PATH} DEBUGINFOD_URLS=https://debuginfod.ubuntu.com LD_LIBRARY_PATH=/home/thundersen48/ros2_ws6/install/my_service_interfaces/lib:${LD_LIBRARY_PATH} PYTHONPATH=/home/thundersen48/ros2_ws6/build/my_service_server/prefix_override:/usr/lib/python3/dist-packages/colcon_core/task/python/colcon_distutils_commands:/home/thundersen48/ros2_ws6/install/my_service_server/lib/python3.12/site-packages:/home/thundersen48/ros2_ws6/install/my_service_interfaces/lib/python3.12/site-packages:${PYTHONPATH} /usr/bin/python3 -W ignore:setup.py install is deprecated -W ignore:easy_install command is deprecated setup.py egg_info --egg-base ../../build/my_service_server build --build-base /home/thundersen48/ros2_ws6/build/my_service_server/build install --record /home/thundersen48/ros2_ws6/build/my_service_server/install.log --single-version-externally-managed install_data
