running egg_info
writing ../../build/listener/listener.egg-info/PKG-INFO
writing dependency_links to ../../build/listener/listener.egg-info/dependency_links.txt
writing entry points to ../../build/listener/listener.egg-info/entry_points.txt
writing requirements to ../../build/listener/listener.egg-info/requires.txt
writing top-level names to ../../build/listener/listener.egg-info/top_level.txt
reading manifest file '../../build/listener/listener.egg-info/SOURCES.txt'
writing manifest file '../../build/listener/listener.egg-info/SOURCES.txt'
running build
running build_py
copying listener/listener_node.py -> /home/thundersen48/ros2_ws4/build/listener/build/lib/listener
running install
running install_lib
copying /home/thundersen48/ros2_ws4/build/listener/build/lib/listener/listener_node.py -> /home/thundersen48/ros2_ws4/install/listener/lib/python3.12/site-packages/listener
byte-compiling /home/thundersen48/ros2_ws4/install/listener/lib/python3.12/site-packages/listener/listener_node.py to listener_node.cpython-312.pyc
running install_data
running install_egg_info
removing '/home/thundersen48/ros2_ws4/install/listener/lib/python3.12/site-packages/listener-0.0.0-py3.12.egg-info' (and everything under it)
Copying ../../build/listener/listener.egg-info to /home/thundersen48/ros2_ws4/install/listener/lib/python3.12/site-packages/listener-0.0.0-py3.12.egg-info
running install_scripts
Installing listener script to /home/thundersen48/ros2_ws4/install/listener/lib/listener
writing list of installed files to '/home/thundersen48/ros2_ws4/build/listener/install.log'
