[2.593s] Invoking command in '/home/thundersen48/ros2_ws4/src/listener': DEBUGINFOD_URLS=https://debuginfod.ubuntu.com PYTHONPATH=/home/thundersen48/ros2_ws4/build/listener/prefix_override:/usr/lib/python3/dist-packages/colcon_core/task/python/colcon_distutils_commands:/home/thundersen48/ros2_ws4/install/listener/lib/python3.12/site-packages:${PYTHONPATH} /usr/bin/python3 -W ignore:setup.py install is deprecated -W ignore:easy_install command is deprecated setup.py egg_info --egg-base ../../build/listener build --build-base /home/thundersen48/ros2_ws4/build/listener/build install --record /home/thundersen48/ros2_ws4/build/listener/install.log --single-version-externally-managed install_data
[3.280s] running egg_info
[3.341s] writing ../../build/listener/listener.egg-info/PKG-INFO
[3.342s] writing dependency_links to ../../build/listener/listener.egg-info/dependency_links.txt
[3.342s] writing entry points to ../../build/listener/listener.egg-info/entry_points.txt
[3.343s] writing requirements to ../../build/listener/listener.egg-info/requires.txt
[3.343s] writing top-level names to ../../build/listener/listener.egg-info/top_level.txt
[3.454s] reading manifest file '../../build/listener/listener.egg-info/SOURCES.txt'
[3.456s] writing manifest file '../../build/listener/listener.egg-info/SOURCES.txt'
[3.456s] running build
[3.456s] running build_py
[3.457s] copying listener/listener_node.py -> /home/thundersen48/ros2_ws4/build/listener/build/lib/listener
[3.457s] running install
[3.476s] running install_lib
[3.535s] copying /home/thundersen48/ros2_ws4/build/listener/build/lib/listener/listener_node.py -> /home/thundersen48/ros2_ws4/install/listener/lib/python3.12/site-packages/listener
[3.536s] byte-compiling /home/thundersen48/ros2_ws4/install/listener/lib/python3.12/site-packages/listener/listener_node.py to listener_node.cpython-312.pyc
[3.538s] running install_data
[3.538s] running install_egg_info
[3.597s] removing '/home/thundersen48/ros2_ws4/install/listener/lib/python3.12/site-packages/listener-0.0.0-py3.12.egg-info' (and everything under it)
[3.597s] Copying ../../build/listener/listener.egg-info to /home/thundersen48/ros2_ws4/install/listener/lib/python3.12/site-packages/listener-0.0.0-py3.12.egg-info
[3.599s] running install_scripts
[3.933s] Installing listener script to /home/thundersen48/ros2_ws4/install/listener/lib/listener
[3.933s] writing list of installed files to '/home/thundersen48/ros2_ws4/build/listener/install.log'
[4.056s] Invoked command in '/home/thundersen48/ros2_ws4/src/listener' returned '0': DEBUGINFOD_URLS=https://debuginfod.ubuntu.com PYTHONPATH=/home/thundersen48/ros2_ws4/build/listener/prefix_override:/usr/lib/python3/dist-packages/colcon_core/task/python/colcon_distutils_commands:/home/thundersen48/ros2_ws4/install/listener/lib/python3.12/site-packages:${PYTHONPATH} /usr/bin/python3 -W ignore:setup.py install is deprecated -W ignore:easy_install command is deprecated setup.py egg_info --egg-base ../../build/listener build --build-base /home/thundersen48/ros2_ws4/build/listener/build install --record /home/thundersen48/ros2_ws4/build/listener/install.log --single-version-externally-managed install_data
