[0.776s] DEBUG:colcon:Command line arguments: ['/usr/bin/colcon', 'build']
[0.776s] DEBUG:colcon:Parsed command line arguments: Namespace(log_base=None, log_level=None, verb_name='build', build_base='build', install_base='install', merge_install=False, symlink_install=False, test_result_base=None, continue_on_error=False, executor='parallel', parallel_workers=4, event_handlers=None, ignore_user_meta=False, metas=['./colcon.meta'], base_paths=['.'], packages_ignore=None, packages_ignore_regex=None, paths=None, packages_up_to=None, packages_up_to_regex=None, packages_above=None, packages_above_and_dependencies=None, packages_above_depth=None, packages_select_by_dep=None, packages_skip_by_dep=None, packages_skip_up_to=None, packages_select_build_failed=False, packages_skip_build_finished=False, packages_select_test_failures=False, packages_skip_test_passed=False, packages_select=None, packages_skip=None, packages_select_regex=None, packages_skip_regex=None, packages_start=None, packages_end=None, allow_overriding=[], cmake_args=None, cmake_target=None, cmake_target_skip_unavailable=False, cmake_clean_cache=False, cmake_clean_first=False, cmake_force_configure=False, ament_cmake_args=None, catkin_cmake_args=None, catkin_skip_building_tests=False, mixin_files=None, mixin=None, verb_parser=<colcon_mixin.mixin.mixin_argument.MixinArgumentDecorator object at 0x7a607de9e300>, verb_extension=<colcon_core.verb.build.BuildVerb object at 0x7a607dfc22d0>, main=<bound method BuildVerb.main of <colcon_core.verb.build.BuildVerb object at 0x7a607dfc22d0>>, mixin_verb=('build',))
[0.932s] Level 1:colcon.colcon_core.package_discovery:discover_packages(colcon_meta) check parameters
[0.933s] Level 1:colcon.colcon_core.package_discovery:discover_packages(recursive) check parameters
[0.933s] Level 1:colcon.colcon_core.package_discovery:discover_packages(ignore) check parameters
[0.933s] Level 1:colcon.colcon_core.package_discovery:discover_packages(path) check parameters
[0.933s] Level 1:colcon.colcon_core.package_discovery:discover_packages(colcon_meta) discover
[0.933s] Level 1:colcon.colcon_core.package_discovery:discover_packages(recursive) discover
[0.933s] INFO:colcon.colcon_core.package_discovery:Crawling recursively for packages in '/home/thundersen48/ros2_ws4'
[0.933s] Level 1:colcon.colcon_core.package_identification:_identify(.) by extensions ['ignore', 'ignore_ament_install']
[0.933s] Level 1:colcon.colcon_core.package_identification:_identify(.) by extension 'ignore'
[0.933s] Level 1:colcon.colcon_core.package_identification:_identify(.) by extension 'ignore_ament_install'
[0.933s] Level 1:colcon.colcon_core.package_identification:_identify(.) by extensions ['colcon_pkg']
[0.933s] Level 1:colcon.colcon_core.package_identification:_identify(.) by extension 'colcon_pkg'
[0.934s] Level 1:colcon.colcon_core.package_identification:_identify(.) by extensions ['colcon_meta']
[0.934s] Level 1:colcon.colcon_core.package_identification:_identify(.) by extension 'colcon_meta'
[0.934s] Level 1:colcon.colcon_core.package_identification:_identify(.) by extensions ['ros']
[0.934s] Level 1:colcon.colcon_core.package_identification:_identify(.) by extension 'ros'
[1.020s] Level 1:colcon.colcon_core.package_identification:_identify(.) by extensions ['cmake', 'python']
[1.020s] Level 1:colcon.colcon_core.package_identification:_identify(.) by extension 'cmake'
[1.020s] Level 1:colcon.colcon_core.package_identification:_identify(.) by extension 'python'
[1.020s] Level 1:colcon.colcon_core.package_identification:_identify(.) by extensions ['python_setup_py']
[1.020s] Level 1:colcon.colcon_core.package_identification:_identify(.) by extension 'python_setup_py'
[1.021s] Level 1:colcon.colcon_core.package_identification:_identify(build) by extensions ['ignore', 'ignore_ament_install']
[1.021s] Level 1:colcon.colcon_core.package_identification:_identify(build) by extension 'ignore'
[1.021s] Level 1:colcon.colcon_core.package_identification:_identify(build) ignored
[1.021s] Level 1:colcon.colcon_core.package_identification:_identify(install) by extensions ['ignore', 'ignore_ament_install']
[1.022s] Level 1:colcon.colcon_core.package_identification:_identify(install) by extension 'ignore'
[1.022s] Level 1:colcon.colcon_core.package_identification:_identify(install) ignored
[1.022s] Level 1:colcon.colcon_core.package_identification:_identify(log) by extensions ['ignore', 'ignore_ament_install']
[1.022s] Level 1:colcon.colcon_core.package_identification:_identify(log) by extension 'ignore'
[1.022s] Level 1:colcon.colcon_core.package_identification:_identify(log) ignored
[1.023s] Level 1:colcon.colcon_core.package_identification:_identify(src) by extensions ['ignore', 'ignore_ament_install']
[1.023s] Level 1:colcon.colcon_core.package_identification:_identify(src) by extension 'ignore'
[1.023s] Level 1:colcon.colcon_core.package_identification:_identify(src) by extension 'ignore_ament_install'
[1.023s] Level 1:colcon.colcon_core.package_identification:_identify(src) by extensions ['colcon_pkg']
[1.023s] Level 1:colcon.colcon_core.package_identification:_identify(src) by extension 'colcon_pkg'
[1.023s] Level 1:colcon.colcon_core.package_identification:_identify(src) by extensions ['colcon_meta']
[1.023s] Level 1:colcon.colcon_core.package_identification:_identify(src) by extension 'colcon_meta'
[1.024s] Level 1:colcon.colcon_core.package_identification:_identify(src) by extensions ['ros']
[1.024s] Level 1:colcon.colcon_core.package_identification:_identify(src) by extension 'ros'
[1.024s] Level 1:colcon.colcon_core.package_identification:_identify(src) by extensions ['cmake', 'python']
[1.024s] Level 1:colcon.colcon_core.package_identification:_identify(src) by extension 'cmake'
[1.024s] Level 1:colcon.colcon_core.package_identification:_identify(src) by extension 'python'
[1.024s] Level 1:colcon.colcon_core.package_identification:_identify(src) by extensions ['python_setup_py']
[1.024s] Level 1:colcon.colcon_core.package_identification:_identify(src) by extension 'python_setup_py'
[1.025s] Level 1:colcon.colcon_core.package_identification:_identify(src/listener) by extensions ['ignore', 'ignore_ament_install']
[1.025s] Level 1:colcon.colcon_core.package_identification:_identify(src/listener) by extension 'ignore'
[1.025s] Level 1:colcon.colcon_core.package_identification:_identify(src/listener) by extension 'ignore_ament_install'
[1.025s] Level 1:colcon.colcon_core.package_identification:_identify(src/listener) by extensions ['colcon_pkg']
[1.025s] Level 1:colcon.colcon_core.package_identification:_identify(src/listener) by extension 'colcon_pkg'
[1.026s] Level 1:colcon.colcon_core.package_identification:_identify(src/listener) by extensions ['colcon_meta']
[1.026s] Level 1:colcon.colcon_core.package_identification:_identify(src/listener) by extension 'colcon_meta'
[1.026s] Level 1:colcon.colcon_core.package_identification:_identify(src/listener) by extensions ['ros']
[1.026s] Level 1:colcon.colcon_core.package_identification:_identify(src/listener) by extension 'ros'
[1.036s] DEBUG:colcon.colcon_core.package_identification:Package 'src/listener' with type 'ros.ament_python' and name 'listener'
[1.036s] Level 1:colcon.colcon_core.package_identification:_identify(src/talker) by extensions ['ignore', 'ignore_ament_install']
[1.036s] Level 1:colcon.colcon_core.package_identification:_identify(src/talker) by extension 'ignore'
[1.036s] Level 1:colcon.colcon_core.package_identification:_identify(src/talker) by extension 'ignore_ament_install'
[1.037s] Level 1:colcon.colcon_core.package_identification:_identify(src/talker) by extensions ['colcon_pkg']
[1.037s] Level 1:colcon.colcon_core.package_identification:_identify(src/talker) by extension 'colcon_pkg'
[1.037s] Level 1:colcon.colcon_core.package_identification:_identify(src/talker) by extensions ['colcon_meta']
[1.037s] Level 1:colcon.colcon_core.package_identification:_identify(src/talker) by extension 'colcon_meta'
[1.037s] Level 1:colcon.colcon_core.package_identification:_identify(src/talker) by extensions ['ros']
[1.037s] Level 1:colcon.colcon_core.package_identification:_identify(src/talker) by extension 'ros'
[1.039s] DEBUG:colcon.colcon_core.package_identification:Package 'src/talker' with type 'ros.ament_python' and name 'talker'
[1.039s] Level 1:colcon.colcon_core.package_discovery:discover_packages(recursive) using defaults
[1.040s] Level 1:colcon.colcon_core.package_discovery:discover_packages(ignore) discover
[1.040s] Level 1:colcon.colcon_core.package_discovery:discover_packages(ignore) using defaults
[1.040s] Level 1:colcon.colcon_core.package_discovery:discover_packages(path) discover
[1.040s] Level 1:colcon.colcon_core.package_discovery:discover_packages(path) using defaults
[1.141s] Level 1:colcon.colcon_core.package_discovery:discover_packages(prefix_path) check parameters
[1.142s] Level 1:colcon.colcon_core.package_discovery:discover_packages(prefix_path) discover
[1.174s] DEBUG:colcon.colcon_installed_package_information.package_discovery:Found 519 installed packages in /opt/ros/jazzy
[1.183s] Level 1:colcon.colcon_core.package_discovery:discover_packages(prefix_path) using defaults
[1.713s] Level 5:colcon.colcon_core.verb:set package 'listener' build argument 'cmake_args' from command line to 'None'
[1.713s] Level 5:colcon.colcon_core.verb:set package 'listener' build argument 'cmake_target' from command line to 'None'
[1.713s] Level 5:colcon.colcon_core.verb:set package 'listener' build argument 'cmake_target_skip_unavailable' from command line to 'False'
[1.713s] Level 5:colcon.colcon_core.verb:set package 'listener' build argument 'cmake_clean_cache' from command line to 'False'
[1.713s] Level 5:colcon.colcon_core.verb:set package 'listener' build argument 'cmake_clean_first' from command line to 'False'
[1.713s] Level 5:colcon.colcon_core.verb:set package 'listener' build argument 'cmake_force_configure' from command line to 'False'
[1.713s] Level 5:colcon.colcon_core.verb:set package 'listener' build argument 'ament_cmake_args' from command line to 'None'
[1.714s] Level 5:colcon.colcon_core.verb:set package 'listener' build argument 'catkin_cmake_args' from command line to 'None'
[1.714s] Level 5:colcon.colcon_core.verb:set package 'listener' build argument 'catkin_skip_building_tests' from command line to 'False'
[1.714s] DEBUG:colcon.colcon_core.verb:Building package 'listener' with the following arguments: {'ament_cmake_args': None, 'build_base': '/home/thundersen48/ros2_ws4/build/listener', 'catkin_cmake_args': None, 'catkin_skip_building_tests': False, 'cmake_args': None, 'cmake_clean_cache': False, 'cmake_clean_first': False, 'cmake_force_configure': False, 'cmake_target': None, 'cmake_target_skip_unavailable': False, 'install_base': '/home/thundersen48/ros2_ws4/install/listener', 'merge_install': False, 'path': '/home/thundersen48/ros2_ws4/src/listener', 'symlink_install': False, 'test_result_base': None}
[1.714s] Level 5:colcon.colcon_core.verb:set package 'talker' build argument 'cmake_args' from command line to 'None'
[1.714s] Level 5:colcon.colcon_core.verb:set package 'talker' build argument 'cmake_target' from command line to 'None'
[1.714s] Level 5:colcon.colcon_core.verb:set package 'talker' build argument 'cmake_target_skip_unavailable' from command line to 'False'
[1.714s] Level 5:colcon.colcon_core.verb:set package 'talker' build argument 'cmake_clean_cache' from command line to 'False'
[1.714s] Level 5:colcon.colcon_core.verb:set package 'talker' build argument 'cmake_clean_first' from command line to 'False'
[1.714s] Level 5:colcon.colcon_core.verb:set package 'talker' build argument 'cmake_force_configure' from command line to 'False'
[1.714s] Level 5:colcon.colcon_core.verb:set package 'talker' build argument 'ament_cmake_args' from command line to 'None'
[1.715s] Level 5:colcon.colcon_core.verb:set package 'talker' build argument 'catkin_cmake_args' from command line to 'None'
[1.715s] Level 5:colcon.colcon_core.verb:set package 'talker' build argument 'catkin_skip_building_tests' from command line to 'False'
[1.715s] DEBUG:colcon.colcon_core.verb:Building package 'talker' with the following arguments: {'ament_cmake_args': None, 'build_base': '/home/thundersen48/ros2_ws4/build/talker', 'catkin_cmake_args': None, 'catkin_skip_building_tests': False, 'cmake_args': None, 'cmake_clean_cache': False, 'cmake_clean_first': False, 'cmake_force_configure': False, 'cmake_target': None, 'cmake_target_skip_unavailable': False, 'install_base': '/home/thundersen48/ros2_ws4/install/talker', 'merge_install': False, 'path': '/home/thundersen48/ros2_ws4/src/talker', 'symlink_install': False, 'test_result_base': None}
[1.715s] INFO:colcon.colcon_core.executor:Executing jobs using 'parallel' executor
[1.717s] DEBUG:colcon.colcon_parallel_executor.executor.parallel:run_until_complete
[1.717s] INFO:colcon.colcon_ros.task.ament_python.build:Building ROS package in '/home/thundersen48/ros2_ws4/src/listener' with build type 'ament_python'
[1.718s] Level 1:colcon.colcon_core.shell:create_environment_hook('listener', 'ament_prefix_path')
[1.740s] INFO:colcon.colcon_core.plugin_system:Skipping extension 'colcon_core.shell.bat': Not used on non-Windows systems
[1.740s] INFO:colcon.colcon_core.shell:Creating environment hook '/home/thundersen48/ros2_ws4/install/listener/share/listener/hook/ament_prefix_path.ps1'
[1.746s] INFO:colcon.colcon_core.shell:Creating environment descriptor '/home/thundersen48/ros2_ws4/install/listener/share/listener/hook/ament_prefix_path.dsv'
[1.747s] INFO:colcon.colcon_core.shell:Creating environment hook '/home/thundersen48/ros2_ws4/install/listener/share/listener/hook/ament_prefix_path.sh'
[1.749s] INFO:colcon.colcon_core.shell:Skip shell extension 'powershell' for command environment: Not usable outside of PowerShell
[1.749s] DEBUG:colcon.colcon_core.shell:Skip shell extension 'dsv' for command environment
[1.758s] INFO:colcon.colcon_ros.task.ament_python.build:Building ROS package in '/home/thundersen48/ros2_ws4/src/talker' with build type 'ament_python'
[1.759s] Level 1:colcon.colcon_core.shell:create_environment_hook('talker', 'ament_prefix_path')
[1.759s] INFO:colcon.colcon_core.shell:Creating environment hook '/home/thundersen48/ros2_ws4/install/talker/share/talker/hook/ament_prefix_path.ps1'
[1.760s] INFO:colcon.colcon_core.shell:Creating environment descriptor '/home/thundersen48/ros2_ws4/install/talker/share/talker/hook/ament_prefix_path.dsv'
[1.761s] INFO:colcon.colcon_core.shell:Creating environment hook '/home/thundersen48/ros2_ws4/install/talker/share/talker/hook/ament_prefix_path.sh'
[1.762s] INFO:colcon.colcon_core.shell:Skip shell extension 'powershell' for command environment: Not usable outside of PowerShell
[1.762s] DEBUG:colcon.colcon_core.shell:Skip shell extension 'dsv' for command environment
[2.281s] INFO:colcon.colcon_core.task.python.build:Building Python package in '/home/thundersen48/ros2_ws4/src/listener'
[2.282s] INFO:colcon.colcon_core.shell:Skip shell extension 'powershell' for command environment: Not usable outside of PowerShell
[2.282s] DEBUG:colcon.colcon_core.shell:Skip shell extension 'dsv' for command environment
[2.884s] INFO:colcon.colcon_core.task.python.build:Building Python package in '/home/thundersen48/ros2_ws4/src/talker'
[2.885s] INFO:colcon.colcon_core.shell:Skip shell extension 'powershell' for command environment: Not usable outside of PowerShell
[2.885s] DEBUG:colcon.colcon_core.shell:Skip shell extension 'dsv' for command environment
[4.912s] DEBUG:colcon.colcon_core.event_handler.log_command:Invoking command in '/home/thundersen48/ros2_ws4/src/talker': DEBUGINFOD_URLS=https://debuginfod.ubuntu.com PYTHONPATH=/home/thundersen48/ros2_ws4/build/talker/prefix_override:/usr/lib/python3/dist-packages/colcon_core/task/python/colcon_distutils_commands:/home/thundersen48/ros2_ws4/install/talker/lib/python3.12/site-packages:${PYTHONPATH} /usr/bin/python3 -W ignore:setup.py install is deprecated -W ignore:easy_install command is deprecated setup.py egg_info --egg-base ../../build/talker build --build-base /home/thundersen48/ros2_ws4/build/talker/build install --record /home/thundersen48/ros2_ws4/build/talker/install.log --single-version-externally-managed install_data
[4.930s] DEBUG:colcon.colcon_core.event_handler.log_command:Invoking command in '/home/thundersen48/ros2_ws4/src/listener': DEBUGINFOD_URLS=https://debuginfod.ubuntu.com PYTHONPATH=/home/thundersen48/ros2_ws4/build/listener/prefix_override:/usr/lib/python3/dist-packages/colcon_core/task/python/colcon_distutils_commands:/home/thundersen48/ros2_ws4/install/listener/lib/python3.12/site-packages:${PYTHONPATH} /usr/bin/python3 -W ignore:setup.py install is deprecated -W ignore:easy_install command is deprecated setup.py egg_info --egg-base ../../build/listener build --build-base /home/thundersen48/ros2_ws4/build/listener/build install --record /home/thundersen48/ros2_ws4/build/listener/install.log --single-version-externally-managed install_data
[6.303s] DEBUG:colcon.colcon_core.event_handler.log_command:Invoked command in '/home/thundersen48/ros2_ws4/src/listener' returned '0': DEBUGINFOD_URLS=https://debuginfod.ubuntu.com PYTHONPATH=/home/thundersen48/ros2_ws4/build/listener/prefix_override:/usr/lib/python3/dist-packages/colcon_core/task/python/colcon_distutils_commands:/home/thundersen48/ros2_ws4/install/listener/lib/python3.12/site-packages:${PYTHONPATH} /usr/bin/python3 -W ignore:setup.py install is deprecated -W ignore:easy_install command is deprecated setup.py egg_info --egg-base ../../build/listener build --build-base /home/thundersen48/ros2_ws4/build/listener/build install --record /home/thundersen48/ros2_ws4/build/listener/install.log --single-version-externally-managed install_data
[6.322s] Level 1:colcon.colcon_core.environment:checking '/home/thundersen48/ros2_ws4/install/listener' for CMake module files
[6.323s] Level 1:colcon.colcon_core.environment:checking '/home/thundersen48/ros2_ws4/install/listener' for CMake config files
[6.324s] Level 1:colcon.colcon_core.environment:checking '/home/thundersen48/ros2_ws4/install/listener/lib'
[6.324s] Level 1:colcon.colcon_core.environment:checking '/home/thundersen48/ros2_ws4/install/listener/bin'
[6.324s] Level 1:colcon.colcon_core.environment:checking '/home/thundersen48/ros2_ws4/install/listener/lib/pkgconfig/listener.pc'
[6.324s] Level 1:colcon.colcon_core.environment:checking '/home/thundersen48/ros2_ws4/install/listener/lib/python3.12/site-packages'
[6.325s] Level 1:colcon.colcon_core.shell:create_environment_hook('listener', 'pythonpath')
[6.325s] INFO:colcon.colcon_core.shell:Creating environment hook '/home/thundersen48/ros2_ws4/install/listener/share/listener/hook/pythonpath.ps1'
[6.326s] INFO:colcon.colcon_core.shell:Creating environment descriptor '/home/thundersen48/ros2_ws4/install/listener/share/listener/hook/pythonpath.dsv'
[6.326s] INFO:colcon.colcon_core.shell:Creating environment hook '/home/thundersen48/ros2_ws4/install/listener/share/listener/hook/pythonpath.sh'
[6.327s] Level 1:colcon.colcon_core.environment:checking '/home/thundersen48/ros2_ws4/install/listener/bin'
[6.327s] Level 1:colcon.colcon_core.environment:create_environment_scripts_only(listener)
[6.328s] INFO:colcon.colcon_core.shell:Creating package script '/home/thundersen48/ros2_ws4/install/listener/share/listener/package.ps1'
[6.330s] INFO:colcon.colcon_core.shell:Creating package descriptor '/home/thundersen48/ros2_ws4/install/listener/share/listener/package.dsv'
[6.332s] INFO:colcon.colcon_core.shell:Creating package script '/home/thundersen48/ros2_ws4/install/listener/share/listener/package.sh'
[6.333s] INFO:colcon.colcon_core.shell:Creating package script '/home/thundersen48/ros2_ws4/install/listener/share/listener/package.bash'
[6.335s] INFO:colcon.colcon_core.shell:Creating package script '/home/thundersen48/ros2_ws4/install/listener/share/listener/package.zsh'
[6.337s] Level 1:colcon.colcon_core.environment:create_file_with_runtime_dependencies(/home/thundersen48/ros2_ws4/install/listener/share/colcon-core/packages/listener)
[6.341s] Level 1:colcon.colcon_core.environment:checking '/home/thundersen48/ros2_ws4/install/talker' for CMake module files
[6.342s] DEBUG:colcon.colcon_core.event_handler.log_command:Invoked command in '/home/thundersen48/ros2_ws4/src/talker' returned '0': DEBUGINFOD_URLS=https://debuginfod.ubuntu.com PYTHONPATH=/home/thundersen48/ros2_ws4/build/talker/prefix_override:/usr/lib/python3/dist-packages/colcon_core/task/python/colcon_distutils_commands:/home/thundersen48/ros2_ws4/install/talker/lib/python3.12/site-packages:${PYTHONPATH} /usr/bin/python3 -W ignore:setup.py install is deprecated -W ignore:easy_install command is deprecated setup.py egg_info --egg-base ../../build/talker build --build-base /home/thundersen48/ros2_ws4/build/talker/build install --record /home/thundersen48/ros2_ws4/build/talker/install.log --single-version-externally-managed install_data
[6.343s] Level 1:colcon.colcon_core.environment:checking '/home/thundersen48/ros2_ws4/install/talker' for CMake config files
[6.343s] Level 1:colcon.colcon_core.environment:checking '/home/thundersen48/ros2_ws4/install/talker/lib'
[6.344s] Level 1:colcon.colcon_core.environment:checking '/home/thundersen48/ros2_ws4/install/talker/bin'
[6.344s] Level 1:colcon.colcon_core.environment:checking '/home/thundersen48/ros2_ws4/install/talker/lib/pkgconfig/talker.pc'
[6.344s] Level 1:colcon.colcon_core.environment:checking '/home/thundersen48/ros2_ws4/install/talker/lib/python3.12/site-packages'
[6.344s] Level 1:colcon.colcon_core.shell:create_environment_hook('talker', 'pythonpath')
[6.345s] INFO:colcon.colcon_core.shell:Creating environment hook '/home/thundersen48/ros2_ws4/install/talker/share/talker/hook/pythonpath.ps1'
[6.346s] INFO:colcon.colcon_core.shell:Creating environment descriptor '/home/thundersen48/ros2_ws4/install/talker/share/talker/hook/pythonpath.dsv'
[6.346s] INFO:colcon.colcon_core.shell:Creating environment hook '/home/thundersen48/ros2_ws4/install/talker/share/talker/hook/pythonpath.sh'
[6.348s] Level 1:colcon.colcon_core.environment:checking '/home/thundersen48/ros2_ws4/install/talker/bin'
[6.348s] Level 1:colcon.colcon_core.environment:create_environment_scripts_only(talker)
[6.348s] INFO:colcon.colcon_core.shell:Creating package script '/home/thundersen48/ros2_ws4/install/talker/share/talker/package.ps1'
[6.349s] INFO:colcon.colcon_core.shell:Creating package descriptor '/home/thundersen48/ros2_ws4/install/talker/share/talker/package.dsv'
[6.350s] INFO:colcon.colcon_core.shell:Creating package script '/home/thundersen48/ros2_ws4/install/talker/share/talker/package.sh'
[6.350s] INFO:colcon.colcon_core.shell:Creating package script '/home/thundersen48/ros2_ws4/install/talker/share/talker/package.bash'
[6.351s] INFO:colcon.colcon_core.shell:Creating package script '/home/thundersen48/ros2_ws4/install/talker/share/talker/package.zsh'
[6.351s] Level 1:colcon.colcon_core.environment:create_file_with_runtime_dependencies(/home/thundersen48/ros2_ws4/install/talker/share/colcon-core/packages/talker)
[6.352s] DEBUG:colcon.colcon_parallel_executor.executor.parallel:closing loop
[6.353s] DEBUG:colcon.colcon_parallel_executor.executor.parallel:loop closed
[6.353s] DEBUG:colcon.colcon_parallel_executor.executor.parallel:run_until_complete finished with '0'
[6.353s] DEBUG:colcon.colcon_core.event_reactor:joining thread
[6.372s] INFO:colcon.colcon_core.plugin_system:Skipping extension 'colcon_notification.desktop_notification.terminal_notifier': Not used on non-Darwin systems
[6.372s] INFO:colcon.colcon_core.plugin_system:Skipping extension 'colcon_notification.desktop_notification.win32': Not used on non-Windows systems
[6.372s] INFO:colcon.colcon_notification.desktop_notification:Sending desktop notification using 'notify2'
[6.533s] DEBUG:colcon.colcon_core.event_reactor:joined thread
[6.534s] INFO:colcon.colcon_core.shell:Creating prefix script '/home/thundersen48/ros2_ws4/install/local_setup.ps1'
[6.536s] INFO:colcon.colcon_core.shell:Creating prefix util module '/home/thundersen48/ros2_ws4/install/_local_setup_util_ps1.py'
[6.540s] INFO:colcon.colcon_core.shell:Creating prefix chain script '/home/thundersen48/ros2_ws4/install/setup.ps1'
[6.542s] INFO:colcon.colcon_core.shell:Creating prefix script '/home/thundersen48/ros2_ws4/install/local_setup.sh'
[6.543s] INFO:colcon.colcon_core.shell:Creating prefix util module '/home/thundersen48/ros2_ws4/install/_local_setup_util_sh.py'
[6.545s] INFO:colcon.colcon_core.shell:Creating prefix chain script '/home/thundersen48/ros2_ws4/install/setup.sh'
[6.547s] INFO:colcon.colcon_core.shell:Creating prefix script '/home/thundersen48/ros2_ws4/install/local_setup.bash'
[6.548s] INFO:colcon.colcon_core.shell:Creating prefix chain script '/home/thundersen48/ros2_ws4/install/setup.bash'
[6.551s] INFO:colcon.colcon_core.shell:Creating prefix script '/home/thundersen48/ros2_ws4/install/local_setup.zsh'
[6.552s] INFO:colcon.colcon_core.shell:Creating prefix chain script '/home/thundersen48/ros2_ws4/install/setup.zsh'
