[0.259s] DEBUG:colcon:Command line arguments: ['/usr/bin/colcon', 'build']
[0.259s] DEBUG:colcon:Parsed command line arguments: Namespace(log_base=None, log_level=None, verb_name='build', build_base='build', install_base='install', merge_install=False, symlink_install=False, test_result_base=None, continue_on_error=False, executor='parallel', parallel_workers=4, event_handlers=None, ignore_user_meta=False, metas=['./colcon.meta'], base_paths=['.'], packages_ignore=None, packages_ignore_regex=None, paths=None, packages_up_to=None, packages_up_to_regex=None, packages_above=None, packages_above_and_dependencies=None, packages_above_depth=None, packages_select_by_dep=None, packages_skip_by_dep=None, packages_skip_up_to=None, packages_select_build_failed=False, packages_skip_build_finished=False, packages_select_test_failures=False, packages_skip_test_passed=False, packages_select=None, packages_skip=None, packages_select_regex=None, packages_skip_regex=None, packages_start=None, packages_end=None, allow_overriding=[], cmake_args=None, cmake_target=None, cmake_target_skip_unavailable=False, cmake_clean_cache=False, cmake_clean_first=False, cmake_force_configure=False, ament_cmake_args=None, catkin_cmake_args=None, catkin_skip_building_tests=False, mixin_files=None, mixin=None, verb_parser=<colcon_mixin.mixin.mixin_argument.MixinArgumentDecorator object at 0x7cb84adb64e0>, verb_extension=<colcon_core.verb.build.BuildVerb object at 0x7cb84adb6240>, main=<bound method BuildVerb.main of <colcon_core.verb.build.BuildVerb object at 0x7cb84adb6240>>, mixin_verb=('build',))
[0.332s] Level 1:colcon.colcon_core.package_discovery:discover_packages(colcon_meta) check parameters
[0.333s] Level 1:colcon.colcon_core.package_discovery:discover_packages(recursive) check parameters
[0.333s] Level 1:colcon.colcon_core.package_discovery:discover_packages(ignore) check parameters
[0.333s] Level 1:colcon.colcon_core.package_discovery:discover_packages(path) check parameters
[0.333s] Level 1:colcon.colcon_core.package_discovery:discover_packages(colcon_meta) discover
[0.333s] Level 1:colcon.colcon_core.package_discovery:discover_packages(recursive) discover
[0.333s] INFO:colcon.colcon_core.package_discovery:Crawling recursively for packages in '/home/thundersen48/ros2_ws4'
[0.333s] Level 1:colcon.colcon_core.package_identification:_identify(.) by extensions ['ignore', 'ignore_ament_install']
[0.333s] Level 1:colcon.colcon_core.package_identification:_identify(.) by extension 'ignore'
[0.333s] Level 1:colcon.colcon_core.package_identification:_identify(.) by extension 'ignore_ament_install'
[0.333s] Level 1:colcon.colcon_core.package_identification:_identify(.) by extensions ['colcon_pkg']
[0.333s] Level 1:colcon.colcon_core.package_identification:_identify(.) by extension 'colcon_pkg'
[0.334s] Level 1:colcon.colcon_core.package_identification:_identify(.) by extensions ['colcon_meta']
[0.334s] Level 1:colcon.colcon_core.package_identification:_identify(.) by extension 'colcon_meta'
[0.334s] Level 1:colcon.colcon_core.package_identification:_identify(.) by extensions ['ros']
[0.334s] Level 1:colcon.colcon_core.package_identification:_identify(.) by extension 'ros'
[0.384s] Level 1:colcon.colcon_core.package_identification:_identify(.) by extensions ['cmake', 'python']
[0.384s] Level 1:colcon.colcon_core.package_identification:_identify(.) by extension 'cmake'
[0.385s] Level 1:colcon.colcon_core.package_identification:_identify(.) by extension 'python'
[0.385s] Level 1:colcon.colcon_core.package_identification:_identify(.) by extensions ['python_setup_py']
[0.385s] Level 1:colcon.colcon_core.package_identification:_identify(.) by extension 'python_setup_py'
[0.385s] Level 1:colcon.colcon_core.package_identification:_identify(build) by extensions ['ignore', 'ignore_ament_install']
[0.385s] Level 1:colcon.colcon_core.package_identification:_identify(build) by extension 'ignore'
[0.386s] Level 1:colcon.colcon_core.package_identification:_identify(build) ignored
[0.386s] Level 1:colcon.colcon_core.package_identification:_identify(install) by extensions ['ignore', 'ignore_ament_install']
[0.386s] Level 1:colcon.colcon_core.package_identification:_identify(install) by extension 'ignore'
[0.386s] Level 1:colcon.colcon_core.package_identification:_identify(install) ignored
[0.386s] Level 1:colcon.colcon_core.package_identification:_identify(log) by extensions ['ignore', 'ignore_ament_install']
[0.386s] Level 1:colcon.colcon_core.package_identification:_identify(log) by extension 'ignore'
[0.386s] Level 1:colcon.colcon_core.package_identification:_identify(log) ignored
[0.386s] Level 1:colcon.colcon_core.package_identification:_identify(src) by extensions ['ignore', 'ignore_ament_install']
[0.387s] Level 1:colcon.colcon_core.package_identification:_identify(src) by extension 'ignore'
[0.387s] Level 1:colcon.colcon_core.package_identification:_identify(src) by extension 'ignore_ament_install'
[0.387s] Level 1:colcon.colcon_core.package_identification:_identify(src) by extensions ['colcon_pkg']
[0.387s] Level 1:colcon.colcon_core.package_identification:_identify(src) by extension 'colcon_pkg'
[0.387s] Level 1:colcon.colcon_core.package_identification:_identify(src) by extensions ['colcon_meta']
[0.387s] Level 1:colcon.colcon_core.package_identification:_identify(src) by extension 'colcon_meta'
[0.387s] Level 1:colcon.colcon_core.package_identification:_identify(src) by extensions ['ros']
[0.387s] Level 1:colcon.colcon_core.package_identification:_identify(src) by extension 'ros'
[0.387s] Level 1:colcon.colcon_core.package_identification:_identify(src) by extensions ['cmake', 'python']
[0.387s] Level 1:colcon.colcon_core.package_identification:_identify(src) by extension 'cmake'
[0.387s] Level 1:colcon.colcon_core.package_identification:_identify(src) by extension 'python'
[0.387s] Level 1:colcon.colcon_core.package_identification:_identify(src) by extensions ['python_setup_py']
[0.387s] Level 1:colcon.colcon_core.package_identification:_identify(src) by extension 'python_setup_py'
[0.388s] Level 1:colcon.colcon_core.package_identification:_identify(src/listener) by extensions ['ignore', 'ignore_ament_install']
[0.388s] Level 1:colcon.colcon_core.package_identification:_identify(src/listener) by extension 'ignore'
[0.388s] Level 1:colcon.colcon_core.package_identification:_identify(src/listener) by extension 'ignore_ament_install'
[0.388s] Level 1:colcon.colcon_core.package_identification:_identify(src/listener) by extensions ['colcon_pkg']
[0.388s] Level 1:colcon.colcon_core.package_identification:_identify(src/listener) by extension 'colcon_pkg'
[0.388s] Level 1:colcon.colcon_core.package_identification:_identify(src/listener) by extensions ['colcon_meta']
[0.388s] Level 1:colcon.colcon_core.package_identification:_identify(src/listener) by extension 'colcon_meta'
[0.388s] Level 1:colcon.colcon_core.package_identification:_identify(src/listener) by extensions ['ros']
[0.388s] Level 1:colcon.colcon_core.package_identification:_identify(src/listener) by extension 'ros'
[0.393s] DEBUG:colcon.colcon_core.package_identification:Package 'src/listener' with type 'ros.ament_python' and name 'listener'
[0.393s] Level 1:colcon.colcon_core.package_identification:_identify(src/talker) by extensions ['ignore', 'ignore_ament_install']
[0.393s] Level 1:colcon.colcon_core.package_identification:_identify(src/talker) by extension 'ignore'
[0.393s] Level 1:colcon.colcon_core.package_identification:_identify(src/talker) by extension 'ignore_ament_install'
[0.394s] Level 1:colcon.colcon_core.package_identification:_identify(src/talker) by extensions ['colcon_pkg']
[0.394s] Level 1:colcon.colcon_core.package_identification:_identify(src/talker) by extension 'colcon_pkg'
[0.394s] Level 1:colcon.colcon_core.package_identification:_identify(src/talker) by extensions ['colcon_meta']
[0.394s] Level 1:colcon.colcon_core.package_identification:_identify(src/talker) by extension 'colcon_meta'
[0.394s] Level 1:colcon.colcon_core.package_identification:_identify(src/talker) by extensions ['ros']
[0.394s] Level 1:colcon.colcon_core.package_identification:_identify(src/talker) by extension 'ros'
[0.395s] DEBUG:colcon.colcon_core.package_identification:Package 'src/talker' with type 'ros.ament_python' and name 'talker'
[0.395s] Level 1:colcon.colcon_core.package_discovery:discover_packages(recursive) using defaults
[0.395s] Level 1:colcon.colcon_core.package_discovery:discover_packages(ignore) discover
[0.395s] Level 1:colcon.colcon_core.package_discovery:discover_packages(ignore) using defaults
[0.395s] Level 1:colcon.colcon_core.package_discovery:discover_packages(path) discover
[0.395s] Level 1:colcon.colcon_core.package_discovery:discover_packages(path) using defaults
[0.429s] Level 1:colcon.colcon_core.package_discovery:discover_packages(prefix_path) check parameters
[0.430s] Level 1:colcon.colcon_core.package_discovery:discover_packages(prefix_path) discover
[0.432s] DEBUG:colcon.colcon_installed_package_information.package_discovery:Found 2 installed packages in /home/thundersen48/ros2_ws4/install
[0.438s] DEBUG:colcon.colcon_installed_package_information.package_discovery:Found 519 installed packages in /opt/ros/jazzy
[0.443s] Level 1:colcon.colcon_core.package_discovery:discover_packages(prefix_path) using defaults
[0.643s] Level 5:colcon.colcon_core.verb:set package 'listener' build argument 'cmake_args' from command line to 'None'
[0.643s] Level 5:colcon.colcon_core.verb:set package 'listener' build argument 'cmake_target' from command line to 'None'
[0.643s] Level 5:colcon.colcon_core.verb:set package 'listener' build argument 'cmake_target_skip_unavailable' from command line to 'False'
[0.643s] Level 5:colcon.colcon_core.verb:set package 'listener' build argument 'cmake_clean_cache' from command line to 'False'
[0.643s] Level 5:colcon.colcon_core.verb:set package 'listener' build argument 'cmake_clean_first' from command line to 'False'
[0.643s] Level 5:colcon.colcon_core.verb:set package 'listener' build argument 'cmake_force_configure' from command line to 'False'
[0.643s] Level 5:colcon.colcon_core.verb:set package 'listener' build argument 'ament_cmake_args' from command line to 'None'
[0.643s] Level 5:colcon.colcon_core.verb:set package 'listener' build argument 'catkin_cmake_args' from command line to 'None'
[0.643s] Level 5:colcon.colcon_core.verb:set package 'listener' build argument 'catkin_skip_building_tests' from command line to 'False'
[0.643s] DEBUG:colcon.colcon_core.verb:Building package 'listener' with the following arguments: {'ament_cmake_args': None, 'build_base': '/home/thundersen48/ros2_ws4/build/listener', 'catkin_cmake_args': None, 'catkin_skip_building_tests': False, 'cmake_args': None, 'cmake_clean_cache': False, 'cmake_clean_first': False, 'cmake_force_configure': False, 'cmake_target': None, 'cmake_target_skip_unavailable': False, 'install_base': '/home/thundersen48/ros2_ws4/install/listener', 'merge_install': False, 'path': '/home/thundersen48/ros2_ws4/src/listener', 'symlink_install': False, 'test_result_base': None}
[0.644s] Level 5:colcon.colcon_core.verb:set package 'talker' build argument 'cmake_args' from command line to 'None'
[0.644s] Level 5:colcon.colcon_core.verb:set package 'talker' build argument 'cmake_target' from command line to 'None'
[0.644s] Level 5:colcon.colcon_core.verb:set package 'talker' build argument 'cmake_target_skip_unavailable' from command line to 'False'
[0.644s] Level 5:colcon.colcon_core.verb:set package 'talker' build argument 'cmake_clean_cache' from command line to 'False'
[0.644s] Level 5:colcon.colcon_core.verb:set package 'talker' build argument 'cmake_clean_first' from command line to 'False'
[0.644s] Level 5:colcon.colcon_core.verb:set package 'talker' build argument 'cmake_force_configure' from command line to 'False'
[0.644s] Level 5:colcon.colcon_core.verb:set package 'talker' build argument 'ament_cmake_args' from command line to 'None'
[0.644s] Level 5:colcon.colcon_core.verb:set package 'talker' build argument 'catkin_cmake_args' from command line to 'None'
[0.644s] Level 5:colcon.colcon_core.verb:set package 'talker' build argument 'catkin_skip_building_tests' from command line to 'False'
[0.644s] DEBUG:colcon.colcon_core.verb:Building package 'talker' with the following arguments: {'ament_cmake_args': None, 'build_base': '/home/thundersen48/ros2_ws4/build/talker', 'catkin_cmake_args': None, 'catkin_skip_building_tests': False, 'cmake_args': None, 'cmake_clean_cache': False, 'cmake_clean_first': False, 'cmake_force_configure': False, 'cmake_target': None, 'cmake_target_skip_unavailable': False, 'install_base': '/home/thundersen48/ros2_ws4/install/talker', 'merge_install': False, 'path': '/home/thundersen48/ros2_ws4/src/talker', 'symlink_install': False, 'test_result_base': None}
[0.644s] INFO:colcon.colcon_core.executor:Executing jobs using 'parallel' executor
[0.646s] DEBUG:colcon.colcon_parallel_executor.executor.parallel:run_until_complete
[0.647s] INFO:colcon.colcon_ros.task.ament_python.build:Building ROS package in '/home/thundersen48/ros2_ws4/src/listener' with build type 'ament_python'
[0.647s] Level 1:colcon.colcon_core.shell:create_environment_hook('listener', 'ament_prefix_path')
[0.651s] INFO:colcon.colcon_core.plugin_system:Skipping extension 'colcon_core.shell.bat': Not used on non-Windows systems
[0.652s] INFO:colcon.colcon_core.shell:Creating environment hook '/home/thundersen48/ros2_ws4/install/listener/share/listener/hook/ament_prefix_path.ps1'
[0.653s] INFO:colcon.colcon_core.shell:Creating environment descriptor '/home/thundersen48/ros2_ws4/install/listener/share/listener/hook/ament_prefix_path.dsv'
[0.654s] INFO:colcon.colcon_core.shell:Creating environment hook '/home/thundersen48/ros2_ws4/install/listener/share/listener/hook/ament_prefix_path.sh'
[0.656s] INFO:colcon.colcon_core.shell:Skip shell extension 'powershell' for command environment: Not usable outside of PowerShell
[0.656s] DEBUG:colcon.colcon_core.shell:Skip shell extension 'dsv' for command environment
[0.666s] INFO:colcon.colcon_ros.task.ament_python.build:Building ROS package in '/home/thundersen48/ros2_ws4/src/talker' with build type 'ament_python'
[0.666s] Level 1:colcon.colcon_core.shell:create_environment_hook('talker', 'ament_prefix_path')
[0.667s] INFO:colcon.colcon_core.shell:Creating environment hook '/home/thundersen48/ros2_ws4/install/talker/share/talker/hook/ament_prefix_path.ps1'
[0.668s] INFO:colcon.colcon_core.shell:Creating environment descriptor '/home/thundersen48/ros2_ws4/install/talker/share/talker/hook/ament_prefix_path.dsv'
[0.669s] INFO:colcon.colcon_core.shell:Creating environment hook '/home/thundersen48/ros2_ws4/install/talker/share/talker/hook/ament_prefix_path.sh'
[0.671s] INFO:colcon.colcon_core.shell:Skip shell extension 'powershell' for command environment: Not usable outside of PowerShell
[0.671s] DEBUG:colcon.colcon_core.shell:Skip shell extension 'dsv' for command environment
[1.203s] INFO:colcon.colcon_core.task.python.build:Building Python package in '/home/thundersen48/ros2_ws4/src/listener'
[1.203s] INFO:colcon.colcon_core.shell:Skip shell extension 'powershell' for command environment: Not usable outside of PowerShell
[1.203s] DEBUG:colcon.colcon_core.shell:Skip shell extension 'dsv' for command environment
[1.747s] INFO:colcon.colcon_core.task.python.build:Building Python package in '/home/thundersen48/ros2_ws4/src/talker'
[1.747s] INFO:colcon.colcon_core.shell:Skip shell extension 'powershell' for command environment: Not usable outside of PowerShell
[1.747s] DEBUG:colcon.colcon_core.shell:Skip shell extension 'dsv' for command environment
[3.241s] DEBUG:colcon.colcon_core.event_handler.log_command:Invoking command in '/home/thundersen48/ros2_ws4/src/listener': DEBUGINFOD_URLS=https://debuginfod.ubuntu.com PYTHONPATH=/home/thundersen48/ros2_ws4/build/listener/prefix_override:/usr/lib/python3/dist-packages/colcon_core/task/python/colcon_distutils_commands:/home/thundersen48/ros2_ws4/install/listener/lib/python3.12/site-packages:${PYTHONPATH} /usr/bin/python3 -W ignore:setup.py install is deprecated -W ignore:easy_install command is deprecated setup.py egg_info --egg-base ../../build/listener build --build-base /home/thundersen48/ros2_ws4/build/listener/build install --record /home/thundersen48/ros2_ws4/build/listener/install.log --single-version-externally-managed install_data
[3.249s] DEBUG:colcon.colcon_core.event_handler.log_command:Invoking command in '/home/thundersen48/ros2_ws4/src/talker': DEBUGINFOD_URLS=https://debuginfod.ubuntu.com PYTHONPATH=/home/thundersen48/ros2_ws4/build/talker/prefix_override:/usr/lib/python3/dist-packages/colcon_core/task/python/colcon_distutils_commands:/home/thundersen48/ros2_ws4/install/talker/lib/python3.12/site-packages:${PYTHONPATH} /usr/bin/python3 -W ignore:setup.py install is deprecated -W ignore:easy_install command is deprecated setup.py egg_info --egg-base ../../build/talker build --build-base /home/thundersen48/ros2_ws4/build/talker/build install --record /home/thundersen48/ros2_ws4/build/talker/install.log --single-version-externally-managed install_data
[4.682s] DEBUG:colcon.colcon_core.event_handler.log_command:Invoked command in '/home/thundersen48/ros2_ws4/src/talker' returned '0': DEBUGINFOD_URLS=https://debuginfod.ubuntu.com PYTHONPATH=/home/thundersen48/ros2_ws4/build/talker/prefix_override:/usr/lib/python3/dist-packages/colcon_core/task/python/colcon_distutils_commands:/home/thundersen48/ros2_ws4/install/talker/lib/python3.12/site-packages:${PYTHONPATH} /usr/bin/python3 -W ignore:setup.py install is deprecated -W ignore:easy_install command is deprecated setup.py egg_info --egg-base ../../build/talker build --build-base /home/thundersen48/ros2_ws4/build/talker/build install --record /home/thundersen48/ros2_ws4/build/talker/install.log --single-version-externally-managed install_data
[4.687s] Level 1:colcon.colcon_core.environment:checking '/home/thundersen48/ros2_ws4/install/talker' for CMake module files
[4.688s] Level 1:colcon.colcon_core.environment:checking '/home/thundersen48/ros2_ws4/install/talker' for CMake config files
[4.689s] Level 1:colcon.colcon_core.environment:checking '/home/thundersen48/ros2_ws4/install/talker/lib'
[4.689s] Level 1:colcon.colcon_core.environment:checking '/home/thundersen48/ros2_ws4/install/talker/bin'
[4.689s] Level 1:colcon.colcon_core.environment:checking '/home/thundersen48/ros2_ws4/install/talker/lib/pkgconfig/talker.pc'
[4.690s] Level 1:colcon.colcon_core.environment:checking '/home/thundersen48/ros2_ws4/install/talker/lib/python3.12/site-packages'
[4.690s] Level 1:colcon.colcon_core.shell:create_environment_hook('talker', 'pythonpath')
[4.690s] INFO:colcon.colcon_core.shell:Creating environment hook '/home/thundersen48/ros2_ws4/install/talker/share/talker/hook/pythonpath.ps1'
[4.691s] INFO:colcon.colcon_core.shell:Creating environment descriptor '/home/thundersen48/ros2_ws4/install/talker/share/talker/hook/pythonpath.dsv'
[4.692s] INFO:colcon.colcon_core.shell:Creating environment hook '/home/thundersen48/ros2_ws4/install/talker/share/talker/hook/pythonpath.sh'
[4.693s] Level 1:colcon.colcon_core.environment:checking '/home/thundersen48/ros2_ws4/install/talker/bin'
[4.693s] Level 1:colcon.colcon_core.environment:create_environment_scripts_only(talker)
[4.694s] INFO:colcon.colcon_core.shell:Creating package script '/home/thundersen48/ros2_ws4/install/talker/share/talker/package.ps1'
[4.695s] INFO:colcon.colcon_core.shell:Creating package descriptor '/home/thundersen48/ros2_ws4/install/talker/share/talker/package.dsv'
[4.696s] INFO:colcon.colcon_core.shell:Creating package script '/home/thundersen48/ros2_ws4/install/talker/share/talker/package.sh'
[4.698s] INFO:colcon.colcon_core.shell:Creating package script '/home/thundersen48/ros2_ws4/install/talker/share/talker/package.bash'
[4.699s] INFO:colcon.colcon_core.shell:Creating package script '/home/thundersen48/ros2_ws4/install/talker/share/talker/package.zsh'
[4.701s] Level 1:colcon.colcon_core.environment:create_file_with_runtime_dependencies(/home/thundersen48/ros2_ws4/install/talker/share/colcon-core/packages/talker)
[4.704s] Level 1:colcon.colcon_core.environment:checking '/home/thundersen48/ros2_ws4/install/listener' for CMake module files
[4.705s] DEBUG:colcon.colcon_core.event_handler.log_command:Invoked command in '/home/thundersen48/ros2_ws4/src/listener' returned '0': DEBUGINFOD_URLS=https://debuginfod.ubuntu.com PYTHONPATH=/home/thundersen48/ros2_ws4/build/listener/prefix_override:/usr/lib/python3/dist-packages/colcon_core/task/python/colcon_distutils_commands:/home/thundersen48/ros2_ws4/install/listener/lib/python3.12/site-packages:${PYTHONPATH} /usr/bin/python3 -W ignore:setup.py install is deprecated -W ignore:easy_install command is deprecated setup.py egg_info --egg-base ../../build/listener build --build-base /home/thundersen48/ros2_ws4/build/listener/build install --record /home/thundersen48/ros2_ws4/build/listener/install.log --single-version-externally-managed install_data
[4.706s] Level 1:colcon.colcon_core.environment:checking '/home/thundersen48/ros2_ws4/install/listener' for CMake config files
[4.706s] Level 1:colcon.colcon_core.environment:checking '/home/thundersen48/ros2_ws4/install/listener/lib'
[4.707s] Level 1:colcon.colcon_core.environment:checking '/home/thundersen48/ros2_ws4/install/listener/bin'
[4.707s] Level 1:colcon.colcon_core.environment:checking '/home/thundersen48/ros2_ws4/install/listener/lib/pkgconfig/listener.pc'
[4.707s] Level 1:colcon.colcon_core.environment:checking '/home/thundersen48/ros2_ws4/install/listener/lib/python3.12/site-packages'
[4.707s] Level 1:colcon.colcon_core.shell:create_environment_hook('listener', 'pythonpath')
[4.708s] INFO:colcon.colcon_core.shell:Creating environment hook '/home/thundersen48/ros2_ws4/install/listener/share/listener/hook/pythonpath.ps1'
[4.709s] INFO:colcon.colcon_core.shell:Creating environment descriptor '/home/thundersen48/ros2_ws4/install/listener/share/listener/hook/pythonpath.dsv'
[4.709s] INFO:colcon.colcon_core.shell:Creating environment hook '/home/thundersen48/ros2_ws4/install/listener/share/listener/hook/pythonpath.sh'
[4.711s] Level 1:colcon.colcon_core.environment:checking '/home/thundersen48/ros2_ws4/install/listener/bin'
[4.711s] Level 1:colcon.colcon_core.environment:create_environment_scripts_only(listener)
[4.712s] INFO:colcon.colcon_core.shell:Creating package script '/home/thundersen48/ros2_ws4/install/listener/share/listener/package.ps1'
[4.714s] INFO:colcon.colcon_core.shell:Creating package descriptor '/home/thundersen48/ros2_ws4/install/listener/share/listener/package.dsv'
[4.716s] INFO:colcon.colcon_core.shell:Creating package script '/home/thundersen48/ros2_ws4/install/listener/share/listener/package.sh'
[4.718s] INFO:colcon.colcon_core.shell:Creating package script '/home/thundersen48/ros2_ws4/install/listener/share/listener/package.bash'
[4.719s] INFO:colcon.colcon_core.shell:Creating package script '/home/thundersen48/ros2_ws4/install/listener/share/listener/package.zsh'
[4.720s] Level 1:colcon.colcon_core.environment:create_file_with_runtime_dependencies(/home/thundersen48/ros2_ws4/install/listener/share/colcon-core/packages/listener)
[4.721s] DEBUG:colcon.colcon_parallel_executor.executor.parallel:closing loop
[4.722s] DEBUG:colcon.colcon_parallel_executor.executor.parallel:loop closed
[4.722s] DEBUG:colcon.colcon_parallel_executor.executor.parallel:run_until_complete finished with '0'
[4.722s] DEBUG:colcon.colcon_core.event_reactor:joining thread
[4.731s] INFO:colcon.colcon_core.plugin_system:Skipping extension 'colcon_notification.desktop_notification.terminal_notifier': Not used on non-Darwin systems
[4.732s] INFO:colcon.colcon_core.plugin_system:Skipping extension 'colcon_notification.desktop_notification.win32': Not used on non-Windows systems
[4.732s] INFO:colcon.colcon_notification.desktop_notification:Sending desktop notification using 'notify2'
[4.759s] DEBUG:colcon.colcon_core.event_reactor:joined thread
[4.759s] INFO:colcon.colcon_core.shell:Creating prefix script '/home/thundersen48/ros2_ws4/install/local_setup.ps1'
[4.761s] INFO:colcon.colcon_core.shell:Creating prefix util module '/home/thundersen48/ros2_ws4/install/_local_setup_util_ps1.py'
[4.764s] INFO:colcon.colcon_core.shell:Creating prefix chain script '/home/thundersen48/ros2_ws4/install/setup.ps1'
[4.766s] INFO:colcon.colcon_core.shell:Creating prefix script '/home/thundersen48/ros2_ws4/install/local_setup.sh'
[4.767s] INFO:colcon.colcon_core.shell:Creating prefix util module '/home/thundersen48/ros2_ws4/install/_local_setup_util_sh.py'
[4.769s] INFO:colcon.colcon_core.shell:Creating prefix chain script '/home/thundersen48/ros2_ws4/install/setup.sh'
[4.771s] INFO:colcon.colcon_core.shell:Creating prefix script '/home/thundersen48/ros2_ws4/install/local_setup.bash'
[4.772s] INFO:colcon.colcon_core.shell:Creating prefix chain script '/home/thundersen48/ros2_ws4/install/setup.bash'
[4.774s] INFO:colcon.colcon_core.shell:Creating prefix script '/home/thundersen48/ros2_ws4/install/local_setup.zsh'
[4.774s] INFO:colcon.colcon_core.shell:Creating prefix chain script '/home/thundersen48/ros2_ws4/install/setup.zsh'
