-- The C compiler identification is GNU 13.3.0
-- The CXX compiler identification is GNU 13.3.0
-- Detecting C compiler ABI info
-- Detecting C compiler ABI info - done
-- Check for working C compiler: /usr/bin/cc - skipped
-- Detecting C compile features
-- Detecting C compile features - done
-- Detecting CXX compiler ABI info
-- Detecting CXX compiler ABI info - done
-- Check for working CXX compiler: /usr/bin/c++ - skipped
-- Detecting CXX compile features
-- Detecting CXX compile features - done
-- Found ament_cmake: 2.5.6 (/opt/ros/jazzy/share/ament_cmake/cmake)
-- Found Python3: /usr/bin/python3 (found version "3.12.3") found components: Interpreter 
-- Found ament_lint_auto: 0.17.5 (/opt/ros/jazzy/share/ament_lint_auto/cmake)
-- Added test 'flake8' to check Python code syntax and style conventions
-- Configured 'flake8' exclude dirs and/or files: 
-- Added test 'lint_cmake' to check CMake code style
-- Added test 'pep257' to check Python code against some of the docstring style conventions in PEP 257
-- Added test 'xmllint' to check XML markup files
-- Configuring done (0.9s)
-- Generating done (0.0s)
-- Build files have been written to: /home/thundersen48/Projects/waffle/build/waffle
-- Install configuration: ""
-- Installing: /home/thundersen48/Projects/waffle/install/waffle/share/waffle/launch
-- Installing: /home/thundersen48/Projects/waffle/install/waffle/share/waffle/launch/gazebo.launch.py
-- Installing: /home/thundersen48/Projects/waffle/install/waffle/share/waffle/launch/description.launch.py
-- Installing: /home/thundersen48/Projects/waffle/install/waffle/share/waffle/launch/display.launch.py
-- Installing: /home/thundersen48/Projects/waffle/install/waffle/share/waffle/meshes
-- Installing: /home/thundersen48/Projects/waffle/install/waffle/share/waffle/meshes/wheell.dae
-- Installing: /home/thundersen48/Projects/waffle/install/waffle/share/waffle/meshes/korpus.dae
-- Installing: /home/thundersen48/Projects/waffle/install/waffle/share/waffle/meshes/wheelr.dae
-- Installing: /home/thundersen48/Projects/waffle/install/waffle/share/waffle/meshes/lidaru.dae
-- Installing: /home/thundersen48/Projects/waffle/install/waffle/share/waffle/rviz
-- Installing: /home/thundersen48/Projects/waffle/install/waffle/share/waffle/rviz/robot_description.rviz
-- Installing: /home/thundersen48/Projects/waffle/install/waffle/share/waffle/urdf
-- Installing: /home/thundersen48/Projects/waffle/install/waffle/share/waffle/urdf/Robot_sensors.urdf.xacro
-- Installing: /home/thundersen48/Projects/waffle/install/waffle/share/waffle/urdf/Robot.urdf
-- Installing: /home/thundersen48/Projects/waffle/install/waffle/share/waffle/urdf/Robot_wrapper.urdf.xacro
-- Installing: /home/thundersen48/Projects/waffle/install/waffle/share/waffle/config
-- Installing: /home/thundersen48/Projects/waffle/install/waffle/share/waffle/config/Robot_controllers.yaml
-- Installing: /home/thundersen48/Projects/waffle/install/waffle/share/waffle/worlds
-- Installing: /home/thundersen48/Projects/waffle/install/waffle/share/waffle/worlds/cars_and_trees.sdf
-- Installing: /home/thundersen48/Projects/waffle/install/waffle/share/waffle/worlds/empty.sdf
-- Installing: /home/thundersen48/Projects/waffle/install/waffle/share/ament_index/resource_index/package_run_dependencies/waffle
-- Installing: /home/thundersen48/Projects/waffle/install/waffle/share/ament_index/resource_index/parent_prefix_path/waffle
-- Installing: /home/thundersen48/Projects/waffle/install/waffle/share/waffle/environment/ament_prefix_path.sh
-- Installing: /home/thundersen48/Projects/waffle/install/waffle/share/waffle/environment/ament_prefix_path.dsv
-- Installing: /home/thundersen48/Projects/waffle/install/waffle/share/waffle/environment/path.sh
-- Installing: /home/thundersen48/Projects/waffle/install/waffle/share/waffle/environment/path.dsv
-- Installing: /home/thundersen48/Projects/waffle/install/waffle/share/waffle/local_setup.bash
-- Installing: /home/thundersen48/Projects/waffle/install/waffle/share/waffle/local_setup.sh
-- Installing: /home/thundersen48/Projects/waffle/install/waffle/share/waffle/local_setup.zsh
-- Installing: /home/thundersen48/Projects/waffle/install/waffle/share/waffle/local_setup.dsv
-- Installing: /home/thundersen48/Projects/waffle/install/waffle/share/waffle/package.dsv
-- Installing: /home/thundersen48/Projects/waffle/install/waffle/share/ament_index/resource_index/packages/waffle
-- Installing: /home/thundersen48/Projects/waffle/install/waffle/share/waffle/cmake/waffleConfig.cmake
-- Installing: /home/thundersen48/Projects/waffle/install/waffle/share/waffle/cmake/waffleConfig-version.cmake
-- Installing: /home/thundersen48/Projects/waffle/install/waffle/share/waffle/package.xml
