[0.010s] Invoking command in '/home/thundersen48/Projects/waffle/build/waffle': CMAKE_PREFIX_PATH=${CMAKE_PREFIX_PATH}:/opt/ros/jazzy DEBUGINFOD_URLS=https://debuginfod.ubuntu.com /usr/bin/cmake /home/thundersen48/Projects/waffle/waffle -DCMAKE_INSTALL_PREFIX=/home/thundersen48/Projects/waffle/install/waffle
[0.132s] -- The C compiler identification is GNU 13.3.0
[0.224s] -- The CXX compiler identification is GNU 13.3.0
[0.253s] -- Detecting C compiler ABI info
[0.343s] -- Detecting C compiler ABI info - done
[0.367s] -- Check for working C compiler: /usr/bin/cc - skipped
[0.368s] -- Detecting C compile features
[0.369s] -- Detecting C compile features - done
[0.383s] -- Detecting CXX compiler ABI info
[0.484s] -- Detecting CXX compiler ABI info - done
[0.494s] -- Check for working CXX compiler: /usr/bin/c++ - skipped
[0.494s] -- Detecting CXX compile features
[0.495s] -- Detecting CXX compile features - done
[0.505s] -- Found ament_cmake: 2.5.6 (/opt/ros/jazzy/share/ament_cmake/cmake)
[0.658s] -- Found Python3: /usr/bin/python3 (found version "3.12.3") found components: Interpreter 
[0.801s] -- Found ament_lint_auto: 0.17.5 (/opt/ros/jazzy/share/ament_lint_auto/cmake)
[0.915s] -- Added test 'flake8' to check Python code syntax and style conventions
[0.915s] -- Configured 'flake8' exclude dirs and/or files: 
[0.916s] -- Added test 'lint_cmake' to check CMake code style
[0.917s] -- Added test 'pep257' to check Python code against some of the docstring style conventions in PEP 257
[0.918s] -- Added test 'xmllint' to check XML markup files
[0.920s] -- Configuring done (0.9s)
[0.923s] -- Generating done (0.0s)
[0.925s] -- Build files have been written to: /home/thundersen48/Projects/waffle/build/waffle
[0.930s] Invoked command in '/home/thundersen48/Projects/waffle/build/waffle' returned '0': CMAKE_PREFIX_PATH=${CMAKE_PREFIX_PATH}:/opt/ros/jazzy DEBUGINFOD_URLS=https://debuginfod.ubuntu.com /usr/bin/cmake /home/thundersen48/Projects/waffle/waffle -DCMAKE_INSTALL_PREFIX=/home/thundersen48/Projects/waffle/install/waffle
[0.931s] Invoking command in '/home/thundersen48/Projects/waffle/build/waffle': CMAKE_PREFIX_PATH=${CMAKE_PREFIX_PATH}:/opt/ros/jazzy DEBUGINFOD_URLS=https://debuginfod.ubuntu.com /usr/bin/cmake --build /home/thundersen48/Projects/waffle/build/waffle -- -j6 -l6
[0.969s] Invoked command in '/home/thundersen48/Projects/waffle/build/waffle' returned '0': CMAKE_PREFIX_PATH=${CMAKE_PREFIX_PATH}:/opt/ros/jazzy DEBUGINFOD_URLS=https://debuginfod.ubuntu.com /usr/bin/cmake --build /home/thundersen48/Projects/waffle/build/waffle -- -j6 -l6
[0.980s] Invoking command in '/home/thundersen48/Projects/waffle/build/waffle': CMAKE_PREFIX_PATH=${CMAKE_PREFIX_PATH}:/opt/ros/jazzy DEBUGINFOD_URLS=https://debuginfod.ubuntu.com /usr/bin/cmake --install /home/thundersen48/Projects/waffle/build/waffle
[0.987s] -- Install configuration: ""
[0.987s] -- Installing: /home/thundersen48/Projects/waffle/install/waffle/share/waffle/launch
[0.987s] -- Installing: /home/thundersen48/Projects/waffle/install/waffle/share/waffle/launch/gazebo.launch.py
[0.988s] -- Installing: /home/thundersen48/Projects/waffle/install/waffle/share/waffle/launch/description.launch.py
[0.988s] -- Installing: /home/thundersen48/Projects/waffle/install/waffle/share/waffle/launch/display.launch.py
[0.988s] -- Installing: /home/thundersen48/Projects/waffle/install/waffle/share/waffle/meshes
[0.988s] -- Installing: /home/thundersen48/Projects/waffle/install/waffle/share/waffle/meshes/wheell.dae
[0.988s] -- Installing: /home/thundersen48/Projects/waffle/install/waffle/share/waffle/meshes/korpus.dae
[0.990s] -- Installing: /home/thundersen48/Projects/waffle/install/waffle/share/waffle/meshes/wheelr.dae
[0.990s] -- Installing: /home/thundersen48/Projects/waffle/install/waffle/share/waffle/meshes/lidaru.dae
[0.991s] -- Installing: /home/thundersen48/Projects/waffle/install/waffle/share/waffle/rviz
[0.991s] -- Installing: /home/thundersen48/Projects/waffle/install/waffle/share/waffle/rviz/robot_description.rviz
[0.991s] -- Installing: /home/thundersen48/Projects/waffle/install/waffle/share/waffle/urdf
[0.991s] -- Installing: /home/thundersen48/Projects/waffle/install/waffle/share/waffle/urdf/Robot_sensors.urdf.xacro
[0.991s] -- Installing: /home/thundersen48/Projects/waffle/install/waffle/share/waffle/urdf/Robot.urdf
[0.991s] -- Installing: /home/thundersen48/Projects/waffle/install/waffle/share/waffle/urdf/Robot_wrapper.urdf.xacro
[0.991s] -- Installing: /home/thundersen48/Projects/waffle/install/waffle/share/waffle/config
[0.991s] -- Installing: /home/thundersen48/Projects/waffle/install/waffle/share/waffle/config/Robot_controllers.yaml
[0.992s] -- Installing: /home/thundersen48/Projects/waffle/install/waffle/share/waffle/worlds
[0.992s] -- Installing: /home/thundersen48/Projects/waffle/install/waffle/share/waffle/worlds/cars_and_trees.sdf
[0.992s] -- Installing: /home/thundersen48/Projects/waffle/install/waffle/share/waffle/worlds/empty.sdf
[0.992s] -- Installing: /home/thundersen48/Projects/waffle/install/waffle/share/ament_index/resource_index/package_run_dependencies/waffle
[0.992s] -- Installing: /home/thundersen48/Projects/waffle/install/waffle/share/ament_index/resource_index/parent_prefix_path/waffle
[0.992s] -- Installing: /home/thundersen48/Projects/waffle/install/waffle/share/waffle/environment/ament_prefix_path.sh
[0.992s] -- Installing: /home/thundersen48/Projects/waffle/install/waffle/share/waffle/environment/ament_prefix_path.dsv
[0.992s] -- Installing: /home/thundersen48/Projects/waffle/install/waffle/share/waffle/environment/path.sh
[0.992s] -- Installing: /home/thundersen48/Projects/waffle/install/waffle/share/waffle/environment/path.dsv
[0.992s] -- Installing: /home/thundersen48/Projects/waffle/install/waffle/share/waffle/local_setup.bash
[0.993s] -- Installing: /home/thundersen48/Projects/waffle/install/waffle/share/waffle/local_setup.sh
[0.993s] -- Installing: /home/thundersen48/Projects/waffle/install/waffle/share/waffle/local_setup.zsh
[0.993s] -- Installing: /home/thundersen48/Projects/waffle/install/waffle/share/waffle/local_setup.dsv
[0.993s] -- Installing: /home/thundersen48/Projects/waffle/install/waffle/share/waffle/package.dsv
[0.993s] -- Installing: /home/thundersen48/Projects/waffle/install/waffle/share/ament_index/resource_index/packages/waffle
[0.993s] -- Installing: /home/thundersen48/Projects/waffle/install/waffle/share/waffle/cmake/waffleConfig.cmake
[0.994s] -- Installing: /home/thundersen48/Projects/waffle/install/waffle/share/waffle/cmake/waffleConfig-version.cmake
[0.994s] -- Installing: /home/thundersen48/Projects/waffle/install/waffle/share/waffle/package.xml
[0.994s] Invoked command in '/home/thundersen48/Projects/waffle/build/waffle' returned '0': CMAKE_PREFIX_PATH=${CMAKE_PREFIX_PATH}:/opt/ros/jazzy DEBUGINFOD_URLS=https://debuginfod.ubuntu.com /usr/bin/cmake --install /home/thundersen48/Projects/waffle/build/waffle
