running egg_info
creating ../../build/talker/talker.egg-info
writing ../../build/talker/talker.egg-info/PKG-INFO
writing dependency_links to ../../build/talker/talker.egg-info/dependency_links.txt
writing entry points to ../../build/talker/talker.egg-info/entry_points.txt
writing requirements to ../../build/talker/talker.egg-info/requires.txt
writing top-level names to ../../build/talker/talker.egg-info/top_level.txt
writing manifest file '../../build/talker/talker.egg-info/SOURCES.txt'
reading manifest file '../../build/talker/talker.egg-info/SOURCES.txt'
writing manifest file '../../build/talker/talker.egg-info/SOURCES.txt'
running build
running build_py
creating /home/thundersen48/ros2_ws4/build/talker/build
creating /home/thundersen48/ros2_ws4/build/talker/build/lib
creating /home/thundersen48/ros2_ws4/build/talker/build/lib/talker
copying talker/__init__.py -> /home/thundersen48/ros2_ws4/build/talker/build/lib/talker
copying talker/talker_node.py -> /home/thundersen48/ros2_ws4/build/talker/build/lib/talker
running install
running install_lib
creating /home/thundersen48/ros2_ws4/install/talker/lib/python3.12/site-packages/talker
copying /home/thundersen48/ros2_ws4/build/talker/build/lib/talker/__init__.py -> /home/thundersen48/ros2_ws4/install/talker/lib/python3.12/site-packages/talker
copying /home/thundersen48/ros2_ws4/build/talker/build/lib/talker/talker_node.py -> /home/thundersen48/ros2_ws4/install/talker/lib/python3.12/site-packages/talker
byte-compiling /home/thundersen48/ros2_ws4/install/talker/lib/python3.12/site-packages/talker/__init__.py to __init__.cpython-312.pyc
byte-compiling /home/thundersen48/ros2_ws4/install/talker/lib/python3.12/site-packages/talker/talker_node.py to talker_node.cpython-312.pyc
running install_data
creating /home/thundersen48/ros2_ws4/install/talker/share/ament_index
creating /home/thundersen48/ros2_ws4/install/talker/share/ament_index/resource_index
creating /home/thundersen48/ros2_ws4/install/talker/share/ament_index/resource_index/packages
copying resource/talker -> /home/thundersen48/ros2_ws4/install/talker/share/ament_index/resource_index/packages
copying package.xml -> /home/thundersen48/ros2_ws4/install/talker/share/talker
running install_egg_info
Copying ../../build/talker/talker.egg-info to /home/thundersen48/ros2_ws4/install/talker/lib/python3.12/site-packages/talker-0.0.0-py3.12.egg-info
running install_scripts
Installing talker script to /home/thundersen48/ros2_ws4/install/talker/lib/talker
writing list of installed files to '/home/thundersen48/ros2_ws4/build/talker/install.log'
