[3.153s] Invoking command in '/home/thundersen48/ros2_ws4/src/talker': DEBUGINFOD_URLS=https://debuginfod.ubuntu.com PYTHONPATH=/home/thundersen48/ros2_ws4/build/talker/prefix_override:/usr/lib/python3/dist-packages/colcon_core/task/python/colcon_distutils_commands:/home/thundersen48/ros2_ws4/install/talker/lib/python3.12/site-packages:${PYTHONPATH} /usr/bin/python3 -W ignore:setup.py install is deprecated -W ignore:easy_install command is deprecated setup.py egg_info --egg-base ../../build/talker build --build-base /home/thundersen48/ros2_ws4/build/talker/build install --record /home/thundersen48/ros2_ws4/build/talker/install.log --single-version-externally-managed install_data
[3.832s] running egg_info
[3.832s] creating ../../build/talker/talker.egg-info
[3.888s] writing ../../build/talker/talker.egg-info/PKG-INFO
[3.888s] writing dependency_links to ../../build/talker/talker.egg-info/dependency_links.txt
[3.888s] writing entry points to ../../build/talker/talker.egg-info/entry_points.txt
[3.889s] writing requirements to ../../build/talker/talker.egg-info/requires.txt
[3.889s] writing top-level names to ../../build/talker/talker.egg-info/top_level.txt
[3.889s] writing manifest file '../../build/talker/talker.egg-info/SOURCES.txt'
[4.012s] reading manifest file '../../build/talker/talker.egg-info/SOURCES.txt'
[4.013s] writing manifest file '../../build/talker/talker.egg-info/SOURCES.txt'
[4.013s] running build
[4.014s] running build_py
[4.014s] creating /home/thundersen48/ros2_ws4/build/talker/build
[4.014s] creating /home/thundersen48/ros2_ws4/build/talker/build/lib
[4.014s] creating /home/thundersen48/ros2_ws4/build/talker/build/lib/talker
[4.014s] copying talker/__init__.py -> /home/thundersen48/ros2_ws4/build/talker/build/lib/talker
[4.014s] copying talker/talker_node.py -> /home/thundersen48/ros2_ws4/build/talker/build/lib/talker
[4.015s] running install
[4.032s] running install_lib
[4.086s] creating /home/thundersen48/ros2_ws4/install/talker/lib/python3.12/site-packages/talker
[4.087s] copying /home/thundersen48/ros2_ws4/build/talker/build/lib/talker/__init__.py -> /home/thundersen48/ros2_ws4/install/talker/lib/python3.12/site-packages/talker
[4.088s] copying /home/thundersen48/ros2_ws4/build/talker/build/lib/talker/talker_node.py -> /home/thundersen48/ros2_ws4/install/talker/lib/python3.12/site-packages/talker
[4.088s] byte-compiling /home/thundersen48/ros2_ws4/install/talker/lib/python3.12/site-packages/talker/__init__.py to __init__.cpython-312.pyc
[4.088s] byte-compiling /home/thundersen48/ros2_ws4/install/talker/lib/python3.12/site-packages/talker/talker_node.py to talker_node.cpython-312.pyc
[4.089s] running install_data
[4.089s] creating /home/thundersen48/ros2_ws4/install/talker/share/ament_index
[4.089s] creating /home/thundersen48/ros2_ws4/install/talker/share/ament_index/resource_index
[4.089s] creating /home/thundersen48/ros2_ws4/install/talker/share/ament_index/resource_index/packages
[4.090s] copying resource/talker -> /home/thundersen48/ros2_ws4/install/talker/share/ament_index/resource_index/packages
[4.090s] copying package.xml -> /home/thundersen48/ros2_ws4/install/talker/share/talker
[4.090s] running install_egg_info
[4.146s] Copying ../../build/talker/talker.egg-info to /home/thundersen48/ros2_ws4/install/talker/lib/python3.12/site-packages/talker-0.0.0-py3.12.egg-info
[4.147s] running install_scripts
[4.467s] Installing talker script to /home/thundersen48/ros2_ws4/install/talker/lib/talker
[4.468s] writing list of installed files to '/home/thundersen48/ros2_ws4/build/talker/install.log'
[4.583s] Invoked command in '/home/thundersen48/ros2_ws4/src/talker' returned '0': DEBUGINFOD_URLS=https://debuginfod.ubuntu.com PYTHONPATH=/home/thundersen48/ros2_ws4/build/talker/prefix_override:/usr/lib/python3/dist-packages/colcon_core/task/python/colcon_distutils_commands:/home/thundersen48/ros2_ws4/install/talker/lib/python3.12/site-packages:${PYTHONPATH} /usr/bin/python3 -W ignore:setup.py install is deprecated -W ignore:easy_install command is deprecated setup.py egg_info --egg-base ../../build/talker build --build-base /home/thundersen48/ros2_ws4/build/talker/build install --record /home/thundersen48/ros2_ws4/build/talker/install.log --single-version-externally-managed install_data
