running egg_info
creating ../../build/my_service_client/my_service_client.egg-info
writing ../../build/my_service_client/my_service_client.egg-info/PKG-INFO
writing dependency_links to ../../build/my_service_client/my_service_client.egg-info/dependency_links.txt
writing entry points to ../../build/my_service_client/my_service_client.egg-info/entry_points.txt
writing requirements to ../../build/my_service_client/my_service_client.egg-info/requires.txt
writing top-level names to ../../build/my_service_client/my_service_client.egg-info/top_level.txt
writing manifest file '../../build/my_service_client/my_service_client.egg-info/SOURCES.txt'
reading manifest file '../../build/my_service_client/my_service_client.egg-info/SOURCES.txt'
writing manifest file '../../build/my_service_client/my_service_client.egg-info/SOURCES.txt'
running build
running build_py
creating /home/thundersen48/ros2_ws6/build/my_service_client/build
creating /home/thundersen48/ros2_ws6/build/my_service_client/build/lib
creating /home/thundersen48/ros2_ws6/build/my_service_client/build/lib/my_service_client
copying my_service_client/__init__.py -> /home/thundersen48/ros2_ws6/build/my_service_client/build/lib/my_service_client
copying my_service_client/client_node.py -> /home/thundersen48/ros2_ws6/build/my_service_client/build/lib/my_service_client
running install
running install_lib
creating /home/thundersen48/ros2_ws6/install/my_service_client/lib/python3.12/site-packages/my_service_client
copying /home/thundersen48/ros2_ws6/build/my_service_client/build/lib/my_service_client/__init__.py -> /home/thundersen48/ros2_ws6/install/my_service_client/lib/python3.12/site-packages/my_service_client
copying /home/thundersen48/ros2_ws6/build/my_service_client/build/lib/my_service_client/client_node.py -> /home/thundersen48/ros2_ws6/install/my_service_client/lib/python3.12/site-packages/my_service_client
byte-compiling /home/thundersen48/ros2_ws6/install/my_service_client/lib/python3.12/site-packages/my_service_client/__init__.py to __init__.cpython-312.pyc
byte-compiling /home/thundersen48/ros2_ws6/install/my_service_client/lib/python3.12/site-packages/my_service_client/client_node.py to client_node.cpython-312.pyc
running install_data
creating /home/thundersen48/ros2_ws6/install/my_service_client/share/ament_index
creating /home/thundersen48/ros2_ws6/install/my_service_client/share/ament_index/resource_index
creating /home/thundersen48/ros2_ws6/install/my_service_client/share/ament_index/resource_index/packages
copying resource/my_service_client -> /home/thundersen48/ros2_ws6/install/my_service_client/share/ament_index/resource_index/packages
copying package.xml -> /home/thundersen48/ros2_ws6/install/my_service_client/share/my_service_client
running install_egg_info
Copying ../../build/my_service_client/my_service_client.egg-info to /home/thundersen48/ros2_ws6/install/my_service_client/lib/python3.12/site-packages/my_service_client-0.0.0-py3.12.egg-info
running install_scripts
Installing velocity_client script to /home/thundersen48/ros2_ws6/install/my_service_client/lib/my_service_client
writing list of installed files to '/home/thundersen48/ros2_ws6/build/my_service_client/install.log'
