[3.252s] Invoking command in '/home/thundersen48/ros2_ws6/src/my_service_client': DEBUGINFOD_URLS=https://debuginfod.ubuntu.com PYTHONPATH=/home/thundersen48/ros2_ws6/build/my_service_client/prefix_override:/usr/lib/python3/dist-packages/colcon_core/task/python/colcon_distutils_commands:/home/thundersen48/ros2_ws6/install/my_service_client/lib/python3.12/site-packages:/home/thundersen48/ros2_ws6/install/my_service_interfaces/lib/python3.12/site-packages:/home/thundersen48/ros2_ws6/install/my_service_server/lib/python3.12/site-packages:/opt/ros/jazzy/lib/python3.12/site-packages /usr/bin/python3 -W ignore:setup.py install is deprecated -W ignore:easy_install command is deprecated setup.py egg_info --egg-base ../../build/my_service_client build --build-base /home/thundersen48/ros2_ws6/build/my_service_client/build install --record /home/thundersen48/ros2_ws6/build/my_service_client/install.log --single-version-externally-managed install_data
[3.891s] running egg_info
[3.891s] creating ../../build/my_service_client/my_service_client.egg-info
[3.960s] writing ../../build/my_service_client/my_service_client.egg-info/PKG-INFO
[3.961s] writing dependency_links to ../../build/my_service_client/my_service_client.egg-info/dependency_links.txt
[3.961s] writing entry points to ../../build/my_service_client/my_service_client.egg-info/entry_points.txt
[3.962s] writing requirements to ../../build/my_service_client/my_service_client.egg-info/requires.txt
[3.962s] writing top-level names to ../../build/my_service_client/my_service_client.egg-info/top_level.txt
[3.963s] writing manifest file '../../build/my_service_client/my_service_client.egg-info/SOURCES.txt'
[4.068s] reading manifest file '../../build/my_service_client/my_service_client.egg-info/SOURCES.txt'
[4.070s] writing manifest file '../../build/my_service_client/my_service_client.egg-info/SOURCES.txt'
[4.070s] running build
[4.070s] running build_py
[4.071s] creating /home/thundersen48/ros2_ws6/build/my_service_client/build
[4.071s] creating /home/thundersen48/ros2_ws6/build/my_service_client/build/lib
[4.072s] creating /home/thundersen48/ros2_ws6/build/my_service_client/build/lib/my_service_client
[4.072s] copying my_service_client/__init__.py -> /home/thundersen48/ros2_ws6/build/my_service_client/build/lib/my_service_client
[4.073s] copying my_service_client/client_node.py -> /home/thundersen48/ros2_ws6/build/my_service_client/build/lib/my_service_client
[4.073s] running install
[4.091s] running install_lib
[4.143s] creating /home/thundersen48/ros2_ws6/install/my_service_client/lib/python3.12/site-packages/my_service_client
[4.143s] copying /home/thundersen48/ros2_ws6/build/my_service_client/build/lib/my_service_client/__init__.py -> /home/thundersen48/ros2_ws6/install/my_service_client/lib/python3.12/site-packages/my_service_client
[4.144s] copying /home/thundersen48/ros2_ws6/build/my_service_client/build/lib/my_service_client/client_node.py -> /home/thundersen48/ros2_ws6/install/my_service_client/lib/python3.12/site-packages/my_service_client
[4.145s] byte-compiling /home/thundersen48/ros2_ws6/install/my_service_client/lib/python3.12/site-packages/my_service_client/__init__.py to __init__.cpython-312.pyc
[4.146s] byte-compiling /home/thundersen48/ros2_ws6/install/my_service_client/lib/python3.12/site-packages/my_service_client/client_node.py to client_node.cpython-312.pyc
[4.149s] running install_data
[4.150s] creating /home/thundersen48/ros2_ws6/install/my_service_client/share/ament_index
[4.150s] creating /home/thundersen48/ros2_ws6/install/my_service_client/share/ament_index/resource_index
[4.150s] creating /home/thundersen48/ros2_ws6/install/my_service_client/share/ament_index/resource_index/packages
[4.150s] copying resource/my_service_client -> /home/thundersen48/ros2_ws6/install/my_service_client/share/ament_index/resource_index/packages
[4.150s] copying package.xml -> /home/thundersen48/ros2_ws6/install/my_service_client/share/my_service_client
[4.151s] running install_egg_info
[4.207s] Copying ../../build/my_service_client/my_service_client.egg-info to /home/thundersen48/ros2_ws6/install/my_service_client/lib/python3.12/site-packages/my_service_client-0.0.0-py3.12.egg-info
[4.208s] running install_scripts
[4.520s] Installing velocity_client script to /home/thundersen48/ros2_ws6/install/my_service_client/lib/my_service_client
[4.521s] writing list of installed files to '/home/thundersen48/ros2_ws6/build/my_service_client/install.log'
[4.621s] Invoked command in '/home/thundersen48/ros2_ws6/src/my_service_client' returned '0': DEBUGINFOD_URLS=https://debuginfod.ubuntu.com PYTHONPATH=/home/thundersen48/ros2_ws6/build/my_service_client/prefix_override:/usr/lib/python3/dist-packages/colcon_core/task/python/colcon_distutils_commands:/home/thundersen48/ros2_ws6/install/my_service_client/lib/python3.12/site-packages:/home/thundersen48/ros2_ws6/install/my_service_interfaces/lib/python3.12/site-packages:/home/thundersen48/ros2_ws6/install/my_service_server/lib/python3.12/site-packages:/opt/ros/jazzy/lib/python3.12/site-packages /usr/bin/python3 -W ignore:setup.py install is deprecated -W ignore:easy_install command is deprecated setup.py egg_info --egg-base ../../build/my_service_client build --build-base /home/thundersen48/ros2_ws6/build/my_service_client/build install --record /home/thundersen48/ros2_ws6/build/my_service_client/install.log --single-version-externally-managed install_data
