running egg_info
creating ../../build/listener/listener.egg-info
writing ../../build/listener/listener.egg-info/PKG-INFO
writing dependency_links to ../../build/listener/listener.egg-info/dependency_links.txt
writing entry points to ../../build/listener/listener.egg-info/entry_points.txt
writing requirements to ../../build/listener/listener.egg-info/requires.txt
writing top-level names to ../../build/listener/listener.egg-info/top_level.txt
writing manifest file '../../build/listener/listener.egg-info/SOURCES.txt'
reading manifest file '../../build/listener/listener.egg-info/SOURCES.txt'
writing manifest file '../../build/listener/listener.egg-info/SOURCES.txt'
running build
running build_py
creating /home/thundersen48/ros2_ws4/build/listener/build
creating /home/thundersen48/ros2_ws4/build/listener/build/lib
creating /home/thundersen48/ros2_ws4/build/listener/build/lib/listener
copying listener/__init__.py -> /home/thundersen48/ros2_ws4/build/listener/build/lib/listener
copying listener/listener_node.py -> /home/thundersen48/ros2_ws4/build/listener/build/lib/listener
running install
running install_lib
creating /home/thundersen48/ros2_ws4/install/listener/lib/python3.12/site-packages/listener
copying /home/thundersen48/ros2_ws4/build/listener/build/lib/listener/__init__.py -> /home/thundersen48/ros2_ws4/install/listener/lib/python3.12/site-packages/listener
copying /home/thundersen48/ros2_ws4/build/listener/build/lib/listener/listener_node.py -> /home/thundersen48/ros2_ws4/install/listener/lib/python3.12/site-packages/listener
byte-compiling /home/thundersen48/ros2_ws4/install/listener/lib/python3.12/site-packages/listener/__init__.py to __init__.cpython-312.pyc
byte-compiling /home/thundersen48/ros2_ws4/install/listener/lib/python3.12/site-packages/listener/listener_node.py to listener_node.cpython-312.pyc
running install_data
creating /home/thundersen48/ros2_ws4/install/listener/share/ament_index
creating /home/thundersen48/ros2_ws4/install/listener/share/ament_index/resource_index
creating /home/thundersen48/ros2_ws4/install/listener/share/ament_index/resource_index/packages
copying resource/listener -> /home/thundersen48/ros2_ws4/install/listener/share/ament_index/resource_index/packages
copying package.xml -> /home/thundersen48/ros2_ws4/install/listener/share/listener
running install_egg_info
Copying ../../build/listener/listener.egg-info to /home/thundersen48/ros2_ws4/install/listener/lib/python3.12/site-packages/listener-0.0.0-py3.12.egg-info
running install_scripts
Installing listener script to /home/thundersen48/ros2_ws4/install/listener/lib/listener
writing list of installed files to '/home/thundersen48/ros2_ws4/build/listener/install.log'
