running egg_info
creating ../../build/my_turtle_controller/my_turtle_controller.egg-info
writing ../../build/my_turtle_controller/my_turtle_controller.egg-info/PKG-INFO
writing dependency_links to ../../build/my_turtle_controller/my_turtle_controller.egg-info/dependency_links.txt
writing entry points to ../../build/my_turtle_controller/my_turtle_controller.egg-info/entry_points.txt
writing requirements to ../../build/my_turtle_controller/my_turtle_controller.egg-info/requires.txt
writing top-level names to ../../build/my_turtle_controller/my_turtle_controller.egg-info/top_level.txt
writing manifest file '../../build/my_turtle_controller/my_turtle_controller.egg-info/SOURCES.txt'
reading manifest file '../../build/my_turtle_controller/my_turtle_controller.egg-info/SOURCES.txt'
writing manifest file '../../build/my_turtle_controller/my_turtle_controller.egg-info/SOURCES.txt'
running build
running build_py
creating /home/thundersen48/ros2_ws3/build/my_turtle_controller/build
creating /home/thundersen48/ros2_ws3/build/my_turtle_controller/build/lib
creating /home/thundersen48/ros2_ws3/build/my_turtle_controller/build/lib/my_turtle_controller
copying my_turtle_controller/__init__.py -> /home/thundersen48/ros2_ws3/build/my_turtle_controller/build/lib/my_turtle_controller
copying my_turtle_controller/turtle_mover.py -> /home/thundersen48/ros2_ws3/build/my_turtle_controller/build/lib/my_turtle_controller
running install
running install_lib
creating /home/thundersen48/ros2_ws3/install/my_turtle_controller/lib/python3.12/site-packages/my_turtle_controller
copying /home/thundersen48/ros2_ws3/build/my_turtle_controller/build/lib/my_turtle_controller/__init__.py -> /home/thundersen48/ros2_ws3/install/my_turtle_controller/lib/python3.12/site-packages/my_turtle_controller
copying /home/thundersen48/ros2_ws3/build/my_turtle_controller/build/lib/my_turtle_controller/turtle_mover.py -> /home/thundersen48/ros2_ws3/install/my_turtle_controller/lib/python3.12/site-packages/my_turtle_controller
byte-compiling /home/thundersen48/ros2_ws3/install/my_turtle_controller/lib/python3.12/site-packages/my_turtle_controller/__init__.py to __init__.cpython-312.pyc
byte-compiling /home/thundersen48/ros2_ws3/install/my_turtle_controller/lib/python3.12/site-packages/my_turtle_controller/turtle_mover.py to turtle_mover.cpython-312.pyc
running install_data
creating /home/thundersen48/ros2_ws3/install/my_turtle_controller/share/ament_index
creating /home/thundersen48/ros2_ws3/install/my_turtle_controller/share/ament_index/resource_index
creating /home/thundersen48/ros2_ws3/install/my_turtle_controller/share/ament_index/resource_index/packages
copying resource/my_turtle_controller -> /home/thundersen48/ros2_ws3/install/my_turtle_controller/share/ament_index/resource_index/packages
copying package.xml -> /home/thundersen48/ros2_ws3/install/my_turtle_controller/share/my_turtle_controller
running install_egg_info
Copying ../../build/my_turtle_controller/my_turtle_controller.egg-info to /home/thundersen48/ros2_ws3/install/my_turtle_controller/lib/python3.12/site-packages/my_turtle_controller-0.0.0-py3.12.egg-info
running install_scripts
Installing turtle_mover script to /home/thundersen48/ros2_ws3/install/my_turtle_controller/lib/my_turtle_controller
writing list of installed files to '/home/thundersen48/ros2_ws3/build/my_turtle_controller/install.log'
