[1.630s] Invoking command in '/home/thundersen48/ros2_ws3/src/my_turtle_controller': DEBUGINFOD_URLS=https://debuginfod.ubuntu.com PYTHONPATH=/home/thundersen48/ros2_ws3/build/my_turtle_controller/prefix_override:/usr/lib/python3/dist-packages/colcon_core/task/python/colcon_distutils_commands:/home/thundersen48/ros2_ws3/install/my_turtle_controller/lib/python3.12/site-packages:${PYTHONPATH} /usr/bin/python3 -W ignore:setup.py install is deprecated -W ignore:easy_install command is deprecated setup.py egg_info --egg-base ../../build/my_turtle_controller build --build-base /home/thundersen48/ros2_ws3/build/my_turtle_controller/build install --record /home/thundersen48/ros2_ws3/build/my_turtle_controller/install.log --single-version-externally-managed install_data
[2.015s] running egg_info
[2.016s] creating ../../build/my_turtle_controller/my_turtle_controller.egg-info
[2.052s] writing ../../build/my_turtle_controller/my_turtle_controller.egg-info/PKG-INFO
[2.053s] writing dependency_links to ../../build/my_turtle_controller/my_turtle_controller.egg-info/dependency_links.txt
[2.053s] writing entry points to ../../build/my_turtle_controller/my_turtle_controller.egg-info/entry_points.txt
[2.053s] writing requirements to ../../build/my_turtle_controller/my_turtle_controller.egg-info/requires.txt
[2.053s] writing top-level names to ../../build/my_turtle_controller/my_turtle_controller.egg-info/top_level.txt
[2.053s] writing manifest file '../../build/my_turtle_controller/my_turtle_controller.egg-info/SOURCES.txt'
[2.115s] reading manifest file '../../build/my_turtle_controller/my_turtle_controller.egg-info/SOURCES.txt'
[2.115s] writing manifest file '../../build/my_turtle_controller/my_turtle_controller.egg-info/SOURCES.txt'
[2.116s] running build
[2.116s] running build_py
[2.117s] creating /home/thundersen48/ros2_ws3/build/my_turtle_controller/build
[2.117s] creating /home/thundersen48/ros2_ws3/build/my_turtle_controller/build/lib
[2.118s] creating /home/thundersen48/ros2_ws3/build/my_turtle_controller/build/lib/my_turtle_controller
[2.118s] copying my_turtle_controller/__init__.py -> /home/thundersen48/ros2_ws3/build/my_turtle_controller/build/lib/my_turtle_controller
[2.118s] copying my_turtle_controller/turtle_mover.py -> /home/thundersen48/ros2_ws3/build/my_turtle_controller/build/lib/my_turtle_controller
[2.118s] running install
[2.130s] running install_lib
[2.162s] creating /home/thundersen48/ros2_ws3/install/my_turtle_controller/lib/python3.12/site-packages/my_turtle_controller
[2.162s] copying /home/thundersen48/ros2_ws3/build/my_turtle_controller/build/lib/my_turtle_controller/__init__.py -> /home/thundersen48/ros2_ws3/install/my_turtle_controller/lib/python3.12/site-packages/my_turtle_controller
[2.162s] copying /home/thundersen48/ros2_ws3/build/my_turtle_controller/build/lib/my_turtle_controller/turtle_mover.py -> /home/thundersen48/ros2_ws3/install/my_turtle_controller/lib/python3.12/site-packages/my_turtle_controller
[2.163s] byte-compiling /home/thundersen48/ros2_ws3/install/my_turtle_controller/lib/python3.12/site-packages/my_turtle_controller/__init__.py to __init__.cpython-312.pyc
[2.170s] byte-compiling /home/thundersen48/ros2_ws3/install/my_turtle_controller/lib/python3.12/site-packages/my_turtle_controller/turtle_mover.py to turtle_mover.cpython-312.pyc
[2.171s] running install_data
[2.171s] Sorry: IndentationError: expected an indented block after 'if' statement on line 65 (turtle_mover.py, line 67)
[2.171s] creating /home/thundersen48/ros2_ws3/install/my_turtle_controller/share/ament_index
[2.172s] creating /home/thundersen48/ros2_ws3/install/my_turtle_controller/share/ament_index/resource_index
[2.172s] creating /home/thundersen48/ros2_ws3/install/my_turtle_controller/share/ament_index/resource_index/packages
[2.172s] copying resource/my_turtle_controller -> /home/thundersen48/ros2_ws3/install/my_turtle_controller/share/ament_index/resource_index/packages
[2.172s] copying package.xml -> /home/thundersen48/ros2_ws3/install/my_turtle_controller/share/my_turtle_controller
[2.172s] running install_egg_info
[2.206s] Copying ../../build/my_turtle_controller/my_turtle_controller.egg-info to /home/thundersen48/ros2_ws3/install/my_turtle_controller/lib/python3.12/site-packages/my_turtle_controller-0.0.0-py3.12.egg-info
[2.206s] running install_scripts
[2.413s] Installing turtle_mover script to /home/thundersen48/ros2_ws3/install/my_turtle_controller/lib/my_turtle_controller
[2.414s] writing list of installed files to '/home/thundersen48/ros2_ws3/build/my_turtle_controller/install.log'
[2.488s] Invoked command in '/home/thundersen48/ros2_ws3/src/my_turtle_controller' returned '0': DEBUGINFOD_URLS=https://debuginfod.ubuntu.com PYTHONPATH=/home/thundersen48/ros2_ws3/build/my_turtle_controller/prefix_override:/usr/lib/python3/dist-packages/colcon_core/task/python/colcon_distutils_commands:/home/thundersen48/ros2_ws3/install/my_turtle_controller/lib/python3.12/site-packages:${PYTHONPATH} /usr/bin/python3 -W ignore:setup.py install is deprecated -W ignore:easy_install command is deprecated setup.py egg_info --egg-base ../../build/my_turtle_controller build --build-base /home/thundersen48/ros2_ws3/build/my_turtle_controller/build install --record /home/thundersen48/ros2_ws3/build/my_turtle_controller/install.log --single-version-externally-managed install_data
