[1.235s] Invoking command in '/home/thundersen48/ros2_ws3/src/my_turtle_controller': DEBUGINFOD_URLS=https://debuginfod.ubuntu.com PYTHONPATH=/home/thundersen48/ros2_ws3/build/my_turtle_controller/prefix_override:/usr/lib/python3/dist-packages/colcon_core/task/python/colcon_distutils_commands:/home/thundersen48/ros2_ws3/install/my_turtle_controller/lib/python3.12/site-packages:${PYTHONPATH} /usr/bin/python3 -W ignore:setup.py install is deprecated -W ignore:easy_install command is deprecated setup.py egg_info --egg-base ../../build/my_turtle_controller build --build-base /home/thundersen48/ros2_ws3/build/my_turtle_controller/build install --record /home/thundersen48/ros2_ws3/build/my_turtle_controller/install.log --single-version-externally-managed install_data
[1.616s] running egg_info
[1.649s] writing ../../build/my_turtle_controller/my_turtle_controller.egg-info/PKG-INFO
[1.649s] writing dependency_links to ../../build/my_turtle_controller/my_turtle_controller.egg-info/dependency_links.txt
[1.650s] writing entry points to ../../build/my_turtle_controller/my_turtle_controller.egg-info/entry_points.txt
[1.650s] writing requirements to ../../build/my_turtle_controller/my_turtle_controller.egg-info/requires.txt
[1.650s] writing top-level names to ../../build/my_turtle_controller/my_turtle_controller.egg-info/top_level.txt
[1.712s] reading manifest file '../../build/my_turtle_controller/my_turtle_controller.egg-info/SOURCES.txt'
[1.714s] writing manifest file '../../build/my_turtle_controller/my_turtle_controller.egg-info/SOURCES.txt'
[1.714s] running build
[1.714s] running build_py
[1.714s] copying my_turtle_controller/turtle_mover.py -> /home/thundersen48/ros2_ws3/build/my_turtle_controller/build/lib/my_turtle_controller
[1.715s] running install
[1.725s] running install_lib
[1.756s] copying /home/thundersen48/ros2_ws3/build/my_turtle_controller/build/lib/my_turtle_controller/turtle_mover.py -> /home/thundersen48/ros2_ws3/install/my_turtle_controller/lib/python3.12/site-packages/my_turtle_controller
[1.757s] byte-compiling /home/thundersen48/ros2_ws3/install/my_turtle_controller/lib/python3.12/site-packages/my_turtle_controller/turtle_mover.py to turtle_mover.cpython-312.pyc
[1.757s] running install_data
[1.758s] running install_egg_info
[1.789s] removing '/home/thundersen48/ros2_ws3/install/my_turtle_controller/lib/python3.12/site-packages/my_turtle_controller-0.0.0-py3.12.egg-info' (and everything under it)
[1.789s] Copying ../../build/my_turtle_controller/my_turtle_controller.egg-info to /home/thundersen48/ros2_ws3/install/my_turtle_controller/lib/python3.12/site-packages/my_turtle_controller-0.0.0-py3.12.egg-info
[1.790s] running install_scripts
[1.983s] Installing turtle_mover script to /home/thundersen48/ros2_ws3/install/my_turtle_controller/lib/my_turtle_controller
[1.985s] writing list of installed files to '/home/thundersen48/ros2_ws3/build/my_turtle_controller/install.log'
[2.045s] Invoked command in '/home/thundersen48/ros2_ws3/src/my_turtle_controller' returned '0': DEBUGINFOD_URLS=https://debuginfod.ubuntu.com PYTHONPATH=/home/thundersen48/ros2_ws3/build/my_turtle_controller/prefix_override:/usr/lib/python3/dist-packages/colcon_core/task/python/colcon_distutils_commands:/home/thundersen48/ros2_ws3/install/my_turtle_controller/lib/python3.12/site-packages:${PYTHONPATH} /usr/bin/python3 -W ignore:setup.py install is deprecated -W ignore:easy_install command is deprecated setup.py egg_info --egg-base ../../build/my_turtle_controller build --build-base /home/thundersen48/ros2_ws3/build/my_turtle_controller/build install --record /home/thundersen48/ros2_ws3/build/my_turtle_controller/install.log --single-version-externally-managed install_data
