[0.139s] DEBUG:colcon:Command line arguments: ['/usr/bin/colcon', 'build']
[0.139s] DEBUG:colcon:Parsed command line arguments: Namespace(log_base=None, log_level=None, verb_name='build', build_base='build', install_base='install', merge_install=False, symlink_install=False, test_result_base=None, continue_on_error=False, executor='parallel', parallel_workers=6, event_handlers=None, ignore_user_meta=False, metas=['./colcon.meta'], base_paths=['.'], packages_ignore=None, packages_ignore_regex=None, paths=None, packages_up_to=None, packages_up_to_regex=None, packages_above=None, packages_above_and_dependencies=None, packages_above_depth=None, packages_select_by_dep=None, packages_skip_by_dep=None, packages_skip_up_to=None, packages_select_build_failed=False, packages_skip_build_finished=False, packages_select_test_failures=False, packages_skip_test_passed=False, packages_select=None, packages_skip=None, packages_select_regex=None, packages_skip_regex=None, packages_start=None, packages_end=None, allow_overriding=[], cmake_args=None, cmake_target=None, cmake_target_skip_unavailable=False, cmake_clean_cache=False, cmake_clean_first=False, cmake_force_configure=False, ament_cmake_args=None, catkin_cmake_args=None, catkin_skip_building_tests=False, verb_parser=<colcon_defaults.argument_parser.defaults.DefaultArgumentsDecorator object at 0x78640407b7d0>, verb_extension=<colcon_core.verb.build.BuildVerb object at 0x78640401eff0>, main=<bound method BuildVerb.main of <colcon_core.verb.build.BuildVerb object at 0x78640401eff0>>)
[0.185s] Level 1:colcon.colcon_core.package_discovery:discover_packages(colcon_meta) check parameters
[0.185s] Level 1:colcon.colcon_core.package_discovery:discover_packages(recursive) check parameters
[0.185s] Level 1:colcon.colcon_core.package_discovery:discover_packages(ignore) check parameters
[0.185s] Level 1:colcon.colcon_core.package_discovery:discover_packages(path) check parameters
[0.185s] Level 1:colcon.colcon_core.package_discovery:discover_packages(colcon_meta) discover
[0.185s] Level 1:colcon.colcon_core.package_discovery:discover_packages(recursive) discover
[0.185s] INFO:colcon.colcon_core.package_discovery:Crawling recursively for packages in '/home/thundersen48/Projects/waffle'
[0.185s] Level 1:colcon.colcon_core.package_identification:_identify(.) by extensions ['ignore', 'ignore_ament_install']
[0.185s] Level 1:colcon.colcon_core.package_identification:_identify(.) by extension 'ignore'
[0.185s] Level 1:colcon.colcon_core.package_identification:_identify(.) by extension 'ignore_ament_install'
[0.185s] Level 1:colcon.colcon_core.package_identification:_identify(.) by extensions ['colcon_pkg']
[0.186s] Level 1:colcon.colcon_core.package_identification:_identify(.) by extension 'colcon_pkg'
[0.186s] Level 1:colcon.colcon_core.package_identification:_identify(.) by extensions ['colcon_meta']
[0.186s] Level 1:colcon.colcon_core.package_identification:_identify(.) by extension 'colcon_meta'
[0.186s] Level 1:colcon.colcon_core.package_identification:_identify(.) by extensions ['ros']
[0.186s] Level 1:colcon.colcon_core.package_identification:_identify(.) by extension 'ros'
[0.212s] Level 1:colcon.colcon_core.package_identification:_identify(.) by extensions ['cmake', 'python']
[0.212s] Level 1:colcon.colcon_core.package_identification:_identify(.) by extension 'cmake'
[0.212s] Level 1:colcon.colcon_core.package_identification:_identify(.) by extension 'python'
[0.212s] Level 1:colcon.colcon_core.package_identification:_identify(.) by extensions ['python_setup_py']
[0.212s] Level 1:colcon.colcon_core.package_identification:_identify(.) by extension 'python_setup_py'
[0.212s] Level 1:colcon.colcon_core.package_identification:_identify(build) by extensions ['ignore', 'ignore_ament_install']
[0.212s] Level 1:colcon.colcon_core.package_identification:_identify(build) by extension 'ignore'
[0.212s] Level 1:colcon.colcon_core.package_identification:_identify(build) ignored
[0.212s] Level 1:colcon.colcon_core.package_identification:_identify(install) by extensions ['ignore', 'ignore_ament_install']
[0.212s] Level 1:colcon.colcon_core.package_identification:_identify(install) by extension 'ignore'
[0.212s] Level 1:colcon.colcon_core.package_identification:_identify(install) ignored
[0.212s] Level 1:colcon.colcon_core.package_identification:_identify(log) by extensions ['ignore', 'ignore_ament_install']
[0.212s] Level 1:colcon.colcon_core.package_identification:_identify(log) by extension 'ignore'
[0.213s] Level 1:colcon.colcon_core.package_identification:_identify(log) ignored
[0.213s] Level 1:colcon.colcon_core.package_identification:_identify(overcross) by extensions ['ignore', 'ignore_ament_install']
[0.213s] Level 1:colcon.colcon_core.package_identification:_identify(overcross) by extension 'ignore'
[0.213s] Level 1:colcon.colcon_core.package_identification:_identify(overcross) by extension 'ignore_ament_install'
[0.213s] Level 1:colcon.colcon_core.package_identification:_identify(overcross) by extensions ['colcon_pkg']
[0.213s] Level 1:colcon.colcon_core.package_identification:_identify(overcross) by extension 'colcon_pkg'
[0.213s] Level 1:colcon.colcon_core.package_identification:_identify(overcross) by extensions ['colcon_meta']
[0.213s] Level 1:colcon.colcon_core.package_identification:_identify(overcross) by extension 'colcon_meta'
[0.213s] Level 1:colcon.colcon_core.package_identification:_identify(overcross) by extensions ['ros']
[0.213s] Level 1:colcon.colcon_core.package_identification:_identify(overcross) by extension 'ros'
[0.213s] Level 1:colcon.colcon_core.package_identification:_identify(overcross) by extensions ['cmake', 'python']
[0.213s] Level 1:colcon.colcon_core.package_identification:_identify(overcross) by extension 'cmake'
[0.213s] Level 1:colcon.colcon_core.package_identification:_identify(overcross) by extension 'python'
[0.213s] Level 1:colcon.colcon_core.package_identification:_identify(overcross) by extensions ['python_setup_py']
[0.213s] Level 1:colcon.colcon_core.package_identification:_identify(overcross) by extension 'python_setup_py'
[0.213s] Level 1:colcon.colcon_core.package_identification:_identify(waffle) by extensions ['ignore', 'ignore_ament_install']
[0.213s] Level 1:colcon.colcon_core.package_identification:_identify(waffle) by extension 'ignore'
[0.213s] Level 1:colcon.colcon_core.package_identification:_identify(waffle) by extension 'ignore_ament_install'
[0.213s] Level 1:colcon.colcon_core.package_identification:_identify(waffle) by extensions ['colcon_pkg']
[0.213s] Level 1:colcon.colcon_core.package_identification:_identify(waffle) by extension 'colcon_pkg'
[0.213s] Level 1:colcon.colcon_core.package_identification:_identify(waffle) by extensions ['colcon_meta']
[0.213s] Level 1:colcon.colcon_core.package_identification:_identify(waffle) by extension 'colcon_meta'
[0.213s] Level 1:colcon.colcon_core.package_identification:_identify(waffle) by extensions ['ros']
[0.213s] Level 1:colcon.colcon_core.package_identification:_identify(waffle) by extension 'ros'
[0.216s] DEBUG:colcon.colcon_core.package_identification:Package 'waffle' with type 'ros.ament_cmake' and name 'waffle'
[0.216s] Level 1:colcon.colcon_core.package_discovery:discover_packages(recursive) using defaults
[0.216s] Level 1:colcon.colcon_core.package_discovery:discover_packages(ignore) discover
[0.216s] Level 1:colcon.colcon_core.package_discovery:discover_packages(ignore) using defaults
[0.216s] Level 1:colcon.colcon_core.package_discovery:discover_packages(path) discover
[0.216s] Level 1:colcon.colcon_core.package_discovery:discover_packages(path) using defaults
[0.236s] Level 1:colcon.colcon_core.package_discovery:discover_packages(prefix_path) check parameters
[0.236s] Level 1:colcon.colcon_core.package_discovery:discover_packages(prefix_path) discover
[0.240s] DEBUG:colcon.colcon_installed_package_information.package_discovery:Found 549 installed packages in /opt/ros/jazzy
[0.242s] Level 1:colcon.colcon_core.package_discovery:discover_packages(prefix_path) using defaults
[0.309s] Level 5:colcon.colcon_core.verb:set package 'waffle' build argument 'cmake_args' from command line to 'None'
[0.309s] Level 5:colcon.colcon_core.verb:set package 'waffle' build argument 'cmake_target' from command line to 'None'
[0.309s] Level 5:colcon.colcon_core.verb:set package 'waffle' build argument 'cmake_target_skip_unavailable' from command line to 'False'
[0.309s] Level 5:colcon.colcon_core.verb:set package 'waffle' build argument 'cmake_clean_cache' from command line to 'False'
[0.309s] Level 5:colcon.colcon_core.verb:set package 'waffle' build argument 'cmake_clean_first' from command line to 'False'
[0.309s] Level 5:colcon.colcon_core.verb:set package 'waffle' build argument 'cmake_force_configure' from command line to 'False'
[0.309s] Level 5:colcon.colcon_core.verb:set package 'waffle' build argument 'ament_cmake_args' from command line to 'None'
[0.309s] Level 5:colcon.colcon_core.verb:set package 'waffle' build argument 'catkin_cmake_args' from command line to 'None'
[0.309s] Level 5:colcon.colcon_core.verb:set package 'waffle' build argument 'catkin_skip_building_tests' from command line to 'False'
[0.309s] DEBUG:colcon.colcon_core.verb:Building package 'waffle' with the following arguments: {'ament_cmake_args': None, 'build_base': '/home/thundersen48/Projects/waffle/build/waffle', 'catkin_cmake_args': None, 'catkin_skip_building_tests': False, 'cmake_args': None, 'cmake_clean_cache': False, 'cmake_clean_first': False, 'cmake_force_configure': False, 'cmake_target': None, 'cmake_target_skip_unavailable': False, 'install_base': '/home/thundersen48/Projects/waffle/install/waffle', 'merge_install': False, 'path': '/home/thundersen48/Projects/waffle/waffle', 'symlink_install': False, 'test_result_base': None}
[0.309s] INFO:colcon.colcon_core.executor:Executing jobs using 'parallel' executor
[0.310s] DEBUG:colcon.colcon_parallel_executor.executor.parallel:run_until_complete
[0.310s] INFO:colcon.colcon_ros.task.ament_cmake.build:Building ROS package in '/home/thundersen48/Projects/waffle/waffle' with build type 'ament_cmake'
[0.310s] INFO:colcon.colcon_cmake.task.cmake.build:Building CMake package in '/home/thundersen48/Projects/waffle/waffle'
[0.313s] INFO:colcon.colcon_core.plugin_system:Skipping extension 'colcon_core.shell.bat': Not used on non-Windows systems
[0.313s] INFO:colcon.colcon_core.shell:Skip shell extension 'powershell' for command environment: Not usable outside of PowerShell
[0.313s] DEBUG:colcon.colcon_core.shell:Skip shell extension 'dsv' for command environment
[0.321s] DEBUG:colcon.colcon_core.event_handler.log_command:Invoking command in '/home/thundersen48/Projects/waffle/build/waffle': CMAKE_PREFIX_PATH=${CMAKE_PREFIX_PATH}:/opt/ros/jazzy DEBUGINFOD_URLS=https://debuginfod.ubuntu.com /usr/bin/cmake /home/thundersen48/Projects/waffle/waffle -DCMAKE_INSTALL_PREFIX=/home/thundersen48/Projects/waffle/install/waffle
[1.241s] DEBUG:colcon.colcon_core.event_handler.log_command:Invoked command in '/home/thundersen48/Projects/waffle/build/waffle' returned '0': CMAKE_PREFIX_PATH=${CMAKE_PREFIX_PATH}:/opt/ros/jazzy DEBUGINFOD_URLS=https://debuginfod.ubuntu.com /usr/bin/cmake /home/thundersen48/Projects/waffle/waffle -DCMAKE_INSTALL_PREFIX=/home/thundersen48/Projects/waffle/install/waffle
[1.242s] DEBUG:colcon.colcon_core.event_handler.log_command:Invoking command in '/home/thundersen48/Projects/waffle/build/waffle': CMAKE_PREFIX_PATH=${CMAKE_PREFIX_PATH}:/opt/ros/jazzy DEBUGINFOD_URLS=https://debuginfod.ubuntu.com /usr/bin/cmake --build /home/thundersen48/Projects/waffle/build/waffle -- -j6 -l6
[1.280s] DEBUG:colcon.colcon_core.event_handler.log_command:Invoked command in '/home/thundersen48/Projects/waffle/build/waffle' returned '0': CMAKE_PREFIX_PATH=${CMAKE_PREFIX_PATH}:/opt/ros/jazzy DEBUGINFOD_URLS=https://debuginfod.ubuntu.com /usr/bin/cmake --build /home/thundersen48/Projects/waffle/build/waffle -- -j6 -l6
[1.291s] DEBUG:colcon.colcon_core.event_handler.log_command:Invoking command in '/home/thundersen48/Projects/waffle/build/waffle': CMAKE_PREFIX_PATH=${CMAKE_PREFIX_PATH}:/opt/ros/jazzy DEBUGINFOD_URLS=https://debuginfod.ubuntu.com /usr/bin/cmake --install /home/thundersen48/Projects/waffle/build/waffle
[1.305s] Level 1:colcon.colcon_core.environment:create_environment_scripts_only(waffle)
[1.305s] DEBUG:colcon.colcon_core.event_handler.log_command:Invoked command in '/home/thundersen48/Projects/waffle/build/waffle' returned '0': CMAKE_PREFIX_PATH=${CMAKE_PREFIX_PATH}:/opt/ros/jazzy DEBUGINFOD_URLS=https://debuginfod.ubuntu.com /usr/bin/cmake --install /home/thundersen48/Projects/waffle/build/waffle
[1.308s] Level 1:colcon.colcon_core.environment:checking '/home/thundersen48/Projects/waffle/install/waffle' for CMake module files
[1.308s] Level 1:colcon.colcon_core.environment:checking '/home/thundersen48/Projects/waffle/install/waffle' for CMake config files
[1.309s] Level 1:colcon.colcon_core.shell:create_environment_hook('waffle', 'cmake_prefix_path')
[1.309s] INFO:colcon.colcon_core.shell:Creating environment hook '/home/thundersen48/Projects/waffle/install/waffle/share/waffle/hook/cmake_prefix_path.ps1'
[1.309s] INFO:colcon.colcon_core.shell:Creating environment descriptor '/home/thundersen48/Projects/waffle/install/waffle/share/waffle/hook/cmake_prefix_path.dsv'
[1.310s] INFO:colcon.colcon_core.shell:Creating environment hook '/home/thundersen48/Projects/waffle/install/waffle/share/waffle/hook/cmake_prefix_path.sh'
[1.311s] Level 1:colcon.colcon_core.environment:checking '/home/thundersen48/Projects/waffle/install/waffle/bin'
[1.311s] Level 1:colcon.colcon_core.environment:checking '/home/thundersen48/Projects/waffle/install/waffle/lib/pkgconfig/waffle.pc'
[1.311s] Level 1:colcon.colcon_core.environment:checking '/home/thundersen48/Projects/waffle/install/waffle/lib/python3.12/site-packages'
[1.311s] Level 1:colcon.colcon_core.environment:checking '/home/thundersen48/Projects/waffle/install/waffle/bin'
[1.311s] INFO:colcon.colcon_core.shell:Creating package script '/home/thundersen48/Projects/waffle/install/waffle/share/waffle/package.ps1'
[1.313s] INFO:colcon.colcon_core.shell:Creating package descriptor '/home/thundersen48/Projects/waffle/install/waffle/share/waffle/package.dsv'
[1.313s] INFO:colcon.colcon_core.shell:Creating package script '/home/thundersen48/Projects/waffle/install/waffle/share/waffle/package.sh'
[1.314s] INFO:colcon.colcon_core.shell:Creating package script '/home/thundersen48/Projects/waffle/install/waffle/share/waffle/package.bash'
[1.315s] INFO:colcon.colcon_core.shell:Creating package script '/home/thundersen48/Projects/waffle/install/waffle/share/waffle/package.zsh'
[1.315s] Level 1:colcon.colcon_core.environment:create_file_with_runtime_dependencies(/home/thundersen48/Projects/waffle/install/waffle/share/colcon-core/packages/waffle)
[1.316s] Level 1:colcon.colcon_core.environment:create_environment_scripts_only(waffle)
[1.316s] Level 1:colcon.colcon_core.environment:checking '/home/thundersen48/Projects/waffle/install/waffle' for CMake module files
[1.316s] Level 1:colcon.colcon_core.environment:checking '/home/thundersen48/Projects/waffle/install/waffle' for CMake config files
[1.316s] Level 1:colcon.colcon_core.shell:create_environment_hook('waffle', 'cmake_prefix_path')
[1.316s] INFO:colcon.colcon_core.shell:Creating environment hook '/home/thundersen48/Projects/waffle/install/waffle/share/waffle/hook/cmake_prefix_path.ps1'
[1.317s] INFO:colcon.colcon_core.shell:Creating environment descriptor '/home/thundersen48/Projects/waffle/install/waffle/share/waffle/hook/cmake_prefix_path.dsv'
[1.317s] INFO:colcon.colcon_core.shell:Creating environment hook '/home/thundersen48/Projects/waffle/install/waffle/share/waffle/hook/cmake_prefix_path.sh'
[1.317s] Level 1:colcon.colcon_core.environment:checking '/home/thundersen48/Projects/waffle/install/waffle/bin'
[1.318s] Level 1:colcon.colcon_core.environment:checking '/home/thundersen48/Projects/waffle/install/waffle/lib/pkgconfig/waffle.pc'
[1.318s] Level 1:colcon.colcon_core.environment:checking '/home/thundersen48/Projects/waffle/install/waffle/lib/python3.12/site-packages'
[1.318s] Level 1:colcon.colcon_core.environment:checking '/home/thundersen48/Projects/waffle/install/waffle/bin'
[1.318s] INFO:colcon.colcon_core.shell:Creating package script '/home/thundersen48/Projects/waffle/install/waffle/share/waffle/package.ps1'
[1.319s] INFO:colcon.colcon_core.shell:Creating package descriptor '/home/thundersen48/Projects/waffle/install/waffle/share/waffle/package.dsv'
[1.319s] INFO:colcon.colcon_core.shell:Creating package script '/home/thundersen48/Projects/waffle/install/waffle/share/waffle/package.sh'
[1.319s] INFO:colcon.colcon_core.shell:Creating package script '/home/thundersen48/Projects/waffle/install/waffle/share/waffle/package.bash'
[1.320s] INFO:colcon.colcon_core.shell:Creating package script '/home/thundersen48/Projects/waffle/install/waffle/share/waffle/package.zsh'
[1.320s] Level 1:colcon.colcon_core.environment:create_file_with_runtime_dependencies(/home/thundersen48/Projects/waffle/install/waffle/share/colcon-core/packages/waffle)
[1.320s] DEBUG:colcon.colcon_parallel_executor.executor.parallel:closing loop
[1.321s] DEBUG:colcon.colcon_parallel_executor.executor.parallel:loop closed
[1.321s] DEBUG:colcon.colcon_parallel_executor.executor.parallel:run_until_complete finished with '0'
[1.321s] DEBUG:colcon.colcon_core.event_reactor:joining thread
[1.327s] INFO:colcon.colcon_core.plugin_system:Skipping extension 'colcon_notification.desktop_notification.terminal_notifier': Not used on non-Darwin systems
[1.327s] INFO:colcon.colcon_core.plugin_system:Skipping extension 'colcon_notification.desktop_notification.win32': Not used on non-Windows systems
[1.327s] INFO:colcon.colcon_notification.desktop_notification:Sending desktop notification using 'notify2'
[1.344s] DEBUG:colcon.colcon_core.event_reactor:joined thread
[1.345s] INFO:colcon.colcon_core.shell:Creating prefix script '/home/thundersen48/Projects/waffle/install/local_setup.ps1'
[1.346s] INFO:colcon.colcon_core.shell:Creating prefix util module '/home/thundersen48/Projects/waffle/install/_local_setup_util_ps1.py'
[1.348s] INFO:colcon.colcon_core.shell:Creating prefix chain script '/home/thundersen48/Projects/waffle/install/setup.ps1'
[1.350s] INFO:colcon.colcon_core.shell:Creating prefix script '/home/thundersen48/Projects/waffle/install/local_setup.sh'
[1.351s] INFO:colcon.colcon_core.shell:Creating prefix util module '/home/thundersen48/Projects/waffle/install/_local_setup_util_sh.py'
[1.352s] INFO:colcon.colcon_core.shell:Creating prefix chain script '/home/thundersen48/Projects/waffle/install/setup.sh'
[1.353s] INFO:colcon.colcon_core.shell:Creating prefix script '/home/thundersen48/Projects/waffle/install/local_setup.bash'
[1.354s] INFO:colcon.colcon_core.shell:Creating prefix chain script '/home/thundersen48/Projects/waffle/install/setup.bash'
[1.355s] INFO:colcon.colcon_core.shell:Creating prefix script '/home/thundersen48/Projects/waffle/install/local_setup.zsh'
[1.355s] INFO:colcon.colcon_core.shell:Creating prefix chain script '/home/thundersen48/Projects/waffle/install/setup.zsh'
