[1.546s] Invoking command in '/home/thundersen48/ros2_ws3/src/my_turtle_controller': DEBUGINFOD_URLS=https://debuginfod.ubuntu.com PYTHONPATH=/home/thundersen48/ros2_ws3/build/my_turtle_controller/prefix_override:/usr/lib/python3/dist-packages/colcon_core/task/python/colcon_distutils_commands:/home/thundersen48/ros2_ws3/install/my_turtle_controller/lib/python3.12/site-packages:${PYTHONPATH} /usr/bin/python3 -W ignore:setup.py install is deprecated -W ignore:easy_install command is deprecated setup.py egg_info --egg-base ../../build/my_turtle_controller build --build-base /home/thundersen48/ros2_ws3/build/my_turtle_controller/build install --record /home/thundersen48/ros2_ws3/build/my_turtle_controller/install.log --single-version-externally-managed install_data
[1.939s] running egg_info
[1.970s] writing ../../build/my_turtle_controller/my_turtle_controller.egg-info/PKG-INFO
[1.977s] writing dependency_links to ../../build/my_turtle_controller/my_turtle_controller.egg-info/dependency_links.txt
[1.977s] writing entry points to ../../build/my_turtle_controller/my_turtle_controller.egg-info/entry_points.txt
[1.977s] writing requirements to ../../build/my_turtle_controller/my_turtle_controller.egg-info/requires.txt
[1.978s] writing top-level names to ../../build/my_turtle_controller/my_turtle_controller.egg-info/top_level.txt
[2.040s] reading manifest file '../../build/my_turtle_controller/my_turtle_controller.egg-info/SOURCES.txt'
[2.041s] writing manifest file '../../build/my_turtle_controller/my_turtle_controller.egg-info/SOURCES.txt'
[2.041s] running build
[2.041s] running build_py
[2.042s] running install
[2.053s] running install_lib
[2.085s] running install_data
[2.086s] running install_egg_info
[2.121s] removing '/home/thundersen48/ros2_ws3/install/my_turtle_controller/lib/python3.12/site-packages/my_turtle_controller-0.0.0-py3.12.egg-info' (and everything under it)
[2.122s] Copying ../../build/my_turtle_controller/my_turtle_controller.egg-info to /home/thundersen48/ros2_ws3/install/my_turtle_controller/lib/python3.12/site-packages/my_turtle_controller-0.0.0-py3.12.egg-info
[2.123s] running install_scripts
[2.319s] Installing turtle_mover script to /home/thundersen48/ros2_ws3/install/my_turtle_controller/lib/my_turtle_controller
[2.320s] writing list of installed files to '/home/thundersen48/ros2_ws3/build/my_turtle_controller/install.log'
[2.383s] Invoked command in '/home/thundersen48/ros2_ws3/src/my_turtle_controller' returned '0': DEBUGINFOD_URLS=https://debuginfod.ubuntu.com PYTHONPATH=/home/thundersen48/ros2_ws3/build/my_turtle_controller/prefix_override:/usr/lib/python3/dist-packages/colcon_core/task/python/colcon_distutils_commands:/home/thundersen48/ros2_ws3/install/my_turtle_controller/lib/python3.12/site-packages:${PYTHONPATH} /usr/bin/python3 -W ignore:setup.py install is deprecated -W ignore:easy_install command is deprecated setup.py egg_info --egg-base ../../build/my_turtle_controller build --build-base /home/thundersen48/ros2_ws3/build/my_turtle_controller/build install --record /home/thundersen48/ros2_ws3/build/my_turtle_controller/install.log --single-version-externally-managed install_data
