[2.581s] Invoking command in '/home/thundersen48/ros2_ws4/src/talker': DEBUGINFOD_URLS=https://debuginfod.ubuntu.com PYTHONPATH=/home/thundersen48/ros2_ws4/build/talker/prefix_override:/usr/lib/python3/dist-packages/colcon_core/task/python/colcon_distutils_commands:/home/thundersen48/ros2_ws4/install/talker/lib/python3.12/site-packages:${PYTHONPATH} /usr/bin/python3 -W ignore:setup.py install is deprecated -W ignore:easy_install command is deprecated setup.py egg_info --egg-base ../../build/talker build --build-base /home/thundersen48/ros2_ws4/build/talker/build install --record /home/thundersen48/ros2_ws4/build/talker/install.log --single-version-externally-managed install_data
[3.259s] running egg_info
[3.318s] writing ../../build/talker/talker.egg-info/PKG-INFO
[3.319s] writing dependency_links to ../../build/talker/talker.egg-info/dependency_links.txt
[3.320s] writing entry points to ../../build/talker/talker.egg-info/entry_points.txt
[3.320s] writing requirements to ../../build/talker/talker.egg-info/requires.txt
[3.320s] writing top-level names to ../../build/talker/talker.egg-info/top_level.txt
[3.429s] reading manifest file '../../build/talker/talker.egg-info/SOURCES.txt'
[3.431s] writing manifest file '../../build/talker/talker.egg-info/SOURCES.txt'
[3.432s] running build
[3.432s] running build_py
[3.433s] running install
[3.452s] running install_lib
[3.511s] running install_data
[3.511s] running install_egg_info
[3.570s] removing '/home/thundersen48/ros2_ws4/install/talker/lib/python3.12/site-packages/talker-0.0.0-py3.12.egg-info' (and everything under it)
[3.571s] Copying ../../build/talker/talker.egg-info to /home/thundersen48/ros2_ws4/install/talker/lib/python3.12/site-packages/talker-0.0.0-py3.12.egg-info
[3.572s] running install_scripts
[3.910s] Installing talker script to /home/thundersen48/ros2_ws4/install/talker/lib/talker
[3.910s] writing list of installed files to '/home/thundersen48/ros2_ws4/build/talker/install.log'
[4.014s] Invoked command in '/home/thundersen48/ros2_ws4/src/talker' returned '0': DEBUGINFOD_URLS=https://debuginfod.ubuntu.com PYTHONPATH=/home/thundersen48/ros2_ws4/build/talker/prefix_override:/usr/lib/python3/dist-packages/colcon_core/task/python/colcon_distutils_commands:/home/thundersen48/ros2_ws4/install/talker/lib/python3.12/site-packages:${PYTHONPATH} /usr/bin/python3 -W ignore:setup.py install is deprecated -W ignore:easy_install command is deprecated setup.py egg_info --egg-base ../../build/talker build --build-base /home/thundersen48/ros2_ws4/build/talker/build install --record /home/thundersen48/ros2_ws4/build/talker/install.log --single-version-externally-managed install_data
